Archive member included because of file (symbol)

C:\Users\user\git\libsccc\lib\libsccc-d-2016-inno.a(startup-d-2016-inno.o)
                              (__thumb_startup)
C:\Users\user\git\libsccc\lib\libsccc-d-2016-inno.a(system-d-2016-inno.o)
                              C:\Users\user\git\libsccc\lib\libsccc-d-2016-inno.a(startup-d-2016-inno.o) (SystemInit)
C:\Users\user\git\libsccc\lib\libsccc-d-2016-inno.a(fpu-d-2016-inno.o)
                              C:\Users\user\git\libsccc\lib\libsccc-d-2016-inno.a(system-d-2016-inno.o) (LibbaseK60FpuInit)
C:\Users\user\git\libsccc\lib\libsccc-d-2016-inno.a(mcg-d-2016-inno.o)
                              obj/main-d-2016-inno.o (libbase::k60::Mcg::Config::Config())
C:\Users\user\git\libsccc\lib\libsccc-d-2016-inno.a(watchdog-d-2016-inno.o)
                              C:\Users\user\git\libsccc\lib\libsccc-d-2016-inno.a(startup-d-2016-inno.o) (LibbaseK60WatchdogInit)
C:\Users\user\git\libsccc\lib\libsccc-d-2016-inno.a(st7735r-d-2016-inno.o)
                              obj/main-d-2016-inno.o (libsc::St7735r::St7735r(libsc::St7735r::Config const&))
C:\Users\user\git\libsccc\lib\libsccc-d-2016-inno.a(tsl1401cl-d-2016-inno.o)
                              obj/main-d-2016-inno.o (libsc::Tsl1401cl::Tsl1401cl(unsigned char))
C:\Users\user\git\libsccc\lib\libsccc-d-2016-inno.a(system-d-2016-inno.o)
                              obj/main-d-2016-inno.o (libsc::System::Init())
C:\Users\user\git\libsccc\lib\libsccc-d-2016-inno.a(assert-d-2016-inno.o)
                              C:\Users\user\git\libsccc\lib\libsccc-d-2016-inno.a(mcg-d-2016-inno.o) (__assert_func)
C:\Users\user\git\libsccc\lib\libsccc-d-2016-inno.a(syscall-d-2016-inno.o)
                              C:\Users\user\git\libsccc\lib\libsccc-d-2016-inno.a(startup-d-2016-inno.o) (KeepSyscallSymbols)
C:\Users\user\git\libsccc\lib\libsccc-d-2016-inno.a(vectors-d-2016-inno.o)
                              C:\Users\user\git\libsccc\lib\libsccc-d-2016-inno.a(system-d-2016-inno.o) (InitVectorTable)
C:\Users\user\git\libsccc\lib\libsccc-d-2016-inno.a(adc-d-2016-inno.o)
                              C:\Users\user\git\libsccc\lib\libsccc-d-2016-inno.a(tsl1401cl-d-2016-inno.o) (libbase::k60::Adc::Adc(libbase::k60::Adc::Config const&))
C:\Users\user\git\libsccc\lib\libsccc-d-2016-inno.a(cache-d-2016-inno.o)
                              C:\Users\user\git\libsccc\lib\libsccc-d-2016-inno.a(system-d-2016-inno.o) (libbase::k60::Cache::Cache())
C:\Users\user\git\libsccc\lib\libsccc-d-2016-inno.a(clock_utils-d-2016-inno.o)
                              C:\Users\user\git\libsccc\lib\libsccc-d-2016-inno.a(adc-d-2016-inno.o) (libbase::k60::ClockUtils::GetBusClockKhz())
C:\Users\user\git\libsccc\lib\libsccc-d-2016-inno.a(dwt-d-2016-inno.o)
                              C:\Users\user\git\libsccc\lib\libsccc-d-2016-inno.a(system-d-2016-inno.o) (libbase::k60::Dwt::DelayUs(unsigned short))
C:\Users\user\git\libsccc\lib\libsccc-d-2016-inno.a(gpio-d-2016-inno.o)
                              C:\Users\user\git\libsccc\lib\libsccc-d-2016-inno.a(st7735r-d-2016-inno.o) (libbase::k60::Gpo::Set(bool))
C:\Users\user\git\libsccc\lib\libsccc-d-2016-inno.a(pin-d-2016-inno.o)
                              C:\Users\user\git\libsccc\lib\libsccc-d-2016-inno.a(adc-d-2016-inno.o) (libbase::k60::Pin::Pin(libbase::k60::Pin::Config const&))
C:\Users\user\git\libsccc\lib\libsccc-d-2016-inno.a(pin_isr_manager-d-2016-inno.o)
                              C:\Users\user\git\libsccc\lib\libsccc-d-2016-inno.a(gpio-d-2016-inno.o) (libbase::k60::PinIsrManager::GetInstance())
C:\Users\user\git\libsccc\lib\libsccc-d-2016-inno.a(sim-d-2016-inno.o)
                              C:\Users\user\git\libsccc\lib\libsccc-d-2016-inno.a(adc-d-2016-inno.o) (libbase::k60::Sim::SetEnableClockGate(libbase::k60::Sim::ClockGate, bool))
C:\Users\user\git\libsccc\lib\libsccc-d-2016-inno.a(spi_master-d-2016-inno.o)
                              C:\Users\user\git\libsccc\lib\libsccc-d-2016-inno.a(st7735r-d-2016-inno.o) (libbase::k60::SpiMaster::SpiMaster(libbase::k60::SpiMaster::Config const&))
C:\Users\user\git\libsccc\lib\libsccc-d-2016-inno.a(spi_utils-d-2016-inno.o)
                              C:\Users\user\git\libsccc\lib\libsccc-d-2016-inno.a(spi_master-d-2016-inno.o) (libbase::k60::SpiUtils::GetCsNumber(libbase::k60::Pin::Name))
C:\Users\user\git\libsccc\lib\libsccc-d-2016-inno.a(sys_tick_timer-d-2016-inno.o)
                              C:\Users\user\git\libsccc\lib\libsccc-d-2016-inno.a(system-d-2016-inno.o) (libsc::SysTickTimer::SysTickTimer())
C:\Users\user\git\libsccc\lib\libsccc-d-2016-inno.a(endian_utils-d-2016-inno.o)
                              C:\Users\user\git\libsccc\lib\libsccc-d-2016-inno.a(sim-d-2016-inno.o) (libutil::EndianUtils::IsBigEndian())
C:\Users\user\git\libsccc\lib\libsccc-d-2016-inno.a(string-d-2016-inno.o)
[...]
Memory Configuration

Name             Origin             Length             Attributes
m_interrupts     0x00000000         0x000001e8         xr
m_text           0x00000410         0x0007fbf0         xr
m_data           0x1fff0000         0x00010000         rw
m_data_20000000  0x20000000         0x00010000         rw
m_cfmprotrom     0x00000400         0x00000010         xr
*default*        0x00000000         0xffffffff

Linker script and memory map

LOAD c:/users/user/desktop/robotics/gcc-arm-none-eabi-4_8-2014q3/bin/../lib/gcc/arm-none-eabi/4.8.4/armv7e-m/fpu/crti.o
LOAD c:/users/user/desktop/robotics/gcc-arm-none-eabi-4_8-2014q3/bin/../lib/gcc/arm-none-eabi/4.8.4/armv7e-m/fpu/crtbegin.o
LOAD c:/users/user/desktop/robotics/gcc-arm-none-eabi-4_8-2014q3/bin/../lib/gcc/arm-none-eabi/4.8.4/../../../../arm-none-eabi/lib/armv7e-m/fpu/crt0.o
LOAD obj/main-d-2016-inno.o
LOAD C:\Users\user\git\libsccc\lib\libsccc-d-2016-inno.a
LOAD c:/users/user/desktop/robotics/gcc-arm-none-eabi-4_8-2014q3/bin/../lib/gcc/arm-none-eabi/4.8.4/../../../../arm-none-eabi/lib/armv7e-m/fpu\libstdc++_s.a
LOAD c:/users/user/desktop/robotics/gcc-arm-none-eabi-4_8-2014q3/bin/../lib/gcc/arm-none-eabi/4.8.4/../../../../arm-none-eabi/lib/armv7e-m/fpu\libm.a
START GROUP
LOAD c:/users/user/desktop/robotics/gcc-arm-none-eabi-4_8-2014q3/bin/../lib/gcc/arm-none-eabi/4.8.4/armv7e-m/fpu\libgcc.a
LOAD c:/users/user/desktop/robotics/gcc-arm-none-eabi-4_8-2014q3/bin/../lib/gcc/arm-none-eabi/4.8.4/../../../../arm-none-eabi/lib/armv7e-m/fpu\libc_s.a
END GROUP
START GROUP
LOAD c:/users/user/desktop/robotics/gcc-arm-none-eabi-4_8-2014q3/bin/../lib/gcc/arm-none-eabi/4.8.4/armv7e-m/fpu\libgcc.a
LOAD c:/users/user/desktop/robotics/gcc-arm-none-eabi-4_8-2014q3/bin/../lib/gcc/arm-none-eabi/4.8.4/../../../../arm-none-eabi/lib/armv7e-m/fpu\libc_s.a
END GROUP
LOAD c:/users/user/desktop/robotics/gcc-arm-none-eabi-4_8-2014q3/bin/../lib/gcc/arm-none-eabi/4.8.4/armv7e-m/fpu/crtend.o
LOAD c:/users/user/desktop/robotics/gcc-arm-none-eabi-4_8-2014q3/bin/../lib/gcc/arm-none-eabi/4.8.4/armv7e-m/fpu/crtn.o
                0x20000000                _estack = 0x20000000
                0x20000000                __SP_INIT = _estack
                0x00009000                __heap_size = 0x9000
                0x00001000                __stack_size = 0x1000

.interrupts     0x00000000      0x1e8
                0x00000000                __vector_table = .
                0x00000000                . = ALIGN (0x4)
 *(.vectortable)
 .vectortable   0x00000000      0x1e8 C:\Users\user\git\libsccc\lib\libsccc-d-2016-inno.a(vectors-d-2016-inno.o)
                0x00000000                __vect_table
                0x000001e8                . = ALIGN (0x4)

.cfmprotect     0x00000400       0x10
                0x00000400                . = ALIGN (0x4)
 *(.cfmconfig)
 .cfmconfig     0x00000400       0x10 C:\Users\user\git\libsccc\lib\libsccc-d-2016-inno.a(system-d-2016-inno.o)
                0x00000400                _cfm
                0x00000410                . = ALIGN (0x4)

.text           0x00000410    0x12fa4
                0x00000410                . = ALIGN (0x4)
 *(.text)
 .text          0x00000410       0x54 c:/users/user/desktop/robotics/gcc-arm-none-eabi-4_8-2014q3/bin/../lib/gcc/arm-none-eabi/4.8.4/armv7e-m/fpu/crtbegin.o
 .text          0x00000464     0x5784 c:/users/user/desktop/robotics/gcc-arm-none-eabi-4_8-2014q3/bin/../lib/gcc/arm-none-eabi/4.8.4/../../../../arm-none-eabi/lib/armv7e-m/fpu\libstdc++_s.a(cp-demangle.o)
                0x00005b08                __cxa_demangle
                0x00005bcc                __gcclibcxx_demangle_callback
 .text          0x00005be8       0x2c c:/users/user/desktop/robotics/gcc-arm-none-eabi-4_8-2014q3/bin/../lib/gcc/arm-none-eabi/4.8.4/armv7e-m/fpu\libgcc.a(_aeabi_uldivmod.o)
                0x00005be8                __aeabi_uldivmod
 .text          0x00005c14       0x60 c:/users/user/desktop/robotics/gcc-arm-none-eabi-4_8-2014q3/bin/../lib/gcc/arm-none-eabi/4.8.4/armv7e-m/fpu\libgcc.a(bpabi.o)
                0x00005c14                __gnu_ldivmod_helper
                0x00005c44                __gnu_uldivmod_helper
 .text          0x00005c74        0x4 c:/users/user/desktop/robotics/gcc-arm-none-eabi-4_8-2014q3/bin/../lib/gcc/arm-none-eabi/4.8.4/armv7e-m/fpu\libgcc.a(_dvmd_tls.o)
                0x00005c74                __aeabi_idiv0
                0x00005c74                __aeabi_ldiv0
 .text          0x00005c78      0x298 c:/users/user/desktop/robotics/gcc-arm-none-eabi-4_8-2014q3/bin/../lib/gcc/arm-none-eabi/4.8.4/armv7e-m/fpu\libgcc.a(_divdi3.o)
                0x00005c78                __divdi3
 .text          0x00005f10      0x284 c:/users/user/desktop/robotics/gcc-arm-none-eabi-4_8-2014q3/bin/../lib/gcc/arm-none-eabi/4.8.4/armv7e-m/fpu\libgcc.a(_udivdi3.o)
                0x00005f10                __udivdi3
 .text          0x00006194       0x14 c:/users/user/desktop/robotics/gcc-arm-none-eabi-4_8-2014q3/bin/../lib/gcc/arm-none-eabi/4.8.4/../../../../arm-none-eabi/lib/armv7e-m/fpu\libc_s.a(lib_a-strcmp.o)
                0x00006194                strcmp
 .text          0x000061a8      0x370 c:/users/user/desktop/robotics/gcc-arm-none-eabi-4_8-2014q3/bin/../lib/gcc/arm-none-eabi/4.8.4/armv7e-m/fpu\libgcc.a(_arm_addsubdf3.o)
                0x000061a8                __aeabi_drsub
                0x000061b0                __aeabi_dsub
                0x000061b0                __subdf3
                0x000061b4                __aeabi_dadd
                0x000061b4                __adddf3
                0x0000642c                __floatunsidf
                0x0000642c                __aeabi_ui2d
                0x0000644c                __floatsidf
                0x0000644c                __aeabi_i2d
                0x00006470                __aeabi_f2d
                0x00006470                __extendsfdf2
                0x000064ac                __floatundidf
                0x000064ac                __aeabi_ul2d
                0x000064bc                __floatdidf
                0x000064bc                __aeabi_l2d
 .text          0x00006518      0x424 c:/users/user/desktop/robotics/gcc-arm-none-eabi-4_8-2014q3/bin/../lib/gcc/arm-none-eabi/4.8.4/armv7e-m/fpu\libgcc.a(_arm_muldivdf3.o)
                0x00006518                __aeabi_dmul
                0x00006518                __muldf3
                0x0000676c                __divdf3
                0x0000676c                __aeabi_ddiv
 .text          0x0000693c      0x110 c:/users/user/desktop/robotics/gcc-arm-none-eabi-4_8-2014q3/bin/../lib/gcc/arm-none-eabi/4.8.4/armv7e-m/fpu\libgcc.a(_arm_cmpdf2.o)
                0x0000693c                __gtdf2
                0x0000693c                __gedf2
                0x00006944                __ltdf2
                0x00006944                __ledf2
                0x0000694c                __nedf2
                0x0000694c                __eqdf2
                0x0000694c                __cmpdf2
                0x000069c8                __aeabi_cdrcmple
                0x000069d8                __aeabi_cdcmpeq
                0x000069d8                __aeabi_cdcmple
                0x000069e8                __aeabi_dcmpeq
                0x000069fc                __aeabi_dcmplt
                0x00006a10                __aeabi_dcmple
                0x00006a24                __aeabi_dcmpge
                0x00006a38                __aeabi_dcmpgt
 .text          0x00006a4c       0x50 c:/users/user/desktop/robotics/gcc-arm-none-eabi-4_8-2014q3/bin/../lib/gcc/arm-none-eabi/4.8.4/armv7e-m/fpu\libgcc.a(_arm_fixdfsi.o)
                0x00006a4c                __aeabi_d2iz
                0x00006a4c                __fixdfsi
 *(.text*)
 .text._ZN5libsc3Lcd4RectC2Ejjjj
                0x00006a9c       0x34 obj/main-d-2016-inno.o
                0x00006a9c                libsc::Lcd::Rect::Rect(unsigned int, unsigned int, unsigned int, unsigned int)
                0x00006a9c                libsc::Lcd::Rect::Rect(unsigned int, unsigned int, unsigned int, unsigned int)
 .text._ZNK5libsc9Tsl1401cl7GetDataEv
                0x00006ad0       0x18 obj/main-d-2016-inno.o
                0x00006ad0                libsc::Tsl1401cl::GetData() const
 .text._ZN7libbase3k603Mcg12GetMcgConfigEv
                0x00006ae8       0x2c obj/main-d-2016-inno.o
                0x00006ae8                libbase::k60::Mcg::GetMcgConfig()
 .text.main     0x00006b14       0x84 obj/main-d-2016-inno.o
                0x00006b14                main
 .text._Z4initR13peripherals_t
                0x00006b98       0x50 obj/main-d-2016-inno.o
                0x00006b98                init(peripherals_t&)
 .text._Z17print_scan_resultR13peripherals_tSt5arrayItLj128EE
                0x00006be8       0xa4 obj/main-d-2016-inno.o
                0x00006be8                print_scan_result(peripherals_t&, std::array<unsigned short, 128u>)
 .text._ZNSt14__array_traitsItLj128EE6_S_refERA128_Ktj
                0x00006c8c       0x20 obj/main-d-2016-inno.o
                0x00006c8c                std::__array_traits<unsigned short, 128u>::_S_ref(unsigned short const (&) [128], unsigned int)
 .text._ZNSt5arrayItLj128EEixEj
                0x00006cac       0x20 obj/main-d-2016-inno.o
                0x00006cac                std::array<unsigned short, 128u>::operator[](unsigned int)
 .text.__flush_cache
                0x00006ccc       0x14 C:\Users\user\git\libsccc\lib\libsccc-d-2016-inno.a(startup-d-2016-inno.o)
 .text.__copy_rom_section
                0x00006ce0       0xc0 C:\Users\user\git\libsccc\lib\libsccc-d-2016-inno.a(startup-d-2016-inno.o)
 .text.__copy_rom_sections_to_ram
                0x00006da0       0xd0 C:\Users\user\git\libsccc\lib\libsccc-d-2016-inno.a(startup-d-2016-inno.o)
 .text.zero_fill_bss
                0x00006e70       0x98 C:\Users\user\git\libsccc\lib\libsccc-d-2016-inno.a(startup-d-2016-inno.o)
 .text.__thumb_startup
                0x00006f08       0x48 C:\Users\user\git\libsccc\lib\libsccc-d-2016-inno.a(startup-d-2016-inno.o)
                0x00006f08                __thumb_startup
 .text.SystemInit
                0x00006f50       0x18 C:\Users\user\git\libsccc\lib\libsccc-d-2016-inno.a(system-d-2016-inno.o)
                0x00006f50                SystemInit
 .text._ZN7libbase3k603Fpu3GetEv
                0x00006f68       0x40 C:\Users\user\git\libsccc\lib\libsccc-d-2016-inno.a(fpu-d-2016-inno.o)
                0x00006f68                libbase::k60::Fpu::Get()
 .text._ZN7libbase3k603FpuC2Ev
                0x00006fa8       0x18 C:\Users\user\git\libsccc\lib\libsccc-d-2016-inno.a(fpu-d-2016-inno.o)
                0x00006fa8                libbase::k60::Fpu::Fpu()
                0x00006fa8                libbase::k60::Fpu::Fpu()
 .text._ZN7libbase3k603Fpu4InitEv
                0x00006fc0       0x44 C:\Users\user\git\libsccc\lib\libsccc-d-2016-inno.a(fpu-d-2016-inno.o)
                0x00006fc0                libbase::k60::Fpu::Init()
 .text._ZN7libbase3k603Fpu9InitFpccrERKNS1_6ConfigE
                0x00007004       0x60 C:\Users\user\git\libsccc\lib\libsccc-d-2016-inno.a(fpu-d-2016-inno.o)
                0x00007004                libbase::k60::Fpu::InitFpccr(libbase::k60::Fpu::Config const&)
 .text._ZN7libbase3k603Fpu10InitFpdscrERKNS1_6ConfigE
                0x00007064       0x54 C:\Users\user\git\libsccc\lib\libsccc-d-2016-inno.a(fpu-d-2016-inno.o)
                0x00007064                libbase::k60::Fpu::InitFpdscr(libbase::k60::Fpu::Config const&)
 .text._ZN7libbase3k603Fpu6ConfigC2Ev
                0x000070b8       0x28 C:\Users\user\git\libsccc\lib\libsccc-d-2016-inno.a(fpu-d-2016-inno.o)
                0x000070b8                libbase::k60::Fpu::Config::Config()
                0x000070b8                libbase::k60::Fpu::Config::Config()
 .text._ZN7libbase3k603Fpu12GetFpuConfigEv
                0x000070e0       0x28 C:\Users\user\git\libsccc\lib\libsccc-d-2016-inno.a(fpu-d-2016-inno.o)
                0x000070e0                libbase::k60::Fpu::GetFpuConfig()
 .text.LibbaseK60FpuInit
                0x00007108       0x14 C:\Users\user\git\libsccc\lib\libsccc-d-2016-inno.a(fpu-d-2016-inno.o)
                0x00007108                LibbaseK60FpuInit
 .text._ZN7libbase3k603Mcg3GetEv
                0x0000711c       0x40 C:\Users\user\git\libsccc\lib\libsccc-d-2016-inno.a(mcg-d-2016-inno.o)
                0x0000711c                libbase::k60::Mcg::Get()
 .text._ZN7libbase3k603Mcg12GetCoreClockEv
                0x0000715c       0x18 C:\Users\user\git\libsccc\lib\libsccc-d-2016-inno.a(mcg-d-2016-inno.o)
                0x0000715c                libbase::k60::Mcg::GetCoreClock()
 .text._ZN7libbase3k6012_GLOBAL__N_112GetFreqRangeEm
                0x00007174       0x50 C:\Users\user\git\libsccc\lib\libsccc-d-2016-inno.a(mcg-d-2016-inno.o)
 .text._ZNK7libbase3k6012_GLOBAL__N_114FllDividerCalc8GetFrdivEv
                0x000071c4       0x18 C:\Users\user\git\libsccc\lib\libsccc-d-2016-inno.a(mcg-d-2016-inno.o)
 .text._ZN7libbase3k6012_GLOBAL__N_114FllDividerCalc4CalcEm
                0x000071dc       0xe8 C:\Users\user\git\libsccc\lib\libsccc-d-2016-inno.a(mcg-d-2016-inno.o)
 .text._ZNK7libbase3k6012_GLOBAL__N_114PllDividerCalc8GetPrdivEv
                0x000072c4       0x18 C:\Users\user\git\libsccc\lib\libsccc-d-2016-inno.a(mcg-d-2016-inno.o)
 .text._ZNK7libbase3k6012_GLOBAL__N_114PllDividerCalc7GetVdivEv
                0x000072dc       0x18 C:\Users\user\git\libsccc\lib\libsccc-d-2016-inno.a(mcg-d-2016-inno.o)
 .text._ZNK7libbase3k6012_GLOBAL__N_114PllDividerCalc12GetCoreClockEv
                0x000072f4       0x18 C:\Users\user\git\libsccc\lib\libsccc-d-2016-inno.a(mcg-d-2016-inno.o)
 .text._ZN7libbase3k6012_GLOBAL__N_114PllDividerCalc4CalcEmm
                0x0000730c      0x104 C:\Users\user\git\libsccc\lib\libsccc-d-2016-inno.a(mcg-d-2016-inno.o)
 .text._ZN7libbase3k603Mcg6ConfigC2Ev
                0x00007410       0x40 C:\Users\user\git\libsccc\lib\libsccc-d-2016-inno.a(mcg-d-2016-inno.o)
                0x00007410                libbase::k60::Mcg::Config::Config()
                0x00007410                libbase::k60::Mcg::Config::Config()
 .text._ZN7libbase3k603McgC2Ev
                0x00007450       0x1c C:\Users\user\git\libsccc\lib\libsccc-d-2016-inno.a(mcg-d-2016-inno.o)
                0x00007450                libbase::k60::Mcg::Mcg()
                0x00007450                libbase::k60::Mcg::Mcg()
 .text._ZN7libbase3k603Mcg4InitEv
                0x0000746c       0xc8 C:\Users\user\git\libsccc\lib\libsccc-d-2016-inno.a(mcg-d-2016-inno.o)
                0x0000746c                libbase::k60::Mcg::Init()
 .text._ZN7libbase3k603Mcg7InitFbeERKNS1_6ConfigE
                0x00007534       0xe0 C:\Users\user\git\libsccc\lib\libsccc-d-2016-inno.a(mcg-d-2016-inno.o)
                0x00007534                libbase::k60::Mcg::InitFbe(libbase::k60::Mcg::Config const&)
 .text._ZN7libbase3k603Mcg7InitPbeERKNS1_6ConfigEh
                0x00007614       0x90 C:\Users\user\git\libsccc\lib\libsccc-d-2016-inno.a(mcg-d-2016-inno.o)
                0x00007614                libbase::k60::Mcg::InitPbe(libbase::k60::Mcg::Config const&, unsigned char)
 .text._ZN7libbase3k603Mcg7InitPeeERKNS1_6ConfigE
                0x000076a4       0x44 C:\Users\user\git\libsccc\lib\libsccc-d-2016-inno.a(mcg-d-2016-inno.o)
                0x000076a4                libbase::k60::Mcg::InitPee(libbase::k60::Mcg::Config const&)
 .text._ZN7libbase3k603Mcg10InitClocksERKNS1_6ConfigEm
                0x000076e8      0x1c8 C:\Users\user\git\libsccc\lib\libsccc-d-2016-inno.a(mcg-d-2016-inno.o)
                0x000076e8                libbase::k60::Mcg::InitClocks(libbase::k60::Mcg::Config const&, unsigned long)
 .text.LibbaseK60McgInit
                0x000078b0       0x14 C:\Users\user\git\libsccc\lib\libsccc-d-2016-inno.a(mcg-d-2016-inno.o)
                0x000078b0                LibbaseK60McgInit
 .text._ZSt3minImERKT_S2_S2_
                0x000078c4       0x28 C:\Users\user\git\libsccc\lib\libsccc-d-2016-inno.a(mcg-d-2016-inno.o)
                0x000078c4                unsigned long const& std::min<unsigned long>(unsigned long const&, unsigned long const&)
 .text._ZN7libbase3k6012_GLOBAL__N_16UnlockEv
                0x000078ec       0x24 C:\Users\user\git\libsccc\lib\libsccc-d-2016-inno.a(watchdog-d-2016-inno.o)
 .text._ZN7libbase3k608Watchdog4InitEv
                0x00007910       0x34 C:\Users\user\git\libsccc\lib\libsccc-d-2016-inno.a(watchdog-d-2016-inno.o)
                0x00007910                libbase::k60::Watchdog::Init()
 .text._ZN7libbase3k608Watchdog13InitStctrlRegERKNS1_6ConfigE
                0x00007944       0x68 C:\Users\user\git\libsccc\lib\libsccc-d-2016-inno.a(watchdog-d-2016-inno.o)
                0x00007944                libbase::k60::Watchdog::InitStctrlReg(libbase::k60::Watchdog::Config const&)
 .text._ZN7libbase3k608Watchdog14InitTimeOutRegERKNS1_6ConfigE
                0x000079ac       0x48 C:\Users\user\git\libsccc\lib\libsccc-d-2016-inno.a(watchdog-d-2016-inno.o)
                0x000079ac                libbase::k60::Watchdog::InitTimeOutReg(libbase::k60::Watchdog::Config const&)
 .text._ZN7libbase3k608Watchdog12InitPrescRegEv
                0x000079f4       0x18 C:\Users\user\git\libsccc\lib\libsccc-d-2016-inno.a(watchdog-d-2016-inno.o)
                0x000079f4                libbase::k60::Watchdog::InitPrescReg()
 .text._ZN7libbase3k608Watchdog6ConfigC2Ev
                0x00007a0c       0x24 C:\Users\user\git\libsccc\lib\libsccc-d-2016-inno.a(watchdog-d-2016-inno.o)
                0x00007a0c                libbase::k60::Watchdog::Config::Config()
                0x00007a0c                libbase::k60::Watchdog::Config::Config()
 .text._ZN7libbase3k608Watchdog17GetWatchdogConfigEv
                0x00007a30       0x24 C:\Users\user\git\libsccc\lib\libsccc-d-2016-inno.a(watchdog-d-2016-inno.o)
                0x00007a30                libbase::k60::Watchdog::GetWatchdogConfig()
 .text.LibbaseK60WatchdogInit
                0x00007a54        0xc C:\Users\user\git\libsccc\lib\libsccc-d-2016-inno.a(watchdog-d-2016-inno.o)
                0x00007a54                LibbaseK60WatchdogInit
 .text.LibbaseK60WatchdogIsr
                0x00007a60       0x28 C:\Users\user\git\libsccc\lib\libsccc-d-2016-inno.a(watchdog-d-2016-inno.o)
                0x00007a60                LibbaseK60WatchdogIsr
 .text._ZSt3absl
                0x00007a88       0x1c C:\Users\user\git\libsccc\lib\libsccc-d-2016-inno.a(st7735r-d-2016-inno.o)
                0x00007a88                std::abs(long)
 .text._ZNSt14_Function_baseC2Ev
                0x00007aa4       0x1c C:\Users\user\git\libsccc\lib\libsccc-d-2016-inno.a(st7735r-d-2016-inno.o)
                0x00007aa4                std::_Function_base::_Function_base()
                0x00007aa4                std::_Function_base::_Function_base()
 .text._ZNSt14_Function_baseD2Ev
                0x00007ac0       0x2c C:\Users\user\git\libsccc\lib\libsccc-d-2016-inno.a(st7735r-d-2016-inno.o)
                0x00007ac0                std::_Function_base::~_Function_base()
                0x00007ac0                std::_Function_base::~_Function_base()
 .text._ZN5libsc3LcdD2Ev
                0x00007aec       0x28 C:\Users\user\git\libsccc\lib\libsccc-d-2016-inno.a(st7735r-d-2016-inno.o)
                0x00007aec                libsc::Lcd::~Lcd()
                0x00007aec                libsc::Lcd::~Lcd()
 .text._ZN5libsc3LcdD0Ev
                0x00007b14       0x20 C:\Users\user\git\libsccc\lib\libsccc-d-2016-inno.a(st7735r-d-2016-inno.o)
                0x00007b14                libsc::Lcd::~Lcd()
 .text._ZN5libsc7St7735rD2Ev
                0x00007b34       0x50 C:\Users\user\git\libsccc\lib\libsccc-d-2016-inno.a(st7735r-d-2016-inno.o)
                0x00007b34                libsc::St7735r::~St7735r()
                0x00007b34                libsc::St7735r::~St7735r()
 .text._ZN5libsc7St7735rD0Ev
                0x00007b84       0x20 C:\Users\user\git\libsccc\lib\libsccc-d-2016-inno.a(st7735r-d-2016-inno.o)
                0x00007b84                libsc::St7735r::~St7735r()
 .text._ZN5libsc7St7735r9SetRegionERKNS_3Lcd4RectE
                0x00007ba4       0x20 C:\Users\user\git\libsccc\lib\libsccc-d-2016-inno.a(st7735r-d-2016-inno.o)
                0x00007ba4                libsc::St7735r::SetRegion(libsc::Lcd::Rect const&)
 .text._ZN5libsc7St7735r9GetRegionEv
                0x00007bc4       0x24 C:\Users\user\git\libsccc\lib\libsccc-d-2016-inno.a(st7735r-d-2016-inno.o)
                0x00007bc4                libsc::St7735r::GetRegion()
 .text._ZN5libsc7St7735r11ClearRegionEv
                0x00007be8       0x44 C:\Users\user\git\libsccc\lib\libsccc-d-2016-inno.a(st7735r-d-2016-inno.o)
                0x00007be8                libsc::St7735r::ClearRegion()
 .text._ZN5libsc7St7735r4GetWEv
                0x00007c2c       0x10 C:\Users\user\git\libsccc\lib\libsccc-d-2016-inno.a(st7735r-d-2016-inno.o)
                0x00007c2c                libsc::St7735r::GetW()
 .text._ZN5libsc7St7735r4GetHEv
                0x00007c3c       0x10 C:\Users\user\git\libsccc\lib\libsccc-d-2016-inno.a(st7735r-d-2016-inno.o)
                0x00007c3c                libsc::St7735r::GetH()
 .text._ZN7libutil9GetRgb565Ehhh
                0x00007c4c       0x40 C:\Users\user\git\libsccc\lib\libsccc-d-2016-inno.a(st7735r-d-2016-inno.o)
                0x00007c4c                libutil::GetRgb565(unsigned char, unsigned char, unsigned char)
 .text._ZN7libbase3k6018SpiMasterInterface6Config5SlaveC2Ev
                0x00007c8c       0x24 C:\Users\user\git\libsccc\lib\libsccc-d-2016-inno.a(st7735r-d-2016-inno.o)
                0x00007c8c                libbase::k60::SpiMasterInterface::Config::Slave::Slave()
                0x00007c8c                libbase::k60::SpiMasterInterface::Config::Slave::Slave()
 .text._ZN7libbase3k6018SpiMasterInterface6ConfigC2Ev
                0x00007cb0       0x50 C:\Users\user\git\libsccc\lib\libsccc-d-2016-inno.a(st7735r-d-2016-inno.o)
                0x00007cb0                libbase::k60::SpiMasterInterface::Config::Config()
                0x00007cb0                libbase::k60::SpiMasterInterface::Config::Config()
 .text._ZNSt8functionIFvPN7libbase3k609SpiMasterEEED2Ev
                0x00007d00       0x1c C:\Users\user\git\libsccc\lib\libsccc-d-2016-inno.a(st7735r-d-2016-inno.o)
                0x00007d00                std::function<void (libbase::k60::SpiMaster*)>::~function()
                0x00007d00                std::function<void (libbase::k60::SpiMaster*)>::~function()
 .text._ZN7libbase3k609SpiMaster6ConfigC2Ev
                0x00007d1c       0x48 C:\Users\user\git\libsccc\lib\libsccc-d-2016-inno.a(st7735r-d-2016-inno.o)
                0x00007d1c                libbase::k60::SpiMaster::Config::Config()
                0x00007d1c                libbase::k60::SpiMaster::Config::Config()
 .text._ZN7libbase3k609SpiMaster6ConfigD2Ev
                0x00007d64       0x28 C:\Users\user\git\libsccc\lib\libsccc-d-2016-inno.a(st7735r-d-2016-inno.o)
                0x00007d64                libbase::k60::SpiMaster::Config::~Config()
                0x00007d64                libbase::k60::SpiMaster::Config::~Config()
 .text._ZN5libsc12_GLOBAL__N_112GetSpiConfigEv
                0x00007d8c       0x4c C:\Users\user\git\libsccc\lib\libsccc-d-2016-inno.a(st7735r-d-2016-inno.o)
 .text._ZN7libbase3k603Gpo6ConfigC2Ev
                0x00007dd8       0x24 C:\Users\user\git\libsccc\lib\libsccc-d-2016-inno.a(st7735r-d-2016-inno.o)
                0x00007dd8                libbase::k60::Gpo::Config::Config()
                0x00007dd8                libbase::k60::Gpo::Config::Config()
 .text._ZN5libsc12_GLOBAL__N_112GetRstConfigEv
                0x00007dfc       0x24 C:\Users\user\git\libsccc\lib\libsccc-d-2016-inno.a(st7735r-d-2016-inno.o)
 .text._ZN5libsc12_GLOBAL__N_111GetDcConfigEv
                0x00007e20       0x24 C:\Users\user\git\libsccc\lib\libsccc-d-2016-inno.a(st7735r-d-2016-inno.o)
 .text._ZN5libsc3LcdC2Ev
                0x00007e44       0x20 C:\Users\user\git\libsccc\lib\libsccc-d-2016-inno.a(st7735r-d-2016-inno.o)
                0x00007e44                libsc::Lcd::Lcd()
                0x00007e44                libsc::Lcd::Lcd()
 .text._ZN5libsc7St7735rC2ERKNS0_6ConfigE
                0x00007e64      0x124 C:\Users\user\git\libsccc\lib\libsccc-d-2016-inno.a(st7735r-d-2016-inno.o)
                0x00007e64                libsc::St7735r::St7735r(libsc::St7735r::Config const&)
                0x00007e64                libsc::St7735r::St7735r(libsc::St7735r::Config const&)
 .text._ZN5libsc7St7735r10InitMadctlERKNS0_6ConfigE
                0x00007f88       0x54 C:\Users\user\git\libsccc\lib\libsccc-d-2016-inno.a(st7735r-d-2016-inno.o)
                0x00007f88                libsc::St7735r::InitMadctl(libsc::St7735r::Config const&)
 .text._ZN5libsc7St7735r10InitFrmctrERKNS0_6ConfigE
                0x00007fdc       0xe8 C:\Users\user\git\libsccc\lib\libsccc-d-2016-inno.a(st7735r-d-2016-inno.o)
                0x00007fdc                libsc::St7735r::InitFrmctr(libsc::St7735r::Config const&)
 .text._ZN5libsc7St7735r9InitPwctrEv
                0x000080c4       0xa4 C:\Users\user\git\libsccc\lib\libsccc-d-2016-inno.a(st7735r-d-2016-inno.o)
                0x000080c4                libsc::St7735r::InitPwctr()
 .text._ZN5libsc7St7735r9InitGammaEv
                0x00008168      0x164 C:\Users\user\git\libsccc\lib\libsccc-d-2016-inno.a(st7735r-d-2016-inno.o)
                0x00008168                libsc::St7735r::InitGamma()
 .text._ZN5libsc7St7735r9FillColorEt
                0x000082cc       0xc0 C:\Users\user\git\libsccc\lib\libsccc-d-2016-inno.a(st7735r-d-2016-inno.o)
                0x000082cc                libsc::St7735r::FillColor(unsigned short)
 .text._ZN5libsc7St7735r18FillGrayscalePixelEPKhj
                0x0000838c       0xec C:\Users\user\git\libsccc\lib\libsccc-d-2016-inno.a(st7735r-d-2016-inno.o)
                0x0000838c                libsc::St7735r::FillGrayscalePixel(unsigned char const*, unsigned int)
 .text._ZN5libsc7St7735r9FillPixelEPKtj
                0x00008478       0xe0 C:\Users\user\git\libsccc\lib\libsccc-d-2016-inno.a(st7735r-d-2016-inno.o)
                0x00008478                libsc::St7735r::FillPixel(unsigned short const*, unsigned int)
 .text._ZN5libsc7St7735r8FillBitsEttPKbj
                0x00008558      0x100 C:\Users\user\git\libsccc\lib\libsccc-d-2016-inno.a(st7735r-d-2016-inno.o)
                0x00008558                libsc::St7735r::FillBits(unsigned short, unsigned short, bool const*, unsigned int)
 .text._ZN5libsc7St7735r8FillBitsEttPKhj
                0x00008658      0x14c C:\Users\user\git\libsccc\lib\libsccc-d-2016-inno.a(st7735r-d-2016-inno.o)
                0x00008658                libsc::St7735r::FillBits(unsigned short, unsigned short, unsigned char const*, unsigned int)
 .text._ZN5libsc7St7735r5ClearEv
                0x000087a4       0x28 C:\Users\user\git\libsccc\lib\libsccc-d-2016-inno.a(st7735r-d-2016-inno.o)
                0x000087a4                libsc::St7735r::Clear()
 .text._ZN5libsc7St7735r5ClearEt
                0x000087cc       0x30 C:\Users\user\git\libsccc\lib\libsccc-d-2016-inno.a(st7735r-d-2016-inno.o)
                0x000087cc                libsc::St7735r::Clear(unsigned short)
 .text._ZN5libsc7St7735r13SetActiveRectEv
                0x000087fc       0xa8 C:\Users\user\git\libsccc\lib\libsccc-d-2016-inno.a(st7735r-d-2016-inno.o)
                0x000087fc                libsc::St7735r::SetActiveRect()
 .text._ZN5libsc7St7735r4SendEbh
                0x000088a4       0x40 C:\Users\user\git\libsccc\lib\libsccc-d-2016-inno.a(st7735r-d-2016-inno.o)
                0x000088a4                libsc::St7735r::Send(bool, unsigned char)
 .text._ZNSt14unary_functionIPN7libbase3k609SpiMasterEvEC2Ev
                0x000088e4       0x18 C:\Users\user\git\libsccc\lib\libsccc-d-2016-inno.a(st7735r-d-2016-inno.o)
                0x000088e4                std::unary_function<libbase::k60::SpiMaster*, void>::unary_function()
                0x000088e4                std::unary_function<libbase::k60::SpiMaster*, void>::unary_function()
 .text._ZNSt31_Maybe_unary_or_binary_functionIvIPN7libbase3k609SpiMasterEEEC2Ev
                0x000088fc       0x18 C:\Users\user\git\libsccc\lib\libsccc-d-2016-inno.a(st7735r-d-2016-inno.o)
                0x000088fc                std::_Maybe_unary_or_binary_function<void, libbase::k60::SpiMaster*>::_Maybe_unary_or_binary_function()
                0x000088fc                std::_Maybe_unary_or_binary_function<void, libbase::k60::SpiMaster*>::_Maybe_unary_or_binary_function()
                0x000088fc                std::_Maybe_unary_or_binary_function<void, libbase::k60::SpiMaster*>::_Maybe_unary_or_binary_function()
                0x000088fc                std::_Maybe_unary_or_binary_function<void, libbase::k60::SpiMaster*>::_Maybe_unary_or_binary_function()
 .text._ZNSt8functionIFvPN7libbase3k609SpiMasterEEEC2Ev
                0x00008914       0x20 C:\Users\user\git\libsccc\lib\libsccc-d-2016-inno.a(st7735r-d-2016-inno.o)
                0x00008914                std::function<void (libbase::k60::SpiMaster*)>::function()
                0x00008914                std::function<void (libbase::k60::SpiMaster*)>::function()
 .text._ZN7libutil5ClampIjEET_RKS1_S3_S3_
                0x00008934       0x2c C:\Users\user\git\libsccc\lib\libsccc-d-2016-inno.a(st7735r-d-2016-inno.o)
                0x00008934                unsigned int libutil::Clamp<unsigned int>(unsigned int const&, unsigned int const&, unsigned int const&)
 .text._ZSt3minIjERKT_S2_S2_
                0x00008960       0x28 C:\Users\user\git\libsccc\lib\libsccc-d-2016-inno.a(st7735r-d-2016-inno.o)
                0x00008960                unsigned int const& std::min<unsigned int>(unsigned int const&, unsigned int const&)
 .text._ZSt3maxIjERKT_S2_S2_
                0x00008988       0x28 C:\Users\user\git\libsccc\lib\libsccc-d-2016-inno.a(st7735r-d-2016-inno.o)
                0x00008988                unsigned int const& std::max<unsigned int>(unsigned int const&, unsigned int const&)
 .text._ZNK5libsc9Tsl1401cl12IsImageReadyEv
                0x000089b0       0x24 C:\Users\user\git\libsccc\lib\libsccc-d-2016-inno.a(tsl1401cl-d-2016-inno.o)
                0x000089b0                libsc::Tsl1401cl::IsImageReady() const
 .text._ZN5libsc12_GLOBAL__N_18GetAdPinEh
                0x000089d4       0x3c C:\Users\user\git\libsccc\lib\libsccc-d-2016-inno.a(tsl1401cl-d-2016-inno.o)
 .text._ZN5libsc12_GLOBAL__N_19GetClkPinEh
                0x00008a10       0x3c C:\Users\user\git\libsccc\lib\libsccc-d-2016-inno.a(tsl1401cl-d-2016-inno.o)
 .text._ZN5libsc12_GLOBAL__N_18GetSiPinEh
                0x00008a4c       0x3c C:\Users\user\git\libsccc\lib\libsccc-d-2016-inno.a(tsl1401cl-d-2016-inno.o)
 .text._ZNSt8functionIFvPN7libbase3k603AdcEtEED2Ev
                0x00008a88       0x1c C:\Users\user\git\libsccc\lib\libsccc-d-2016-inno.a(tsl1401cl-d-2016-inno.o)
                0x00008a88                std::function<void (libbase::k60::Adc*, unsigned short)>::~function()
                0x00008a88                std::function<void (libbase::k60::Adc*, unsigned short)>::~function()
 .text._ZN7libbase3k603Adc6ConfigC2Ev
                0x00008aa4       0x48 C:\Users\user\git\libsccc\lib\libsccc-d-2016-inno.a(tsl1401cl-d-2016-inno.o)
                0x00008aa4                libbase::k60::Adc::Config::Config()
                0x00008aa4                libbase::k60::Adc::Config::Config()
 .text._ZN7libbase3k603Adc6ConfigD2Ev
                0x00008aec       0x1c C:\Users\user\git\libsccc\lib\libsccc-d-2016-inno.a(tsl1401cl-d-2016-inno.o)
                0x00008aec                libbase::k60::Adc::Config::~Config()
                0x00008aec                libbase::k60::Adc::Config::~Config()
 .text._ZN5libsc12_GLOBAL__N_111GetAdConfigEh
                0x00008b08       0x38 C:\Users\user\git\libsccc\lib\libsccc-d-2016-inno.a(tsl1401cl-d-2016-inno.o)
 .text._ZN5libsc12_GLOBAL__N_115GetClkGpoConfigEh
                0x00008b40       0x2c C:\Users\user\git\libsccc\lib\libsccc-d-2016-inno.a(tsl1401cl-d-2016-inno.o)
 .text._ZN5libsc12_GLOBAL__N_114GetSiGpoConfigEh
                0x00008b6c       0x2c C:\Users\user\git\libsccc\lib\libsccc-d-2016-inno.a(tsl1401cl-d-2016-inno.o)
 .text._ZN5libsc9Tsl1401clC2Eh
                0x00008b98       0xac C:\Users\user\git\libsccc\lib\libsccc-d-2016-inno.a(tsl1401cl-d-2016-inno.o)
                0x00008b98                libsc::Tsl1401cl::Tsl1401cl(unsigned char)
                0x00008b98                libsc::Tsl1401cl::Tsl1401cl(unsigned char)
 .text._ZN5libsc9Tsl1401cl5DelayEv
                0x00008c44       0x28 C:\Users\user\git\libsccc\lib\libsccc-d-2016-inno.a(tsl1401cl-d-2016-inno.o)
                0x00008c44                libsc::Tsl1401cl::Delay()
 .text._ZN5libsc9Tsl1401cl11StartSampleEv
                0x00008c6c       0x1c C:\Users\user\git\libsccc\lib\libsccc-d-2016-inno.a(tsl1401cl-d-2016-inno.o)
                0x00008c6c                libsc::Tsl1401cl::StartSample()
 .text._ZN5libsc9Tsl1401cl13SampleProcessEv
                0x00008c88       0xf8 C:\Users\user\git\libsccc\lib\libsccc-d-2016-inno.a(tsl1401cl-d-2016-inno.o)
                0x00008c88                libsc::Tsl1401cl::SampleProcess()
 .text._ZNSt15binary_functionIPN7libbase3k603AdcEtvEC2Ev
                0x00008d80       0x18 C:\Users\user\git\libsccc\lib\libsccc-d-2016-inno.a(tsl1401cl-d-2016-inno.o)
                0x00008d80                std::binary_function<libbase::k60::Adc*, unsigned short, void>::binary_function()
                0x00008d80                std::binary_function<libbase::k60::Adc*, unsigned short, void>::binary_function()
 .text._ZNSt31_Maybe_unary_or_binary_functionIvIPN7libbase3k603AdcEtEEC2Ev
                0x00008d98       0x18 C:\Users\user\git\libsccc\lib\libsccc-d-2016-inno.a(tsl1401cl-d-2016-inno.o)
                0x00008d98                std::_Maybe_unary_or_binary_function<void, libbase::k60::Adc*, unsigned short>::_Maybe_unary_or_binary_function()
                0x00008d98                std::_Maybe_unary_or_binary_function<void, libbase::k60::Adc*, unsigned short>::_Maybe_unary_or_binary_function()
                0x00008d98                std::_Maybe_unary_or_binary_function<void, libbase::k60::Adc*, unsigned short>::_Maybe_unary_or_binary_function()
                0x00008d98                std::_Maybe_unary_or_binary_function<void, libbase::k60::Adc*, unsigned short>::_Maybe_unary_or_binary_function()
 .text._ZNSt8functionIFvPN7libbase3k603AdcEtEEC2Ev
                0x00008db0       0x20 C:\Users\user\git\libsccc\lib\libsccc-d-2016-inno.a(tsl1401cl-d-2016-inno.o)
                0x00008db0                std::function<void (libbase::k60::Adc*, unsigned short)>::function()
                0x00008db0                std::function<void (libbase::k60::Adc*, unsigned short)>::function()
 .text._ZN7libbase3k605Cache3GetEv
                0x00008dd0       0x40 C:\Users\user\git\libsccc\lib\libsccc-d-2016-inno.a(system-d-2016-inno.o)
                0x00008dd0                libbase::k60::Cache::Get()
 .text._ZN5libsc5DelayD2Ev
                0x00008e10       0x28 C:\Users\user\git\libsccc\lib\libsccc-d-2016-inno.a(system-d-2016-inno.o)
                0x00008e10                libsc::Delay::~Delay()
                0x00008e10                libsc::Delay::~Delay()
 .text._ZN5libsc5DelayD0Ev
                0x00008e38       0x20 C:\Users\user\git\libsccc\lib\libsccc-d-2016-inno.a(system-d-2016-inno.o)
                0x00008e38                libsc::Delay::~Delay()
 .text._ZN5libsc5Delay7DelayMsEt
                0x00008e58       0x38 C:\Users\user\git\libsccc\lib\libsccc-d-2016-inno.a(system-d-2016-inno.o)
                0x00008e58                libsc::Delay::DelayMs(unsigned short)
 .text._ZN5libsc5Delay6DelaySEt
                0x00008e90       0x38 C:\Users\user\git\libsccc\lib\libsccc-d-2016-inno.a(system-d-2016-inno.o)
                0x00008e90                libsc::Delay::DelayS(unsigned short)
 .text._ZN5libsc3k608DwtDelay7DelayUsEt
                0x00008ec8       0x1c C:\Users\user\git\libsccc\lib\libsccc-d-2016-inno.a(system-d-2016-inno.o)
                0x00008ec8                libsc::k60::DwtDelay::DelayUs(unsigned short)
 .text._ZN5libsc12SysTickTimer4TimeEv
                0x00008ee4       0x18 C:\Users\user\git\libsccc\lib\libsccc-d-2016-inno.a(system-d-2016-inno.o)
                0x00008ee4                libsc::SysTickTimer::Time()
 .text._ZN5libsc6System4ImplC2Ev
                0x00008efc       0x3c C:\Users\user\git\libsccc\lib\libsccc-d-2016-inno.a(system-d-2016-inno.o)
                0x00008efc                libsc::System::Impl::Impl()
                0x00008efc                libsc::System::Impl::Impl()
 .text._ZN5libsc6System4InitEv
                0x00008f38       0x24 C:\Users\user\git\libsccc\lib\libsccc-d-2016-inno.a(system-d-2016-inno.o)
                0x00008f38                libsc::System::Init()
 .text._ZN5libsc6System7DelayMsEt
                0x00008f5c       0x44 C:\Users\user\git\libsccc\lib\libsccc-d-2016-inno.a(system-d-2016-inno.o)
                0x00008f5c                libsc::System::DelayMs(unsigned short)
 .text._ZN5libsc3k608DwtDelayD2Ev
                0x00008fa0       0x30 C:\Users\user\git\libsccc\lib\libsccc-d-2016-inno.a(system-d-2016-inno.o)
                0x00008fa0                libsc::k60::DwtDelay::~DwtDelay()
                0x00008fa0                libsc::k60::DwtDelay::~DwtDelay()
 .text._ZN5libsc3k608DwtDelayD0Ev
                0x00008fd0       0x20 C:\Users\user\git\libsccc\lib\libsccc-d-2016-inno.a(system-d-2016-inno.o)
                0x00008fd0                libsc::k60::DwtDelay::~DwtDelay()
 .text.__assert_func
                0x00008ff0       0x48 C:\Users\user\git\libsccc\lib\libsccc-d-2016-inno.a(assert-d-2016-inno.o)
                0x00008ff0                __assert_func
 .text._exit    0x00009038        0xc C:\Users\user\git\libsccc\lib\libsccc-d-2016-inno.a(syscall-d-2016-inno.o)
                0x00009038                _exit
 .text._open    0x00009044       0x1c C:\Users\user\git\libsccc\lib\libsccc-d-2016-inno.a(syscall-d-2016-inno.o)
                0x00009044                _open
 .text._fstat   0x00009060       0x20 C:\Users\user\git\libsccc\lib\libsccc-d-2016-inno.a(syscall-d-2016-inno.o)
                0x00009060                _fstat
 .text._isatty  0x00009080       0x18 C:\Users\user\git\libsccc\lib\libsccc-d-2016-inno.a(syscall-d-2016-inno.o)
                0x00009080                _isatty
 .text._lseek   0x00009098       0x1c C:\Users\user\git\libsccc\lib\libsccc-d-2016-inno.a(syscall-d-2016-inno.o)
                0x00009098                _lseek
 .text._read    0x000090b4       0x1c C:\Users\user\git\libsccc\lib\libsccc-d-2016-inno.a(syscall-d-2016-inno.o)
                0x000090b4                _read
 .text._write   0x000090d0       0x34 C:\Users\user\git\libsccc\lib\libsccc-d-2016-inno.a(syscall-d-2016-inno.o)
                0x000090d0                _write
 .text._close   0x00009104       0x18 C:\Users\user\git\libsccc\lib\libsccc-d-2016-inno.a(syscall-d-2016-inno.o)
                0x00009104                _close
 .text._link    0x0000911c       0x1c C:\Users\user\git\libsccc\lib\libsccc-d-2016-inno.a(syscall-d-2016-inno.o)
                0x0000911c                _link
 .text._unlink  0x00009138       0x18 C:\Users\user\git\libsccc\lib\libsccc-d-2016-inno.a(syscall-d-2016-inno.o)
                0x00009138                _unlink
 .text._sbrk    0x00009150       0x68 C:\Users\user\git\libsccc\lib\libsccc-d-2016-inno.a(syscall-d-2016-inno.o)
                0x00009150                _sbrk
 .text._getpid  0x000091b8       0x10 C:\Users\user\git\libsccc\lib\libsccc-d-2016-inno.a(syscall-d-2016-inno.o)
                0x000091b8                _getpid
 .text._kill    0x000091c8       0x24 C:\Users\user\git\libsccc\lib\libsccc-d-2016-inno.a(syscall-d-2016-inno.o)
                0x000091c8                _kill
 .text.KeepSyscallSymbols
                0x000091ec       0x84 C:\Users\user\git\libsccc\lib\libsccc-d-2016-inno.a(syscall-d-2016-inno.o)
                0x000091ec                KeepSyscallSymbols
 .text.NVIC_EnableIRQ
                0x00009270       0x30 C:\Users\user\git\libsccc\lib\libsccc-d-2016-inno.a(vectors-d-2016-inno.o)
 .text.NVIC_DisableIRQ
                0x000092a0       0x34 C:\Users\user\git\libsccc\lib\libsccc-d-2016-inno.a(vectors-d-2016-inno.o)
 .text.NVIC_SetPriority
                0x000092d4       0x54 C:\Users\user\git\libsccc\lib\libsccc-d-2016-inno.a(vectors-d-2016-inno.o)
 .text.InitVectorTable
                0x00009328       0x70 C:\Users\user\git\libsccc\lib\libsccc-d-2016-inno.a(vectors-d-2016-inno.o)
                0x00009328                InitVectorTable
 .text.InitIrqPriority
                0x00009398       0x2c C:\Users\user\git\libsccc\lib\libsccc-d-2016-inno.a(vectors-d-2016-inno.o)
                0x00009398                InitIrqPriority
 .text.SetIsr   0x000093c4       0x38 C:\Users\user\git\libsccc\lib\libsccc-d-2016-inno.a(vectors-d-2016-inno.o)
                0x000093c4                SetIsr
 .text.EnableIrq
                0x000093fc       0x1c C:\Users\user\git\libsccc\lib\libsccc-d-2016-inno.a(vectors-d-2016-inno.o)
                0x000093fc                EnableIrq
 .text.DisableIrq
                0x00009418       0x1c C:\Users\user\git\libsccc\lib\libsccc-d-2016-inno.a(vectors-d-2016-inno.o)
                0x00009418                DisableIrq
 .text.DefaultIsr
                0x00009434       0x30 C:\Users\user\git\libsccc\lib\libsccc-d-2016-inno.a(vectors-d-2016-inno.o)
                0x00009434                DefaultIsr
 .text.HardFaultHandlerAsm
                0x00009464       0x1c C:\Users\user\git\libsccc\lib\libsccc-d-2016-inno.a(vectors-d-2016-inno.o)
                0x00009464                HardFaultHandlerAsm
 .text.HardFaultHandlerC
                0x00009480       0x90 C:\Users\user\git\libsccc\lib\libsccc-d-2016-inno.a(vectors-d-2016-inno.o)
                0x00009480                HardFaultHandlerC
 .text._ZNSt12_Base_bitsetILj1EEC2Ey
                0x00009510       0x20 C:\Users\user\git\libsccc\lib\libsccc-d-2016-inno.a(adc-d-2016-inno.o)
                0x00009510                std::_Base_bitset<1u>::_Base_bitset(unsigned long long)
                0x00009510                std::_Base_bitset<1u>::_Base_bitset(unsigned long long)
 .text._ZNKSt14_Function_base8_M_emptyEv
                0x00009530       0x24 C:\Users\user\git\libsccc\lib\libsccc-d-2016-inno.a(adc-d-2016-inno.o)
                0x00009530                std::_Function_base::_M_empty() const
 .text._ZNSt13_Sanitize_valILj6ELb1EE18_S_do_sanitize_valEy
                0x00009554       0x2c C:\Users\user\git\libsccc\lib\libsccc-d-2016-inno.a(adc-d-2016-inno.o)
                0x00009554                std::_Sanitize_val<6u, true>::_S_do_sanitize_val(unsigned long long)
 .text._ZNSt6bitsetILj6EEC1Ey
                0x00009580       0x2c C:\Users\user\git\libsccc\lib\libsccc-d-2016-inno.a(adc-d-2016-inno.o)
                0x00009580                std::bitset<6u>::bitset(unsigned long long)
 .text._ZNK7libbase3k603PincvbEv
                0x000095ac       0x24 C:\Users\user\git\libsccc\lib\libsccc-d-2016-inno.a(adc-d-2016-inno.o)
                0x000095ac                libbase::k60::Pin::operator bool() const
 .text._ZNK7libbase3k603AdccvbEv
                0x000095d0       0x24 C:\Users\user\git\libsccc\lib\libsccc-d-2016-inno.a(adc-d-2016-inno.o)
                0x000095d0                libbase::k60::Adc::operator bool() const
 .text._ZN7libbase3k608AdcUtils9GetModuleENS0_3Adc4NameE
                0x000095f4       0x24 C:\Users\user\git\libsccc\lib\libsccc-d-2016-inno.a(adc-d-2016-inno.o)
                0x000095f4                libbase::k60::AdcUtils::GetModule(libbase::k60::Adc::Name)
 .text._ZN7libbase3k608AdcUtils10GetChannelENS0_3Adc4NameE
                0x00009618       0x30 C:\Users\user\git\libsccc\lib\libsccc-d-2016-inno.a(adc-d-2016-inno.o)
                0x00009618                libbase::k60::AdcUtils::GetChannel(libbase::k60::Adc::Name)
 .text._ZN7libbase3k608AdcUtils16GetChannelNumberENS0_3Adc4NameE
                0x00009648       0x28 C:\Users\user\git\libsccc\lib\libsccc-d-2016-inno.a(adc-d-2016-inno.o)
                0x00009648                libbase::k60::AdcUtils::GetChannelNumber(libbase::k60::Adc::Name)
 .text._ZN7libbase3k6014Mk60f15Lqfp1443GetEv
                0x00009670       0x40 C:\Users\user\git\libsccc\lib\libsccc-d-2016-inno.a(adc-d-2016-inno.o)
                0x00009670                libbase::k60::Mk60f15Lqfp144::Get()
 .text._ZN7libbase3k6012_GLOBAL__N_115GetClockDividerEj
                0x000096b0       0x84 C:\Users\user\git\libsccc\lib\libsccc-d-2016-inno.a(adc-d-2016-inno.o)
 .text._ZN7libbase3k603Adc6ConfigC2ERKS2_
                0x00009734       0x60 C:\Users\user\git\libsccc\lib\libsccc-d-2016-inno.a(adc-d-2016-inno.o)
                0x00009734                libbase::k60::Adc::Config::Config(libbase::k60::Adc::Config const&)
                0x00009734                libbase::k60::Adc::Config::Config(libbase::k60::Adc::Config const&)
 .text._ZN7libbase3k603AdcC2ERKNS1_6ConfigE
                0x00009794       0xf0 C:\Users\user\git\libsccc\lib\libsccc-d-2016-inno.a(adc-d-2016-inno.o)
                0x00009794                libbase::k60::Adc::Adc(libbase::k60::Adc::Config const&)
                0x00009794                libbase::k60::Adc::Adc(libbase::k60::Adc::Config const&)
 .text._ZN7libbase3k603Adc10InitModuleENS0_3Pin4NameE
                0x00009884       0x2c C:\Users\user\git\libsccc\lib\libsccc-d-2016-inno.a(adc-d-2016-inno.o)
                0x00009884                libbase::k60::Adc::InitModule(libbase::k60::Pin::Name)
 .text._ZN7libbase3k603Adc10InitModuleENS1_4NameE
                0x000098b0       0x2c C:\Users\user\git\libsccc\lib\libsccc-d-2016-inno.a(adc-d-2016-inno.o)
                0x000098b0                libbase::k60::Adc::InitModule(libbase::k60::Adc::Name)
 .text._ZN7libbase3k603Pin6ConfigC2Ev
                0x000098dc       0x2c C:\Users\user\git\libsccc\lib\libsccc-d-2016-inno.a(adc-d-2016-inno.o)
                0x000098dc                libbase::k60::Pin::Config::Config()
                0x000098dc                libbase::k60::Pin::Config::Config()
 .text._ZN7libbase3k603Adc7InitPinENS0_3Pin4NameE
                0x00009908       0x5c C:\Users\user\git\libsccc\lib\libsccc-d-2016-inno.a(adc-d-2016-inno.o)
                0x00009908                libbase::k60::Adc::InitPin(libbase::k60::Pin::Name)
 .text._ZN7libbase3k603Adc10InitSc1RegEv
                0x00009964       0x60 C:\Users\user\git\libsccc\lib\libsccc-d-2016-inno.a(adc-d-2016-inno.o)
                0x00009964                libbase::k60::Adc::InitSc1Reg()
 .text._ZN7libbase3k603Adc11InitCfg1RegEv
                0x000099c4       0x60 C:\Users\user\git\libsccc\lib\libsccc-d-2016-inno.a(adc-d-2016-inno.o)
                0x000099c4                libbase::k60::Adc::InitCfg1Reg()
 .text._ZN7libbase3k603Adc11InitCfg2RegEv
                0x00009a24       0x60 C:\Users\user\git\libsccc\lib\libsccc-d-2016-inno.a(adc-d-2016-inno.o)
                0x00009a24                libbase::k60::Adc::InitCfg2Reg()
 .text._ZN7libbase3k603Adc10InitSc3RegEv
                0x00009a84       0x5c C:\Users\user\git\libsccc\lib\libsccc-d-2016-inno.a(adc-d-2016-inno.o)
                0x00009a84                libbase::k60::Adc::InitSc3Reg()
 .text._ZN7libbase3k603Adc9InitSpeedEv
                0x00009ae0      0x134 C:\Users\user\git\libsccc\lib\libsccc-d-2016-inno.a(adc-d-2016-inno.o)
                0x00009ae0                libbase::k60::Adc::InitSpeed()
 .text._ZN7libbase3k603Adc13InitInterruptEv
                0x00009c14       0x38 C:\Users\user\git\libsccc\lib\libsccc-d-2016-inno.a(adc-d-2016-inno.o)
                0x00009c14                libbase::k60::Adc::InitInterrupt()
 .text._ZN7libbase3k603Adc12StartConvertEv
                0x00009c4c       0x80 C:\Users\user\git\libsccc\lib\libsccc-d-2016-inno.a(adc-d-2016-inno.o)
                0x00009c4c                libbase::k60::Adc::StartConvert()
 .text._ZN7libbase3k603Adc9GetResultEv
                0x00009ccc       0x68 C:\Users\user\git\libsccc\lib\libsccc-d-2016-inno.a(adc-d-2016-inno.o)
                0x00009ccc                libbase::k60::Adc::GetResult()
 .text._ZN7libbase3k603Adc10PeekResultEPt
                0x00009d34       0xbc C:\Users\user\git\libsccc\lib\libsccc-d-2016-inno.a(adc-d-2016-inno.o)
                0x00009d34                libbase::k60::Adc::PeekResult(unsigned short*)
 .text._ZNK7libbase3k603Adc8IsActiveEv
                0x00009df0       0x80 C:\Users\user\git\libsccc\lib\libsccc-d-2016-inno.a(adc-d-2016-inno.o)
                0x00009df0                libbase::k60::Adc::IsActive() const
 .text._ZNK7libbase3k603Adc18IsConversionActiveEv
                0x00009e70       0x5c C:\Users\user\git\libsccc\lib\libsccc-d-2016-inno.a(adc-d-2016-inno.o)
                0x00009e70                libbase::k60::Adc::IsConversionActive() const
 .text._ZNK7libbase3k603Adc20IsConversionCompleteEv
                0x00009ecc       0x5c C:\Users\user\git\libsccc\lib\libsccc-d-2016-inno.a(adc-d-2016-inno.o)
                0x00009ecc                libbase::k60::Adc::IsConversionComplete() const
 .text._ZN7libbase3k603Adc15EnableInterruptEv
                0x00009f28       0xa4 C:\Users\user\git\libsccc\lib\libsccc-d-2016-inno.a(adc-d-2016-inno.o)
                0x00009f28                libbase::k60::Adc::EnableInterrupt()
 .text._ZN7libbase3k603Adc16DisableInterruptEj
                0x00009fcc       0x94 C:\Users\user\git\libsccc\lib\libsccc-d-2016-inno.a(adc-d-2016-inno.o)
                0x00009fcc                libbase::k60::Adc::DisableInterrupt(unsigned int)
 .text._ZN7libbase3k603Adc10IrqHandlerEv
                0x0000a060       0xb4 C:\Users\user\git\libsccc\lib\libsccc-d-2016-inno.a(adc-d-2016-inno.o)
                0x0000a060                libbase::k60::Adc::IrqHandler()
 .text._ZNSt8functionIFvPN7libbase3k603AdcEtEEC2ERKS5_
                0x0000a114       0x50 C:\Users\user\git\libsccc\lib\libsccc-d-2016-inno.a(adc-d-2016-inno.o)
                0x0000a114                std::function<void (libbase::k60::Adc*, unsigned short)>::function(std::function<void (libbase::k60::Adc*, unsigned short)> const&)
                0x0000a114                std::function<void (libbase::k60::Adc*, unsigned short)>::function(std::function<void (libbase::k60::Adc*, unsigned short)> const&)
 .text._ZN7libutil11EnumAdvanceIN7libbase3k603Sim9ClockGateEjEET_S5_T0_
                0x0000a164       0x20 C:\Users\user\git\libsccc\lib\libsccc-d-2016-inno.a(adc-d-2016-inno.o)
                0x0000a164                libbase::k60::Sim::ClockGate libutil::EnumAdvance<libbase::k60::Sim::ClockGate, unsigned int>(libbase::k60::Sim::ClockGate, unsigned int)
 .text._ZNKSt8functionIFvPN7libbase3k603AdcEtEEcvbEv
                0x0000a184       0x20 C:\Users\user\git\libsccc\lib\libsccc-d-2016-inno.a(adc-d-2016-inno.o)
                0x0000a184                std::function<void (libbase::k60::Adc*, unsigned short)>::operator bool() const
 .text._ZN7libutil11EnumAdvanceI4IRQnjEET_S2_T0_
                0x0000a1a4       0x24 C:\Users\user\git\libsccc\lib\libsccc-d-2016-inno.a(adc-d-2016-inno.o)
                0x0000a1a4                IRQn libutil::EnumAdvance<IRQn, unsigned int>(IRQn, unsigned int)
 .text._ZSt7forwardIPN7libbase3k603AdcEEOT_RNSt16remove_referenceIS4_E4typeE
                0x0000a1c8       0x18 C:\Users\user\git\libsccc\lib\libsccc-d-2016-inno.a(adc-d-2016-inno.o)
                0x0000a1c8                libbase::k60::Adc*&& std::forward<libbase::k60::Adc*>(std::remove_reference<libbase::k60::Adc*>::type&)
 .text._ZSt7forwardItEOT_RNSt16remove_referenceIS0_E4typeE
                0x0000a1e0       0x18 C:\Users\user\git\libsccc\lib\libsccc-d-2016-inno.a(adc-d-2016-inno.o)
                0x0000a1e0                unsigned short&& std::forward<unsigned short>(std::remove_reference<unsigned short>::type&)
 .text._ZNKSt8functionIFvPN7libbase3k603AdcEtEEclES3_t
                0x0000a1f8       0x50 C:\Users\user\git\libsccc\lib\libsccc-d-2016-inno.a(adc-d-2016-inno.o)
                0x0000a1f8                std::function<void (libbase::k60::Adc*, unsigned short)>::operator()(libbase::k60::Adc*, unsigned short) const
 .text._ZN7libutil11EnumAdvanceIN7libbase3k603Sim9ClockGateEEET_S5_i
                0x0000a248       0x1c C:\Users\user\git\libsccc\lib\libsccc-d-2016-inno.a(adc-d-2016-inno.o)
                0x0000a248                libbase::k60::Sim::ClockGate libutil::EnumAdvance<libbase::k60::Sim::ClockGate>(libbase::k60::Sim::ClockGate, int)
 .text._ZN7libutil11EnumAdvanceI4IRQnEET_S2_i
                0x0000a264       0x28 C:\Users\user\git\libsccc\lib\libsccc-d-2016-inno.a(adc-d-2016-inno.o)
                0x0000a264                IRQn libutil::EnumAdvance<IRQn>(IRQn, int)
 .text._ZSt4moveIRSt9_Any_dataEONSt16remove_referenceIT_E4typeEOS3_
                0x0000a28c       0x18 C:\Users\user\git\libsccc\lib\libsccc-d-2016-inno.a(adc-d-2016-inno.o)
                0x0000a28c                std::remove_reference<std::_Any_data&>::type&& std::move<std::_Any_data&>(std::_Any_data&)
 .text._ZSt4swapISt9_Any_dataEvRT_S2_
                0x0000a2a4       0x4c C:\Users\user\git\libsccc\lib\libsccc-d-2016-inno.a(adc-d-2016-inno.o)
                0x0000a2a4                void std::swap<std::_Any_data>(std::_Any_data&, std::_Any_data&)
 .text._ZSt4moveIRPFbRSt9_Any_dataRKS0_St18_Manager_operationEEONSt16remove_referenceIT_E4typeEOS9_
                0x0000a2f0       0x18 C:\Users\user\git\libsccc\lib\libsccc-d-2016-inno.a(adc-d-2016-inno.o)
                0x0000a2f0                std::remove_reference<bool (*&)(std::_Any_data&, std::_Any_data const&, std::_Manager_operation)>::type&& std::move<bool (*&)(std::_Any_data&, std::_Any_data const&, std::_Manager_operation)>(bool (*&)(std::_Any_data&, std::_Any_data const&, std::_Manager_operation))
 .text._ZSt4swapIPFbRSt9_Any_dataRKS0_St18_Manager_operationEEvRT_S8_
                0x0000a308       0x3c C:\Users\user\git\libsccc\lib\libsccc-d-2016-inno.a(adc-d-2016-inno.o)
                0x0000a308                void std::swap<bool (*)(std::_Any_data&, std::_Any_data const&, std::_Manager_operation)>(bool (*&)(std::_Any_data&, std::_Any_data const&, std::_Manager_operation), bool (*&)(std::_Any_data&, std::_Any_data const&, std::_Manager_operation))
 .text._ZN7libbase3k605CacheC2Ev
                0x0000a344       0x1c C:\Users\user\git\libsccc\lib\libsccc-d-2016-inno.a(cache-d-2016-inno.o)
                0x0000a344                libbase::k60::Cache::Cache()
                0x0000a344                libbase::k60::Cache::Cache()
 .text._ZN7libbase3k605Cache4InitERKNS1_6ConfigE
                0x0000a360       0x4c C:\Users\user\git\libsccc\lib\libsccc-d-2016-inno.a(cache-d-2016-inno.o)
                0x0000a360                libbase::k60::Cache::Init(libbase::k60::Cache::Config const&)
 .text._ZN7libbase3k605Cache6InitPcEv
                0x0000a3ac       0x50 C:\Users\user\git\libsccc\lib\libsccc-d-2016-inno.a(cache-d-2016-inno.o)
                0x0000a3ac                libbase::k60::Cache::InitPc()
 .text._ZN7libbase3k605Cache6InitPsEv
                0x0000a3fc       0x58 C:\Users\user\git\libsccc\lib\libsccc-d-2016-inno.a(cache-d-2016-inno.o)
                0x0000a3fc                libbase::k60::Cache::InitPs()
 .text._ZN7libbase3k6012_GLOBAL__N_112GetBusClock_Ev
                0x0000a454       0x50 C:\Users\user\git\libsccc\lib\libsccc-d-2016-inno.a(clock_utils-d-2016-inno.o)
 .text._ZN7libbase3k6010ClockUtils12GetCoreClockEv
                0x0000a4a4       0x18 C:\Users\user\git\libsccc\lib\libsccc-d-2016-inno.a(clock_utils-d-2016-inno.o)
                0x0000a4a4                libbase::k60::ClockUtils::GetCoreClock()
 .text._ZN7libbase3k6010ClockUtils15GetCoreClockKhzEv
                0x0000a4bc       0x54 C:\Users\user\git\libsccc\lib\libsccc-d-2016-inno.a(clock_utils-d-2016-inno.o)
                0x0000a4bc                libbase::k60::ClockUtils::GetCoreClockKhz()
 .text._ZN7libbase3k6010ClockUtils15GetCoreClockMhzEv
                0x0000a510       0x54 C:\Users\user\git\libsccc\lib\libsccc-d-2016-inno.a(clock_utils-d-2016-inno.o)
                0x0000a510                libbase::k60::ClockUtils::GetCoreClockMhz()
 .text._ZN7libbase3k6010ClockUtils11GetBusClockEv
                0x0000a564       0x48 C:\Users\user\git\libsccc\lib\libsccc-d-2016-inno.a(clock_utils-d-2016-inno.o)
                0x0000a564                libbase::k60::ClockUtils::GetBusClock()
 .text._ZN7libbase3k6010ClockUtils14GetBusClockKhzEv
                0x0000a5ac       0x54 C:\Users\user\git\libsccc\lib\libsccc-d-2016-inno.a(clock_utils-d-2016-inno.o)
                0x0000a5ac                libbase::k60::ClockUtils::GetBusClockKhz()
 .text._ZN7libbase3k6010ClockUtils14GetBusClockMhzEv
                0x0000a600       0x54 C:\Users\user\git\libsccc\lib\libsccc-d-2016-inno.a(clock_utils-d-2016-inno.o)
                0x0000a600                libbase::k60::ClockUtils::GetBusClockMhz()
 .text._ZN7libbase3k6010ClockUtils16GetCoreTickPerUsEv
                0x0000a654       0x10 C:\Users\user\git\libsccc\lib\libsccc-d-2016-inno.a(dwt-d-2016-inno.o)
                0x0000a654                libbase::k60::ClockUtils::GetCoreTickPerUs()
 .text._ZN7libbase3k6010ClockUtils16GetCoreTickPerUsEj
                0x0000a664       0x1c C:\Users\user\git\libsccc\lib\libsccc-d-2016-inno.a(dwt-d-2016-inno.o)
                0x0000a664                libbase::k60::ClockUtils::GetCoreTickPerUs(unsigned int)
 .text._ZN7libbase3k603Dwt7DelayUsEt
                0x0000a680       0xb4 C:\Users\user\git\libsccc\lib\libsccc-d-2016-inno.a(dwt-d-2016-inno.o)
                0x0000a680                libbase::k60::Dwt::DelayUs(unsigned short)
 .text._ZNSt9_Any_data9_M_accessEv
                0x0000a734       0x18 C:\Users\user\git\libsccc\lib\libsccc-d-2016-inno.a(gpio-d-2016-inno.o)
                0x0000a734                std::_Any_data::_M_access()
 .text._ZNKSt9_Any_data9_M_accessEv
                0x0000a74c       0x18 C:\Users\user\git\libsccc\lib\libsccc-d-2016-inno.a(gpio-d-2016-inno.o)
                0x0000a74c                std::_Any_data::_M_access() const
 .text._ZNK7libbase3k603Pin7GetNameEv
                0x0000a764       0x18 C:\Users\user\git\libsccc\lib\libsccc-d-2016-inno.a(gpio-d-2016-inno.o)
                0x0000a764                libbase::k60::Pin::GetName() const
 .text._ZNK7libbase3k603GpocvbEv
                0x0000a77c       0x1c C:\Users\user\git\libsccc\lib\libsccc-d-2016-inno.a(gpio-d-2016-inno.o)
                0x0000a77c                libbase::k60::Gpo::operator bool() const
 .text._ZN7libbase3k6014Mk60f15Lqfp14415GetPortPinCountEv
                0x0000a798       0x10 C:\Users\user\git\libsccc\lib\libsccc-d-2016-inno.a(gpio-d-2016-inno.o)
                0x0000a798                libbase::k60::Mk60f15Lqfp144::GetPortPinCount()
 .text._ZN7libbase3k608PinUtils7GetPortENS0_3Pin4NameE
                0x0000a7a8       0x1c C:\Users\user\git\libsccc\lib\libsccc-d-2016-inno.a(gpio-d-2016-inno.o)
                0x0000a7a8                libbase::k60::PinUtils::GetPort(libbase::k60::Pin::Name)
 .text._ZN7libbase3k608PinUtils12GetPinNumberENS0_3Pin4NameE
                0x0000a7c4       0x24 C:\Users\user\git\libsccc\lib\libsccc-d-2016-inno.a(gpio-d-2016-inno.o)
                0x0000a7c4                libbase::k60::PinUtils::GetPinNumber(libbase::k60::Pin::Name)
 .text._ZN7libbase3k6012_GLOBAL__N_112GetPinConfigERKNS0_3Gpo6ConfigE
                0x0000a7e8       0x30 C:\Users\user\git\libsccc\lib\libsccc-d-2016-inno.a(gpio-d-2016-inno.o)
 .text._ZN7libbase3k603GpoC2ERKNS1_6ConfigE
                0x0000a818       0x78 C:\Users\user\git\libsccc\lib\libsccc-d-2016-inno.a(gpio-d-2016-inno.o)
                0x0000a818                libbase::k60::Gpo::Gpo(libbase::k60::Gpo::Config const&)
                0x0000a818                libbase::k60::Gpo::Gpo(libbase::k60::Gpo::Config const&)
 .text._ZN7libbase3k603GpoD2Ev
                0x0000a890       0x20 C:\Users\user\git\libsccc\lib\libsccc-d-2016-inno.a(gpio-d-2016-inno.o)
                0x0000a890                libbase::k60::Gpo::~Gpo()
                0x0000a890                libbase::k60::Gpo::~Gpo()
 .text._ZN7libbase3k603Gpo6UninitEv
                0x0000a8b0       0x40 C:\Users\user\git\libsccc\lib\libsccc-d-2016-inno.a(gpio-d-2016-inno.o)
                0x0000a8b0                libbase::k60::Gpo::Uninit()
 .text._ZN7libbase3k603Gpo3SetEb
                0x0000a8f0       0xb0 C:\Users\user\git\libsccc\lib\libsccc-d-2016-inno.a(gpio-d-2016-inno.o)
                0x0000a8f0                libbase::k60::Gpo::Set(bool)
 .text._ZNSt12_Base_bitsetILj1EE11_S_whichbitEj
                0x0000a9a0       0x1c C:\Users\user\git\libsccc\lib\libsccc-d-2016-inno.a(pin-d-2016-inno.o)
                0x0000a9a0                std::_Base_bitset<1u>::_S_whichbit(unsigned int)
 .text._ZNSt12_Base_bitsetILj1EE10_S_maskbitEj
                0x0000a9bc       0x20 C:\Users\user\git\libsccc\lib\libsccc-d-2016-inno.a(pin-d-2016-inno.o)
                0x0000a9bc                std::_Base_bitset<1u>::_S_maskbit(unsigned int)
 .text._ZNKSt12_Base_bitsetILj1EE10_M_getwordEj
                0x0000a9dc       0x1c C:\Users\user\git\libsccc\lib\libsccc-d-2016-inno.a(pin-d-2016-inno.o)
                0x0000a9dc                std::_Base_bitset<1u>::_M_getword(unsigned int) const
 .text._ZN7libbase3k6014Mk60f15Lqfp1446RegPinENS0_3Pin4NameE
                0x0000a9f8       0x20 C:\Users\user\git\libsccc\lib\libsccc-d-2016-inno.a(pin-d-2016-inno.o)
                0x0000a9f8                libbase::k60::Mk60f15Lqfp144::RegPin(libbase::k60::Pin::Name)
 .text._ZN7libbase3k6014Mk60f15Lqfp1448UnregPinENS0_3Pin4NameE
                0x0000aa18       0x1c C:\Users\user\git\libsccc\lib\libsccc-d-2016-inno.a(pin-d-2016-inno.o)
                0x0000aa18                libbase::k60::Mk60f15Lqfp144::UnregPin(libbase::k60::Pin::Name)
 .text._ZN7libbase3k6012_GLOBAL__N_115SetInterruptBitENS0_3Pin6Config9InterruptEPm
                0x0000aa34       0xb8 C:\Users\user\git\libsccc\lib\libsccc-d-2016-inno.a(pin-d-2016-inno.o)
 .text._ZNKSt6bitsetILj6EE15_Unchecked_testEj
                0x0000aaec       0x34 C:\Users\user\git\libsccc\lib\libsccc-d-2016-inno.a(pin-d-2016-inno.o)
                0x0000aaec                std::bitset<6u>::_Unchecked_test(unsigned int) const
 .text._ZNKSt6bitsetILj6EEixEj
                0x0000ab20       0x1c C:\Users\user\git\libsccc\lib\libsccc-d-2016-inno.a(pin-d-2016-inno.o)
                0x0000ab20                std::bitset<6u>::operator[](unsigned int) const
 .text._ZN7libbase3k603PinC2ERKNS1_6ConfigE
                0x0000ab3c      0x1d4 C:\Users\user\git\libsccc\lib\libsccc-d-2016-inno.a(pin-d-2016-inno.o)
                0x0000ab3c                libbase::k60::Pin::Pin(libbase::k60::Pin::Config const&)
                0x0000ab3c                libbase::k60::Pin::Pin(libbase::k60::Pin::Config const&)
 .text._ZN7libbase3k603PinC2EDn
                0x0000ad10       0x20 C:\Users\user\git\libsccc\lib\libsccc-d-2016-inno.a(pin-d-2016-inno.o)
                0x0000ad10                libbase::k60::Pin::Pin(decltype(nullptr))
                0x0000ad10                libbase::k60::Pin::Pin(decltype(nullptr))
 .text._ZN7libbase3k603PinD2Ev
                0x0000ad30       0x18 C:\Users\user\git\libsccc\lib\libsccc-d-2016-inno.a(pin-d-2016-inno.o)
                0x0000ad30                libbase::k60::Pin::~Pin()
                0x0000ad30                libbase::k60::Pin::~Pin()
 .text._ZN7libbase3k603PinaSEOS1_
                0x0000ad48       0x40 C:\Users\user\git\libsccc\lib\libsccc-d-2016-inno.a(pin-d-2016-inno.o)
                0x0000ad48                libbase::k60::Pin::operator=(libbase::k60::Pin&&)
 .text._ZN7libbase3k603Pin6UninitEv
                0x0000ad88       0x48 C:\Users\user\git\libsccc\lib\libsccc-d-2016-inno.a(pin-d-2016-inno.o)
                0x0000ad88                libbase::k60::Pin::Uninit()
 .text._ZN7libbase3k6012_GLOBAL__N_115SetClockGateBitERVmjb
                0x0000add0       0x48 C:\Users\user\git\libsccc\lib\libsccc-d-2016-inno.a(sim-d-2016-inno.o)
 .text._ZN7libbase3k603Sim18SetEnableClockGateENS1_9ClockGateEb
                0x0000ae18      0x454 C:\Users\user\git\libsccc\lib\libsccc-d-2016-inno.a(sim-d-2016-inno.o)
                0x0000ae18                libbase::k60::Sim::SetEnableClockGate(libbase::k60::Sim::ClockGate, bool)
 .text._ZN7libbase3k603PinC2Ev
                0x0000b26c       0x1c C:\Users\user\git\libsccc\lib\libsccc-d-2016-inno.a(spi_master-d-2016-inno.o)
                0x0000b26c                libbase::k60::Pin::Pin()
                0x0000b26c                libbase::k60::Pin::Pin()
 .text._ZN7libbase3k603Spi17GetMaxSpiPcsCountEv
                0x0000b288       0x10 C:\Users\user\git\libsccc\lib\libsccc-d-2016-inno.a(spi_master-d-2016-inno.o)
                0x0000b288                libbase::k60::Spi::GetMaxSpiPcsCount()
 .text._ZN7libbase3k6018SpiMasterInterfaceD2Ev
                0x0000b298       0x28 C:\Users\user\git\libsccc\lib\libsccc-d-2016-inno.a(spi_master-d-2016-inno.o)
                0x0000b298                libbase::k60::SpiMasterInterface::~SpiMasterInterface()
                0x0000b298                libbase::k60::SpiMasterInterface::~SpiMasterInterface()
 .text._ZN7libbase3k6018SpiMasterInterfaceD0Ev
                0x0000b2c0       0x20 C:\Users\user\git\libsccc\lib\libsccc-d-2016-inno.a(spi_master-d-2016-inno.o)
                0x0000b2c0                libbase::k60::SpiMasterInterface::~SpiMasterInterface()
 .text._ZNK7libbase3k609SpiMastercvbEv
                0x0000b2e0       0x1c C:\Users\user\git\libsccc\lib\libsccc-d-2016-inno.a(spi_master-d-2016-inno.o)
                0x0000b2e0                libbase::k60::SpiMaster::operator bool() const
 .text._ZN7libbase3k608SpiUtils12GetSpiModuleENS0_3Spi7PcsNameE
                0x0000b2fc       0x1c C:\Users\user\git\libsccc\lib\libsccc-d-2016-inno.a(spi_master-d-2016-inno.o)
                0x0000b2fc                libbase::k60::SpiUtils::GetSpiModule(libbase::k60::Spi::PcsName)
 .text._ZNK7libbase3k6012_GLOBAL__N_121DelayScalerCalculator16GetBestPrescalerEv
                0x0000b318       0x18 C:\Users\user\git\libsccc\lib\libsccc-d-2016-inno.a(spi_master-d-2016-inno.o)
 .text._ZNK7libbase3k6012_GLOBAL__N_121DelayScalerCalculator13GetBestScalerEv
                0x0000b330       0x18 C:\Users\user\git\libsccc\lib\libsccc-d-2016-inno.a(spi_master-d-2016-inno.o)
 .text._ZN7libbase3k6012_GLOBAL__N_121DelayScalerCalculator4CalcEm
                0x0000b348       0xbc C:\Users\user\git\libsccc\lib\libsccc-d-2016-inno.a(spi_master-d-2016-inno.o)
 .text._ZN7libbase3k6012_GLOBAL__N_18SetHalt_Ehb
                0x0000b404       0x54 C:\Users\user\git\libsccc\lib\libsccc-d-2016-inno.a(spi_master-d-2016-inno.o)
 .text._ZN7libbase3k6018SpiMasterInterfaceC2Ev
                0x0000b458       0x20 C:\Users\user\git\libsccc\lib\libsccc-d-2016-inno.a(spi_master-d-2016-inno.o)
                0x0000b458                libbase::k60::SpiMasterInterface::SpiMasterInterface()
                0x0000b458                libbase::k60::SpiMasterInterface::SpiMasterInterface()
 .text._ZN7libbase3k609SpiMasterC2ERKNS1_6ConfigE
                0x0000b478      0x120 C:\Users\user\git\libsccc\lib\libsccc-d-2016-inno.a(spi_master-d-2016-inno.o)
                0x0000b478                libbase::k60::SpiMaster::SpiMaster(libbase::k60::SpiMaster::Config const&)
                0x0000b478                libbase::k60::SpiMaster::SpiMaster(libbase::k60::SpiMaster::Config const&)
 .text._ZN7libbase3k609SpiMasterD2Ev
                0x0000b598       0x88 C:\Users\user\git\libsccc\lib\libsccc-d-2016-inno.a(spi_master-d-2016-inno.o)
                0x0000b598                libbase::k60::SpiMaster::~SpiMaster()
                0x0000b598                libbase::k60::SpiMaster::~SpiMaster()
 .text._ZN7libbase3k609SpiMasterD0Ev
                0x0000b620       0x20 C:\Users\user\git\libsccc\lib\libsccc-d-2016-inno.a(spi_master-d-2016-inno.o)
                0x0000b620                libbase::k60::SpiMaster::~SpiMaster()
 .text._ZN7libbase3k609SpiMaster10InitModuleERKNS1_6ConfigE
                0x0000b640      0x11c C:\Users\user\git\libsccc\lib\libsccc-d-2016-inno.a(spi_master-d-2016-inno.o)
                0x0000b640                libbase::k60::SpiMaster::InitModule(libbase::k60::SpiMaster::Config const&)
 .text._ZN7libbase3k609SpiMaster7InitPinERKNS1_6ConfigE
                0x0000b75c      0x17c C:\Users\user\git\libsccc\lib\libsccc-d-2016-inno.a(spi_master-d-2016-inno.o)
                0x0000b75c                libbase::k60::SpiMaster::InitPin(libbase::k60::SpiMaster::Config const&)
 .text._ZN7libbase3k609SpiMaster10InitMcrRegERKNS1_6ConfigE
                0x0000b8d8       0xb8 C:\Users\user\git\libsccc\lib\libsccc-d-2016-inno.a(spi_master-d-2016-inno.o)
                0x0000b8d8                libbase::k60::SpiMaster::InitMcrReg(libbase::k60::SpiMaster::Config const&)
 .text._ZN7libbase3k609SpiMaster11InitCtarRegERKNS1_6ConfigE
                0x0000b990      0x118 C:\Users\user\git\libsccc\lib\libsccc-d-2016-inno.a(spi_master-d-2016-inno.o)
                0x0000b990                libbase::k60::SpiMaster::InitCtarReg(libbase::k60::SpiMaster::Config const&)
 .text._ZN7libbase3k609SpiMaster13InitInterruptERKNS1_6ConfigE
                0x0000baa8       0x58 C:\Users\user\git\libsccc\lib\libsccc-d-2016-inno.a(spi_master-d-2016-inno.o)
                0x0000baa8                libbase::k60::SpiMaster::InitInterrupt(libbase::k60::SpiMaster::Config const&)
 .text._ZN7libbase3k609SpiMaster11SetBaudRateEmPm
                0x0000bb00      0x11c C:\Users\user\git\libsccc\lib\libsccc-d-2016-inno.a(spi_master-d-2016-inno.o)
                0x0000bb00                libbase::k60::SpiMaster::SetBaudRate(unsigned long, unsigned long*)
 .text._ZN7libbase3k609SpiMaster14SetPcsSckDelayEmPm
                0x0000bc1c       0x54 C:\Users\user\git\libsccc\lib\libsccc-d-2016-inno.a(spi_master-d-2016-inno.o)
                0x0000bc1c                libbase::k60::SpiMaster::SetPcsSckDelay(unsigned long, unsigned long*)
 .text._ZN7libbase3k609SpiMaster16SetAfterSckDelayEmPm
                0x0000bc70       0x58 C:\Users\user\git\libsccc\lib\libsccc-d-2016-inno.a(spi_master-d-2016-inno.o)
                0x0000bc70                libbase::k60::SpiMaster::SetAfterSckDelay(unsigned long, unsigned long*)
 .text._ZN7libbase3k609SpiMaster21SetAfterTransferDelayEmPm
                0x0000bcc8       0x54 C:\Users\user\git\libsccc\lib\libsccc-d-2016-inno.a(spi_master-d-2016-inno.o)
                0x0000bcc8                libbase::k60::SpiMaster::SetAfterTransferDelay(unsigned long, unsigned long*)
 .text._ZN7libbase3k609SpiMaster12SetInterruptEbb
                0x0000bd1c       0x8c C:\Users\user\git\libsccc\lib\libsccc-d-2016-inno.a(spi_master-d-2016-inno.o)
                0x0000bd1c                libbase::k60::SpiMaster::SetInterrupt(bool, bool)
 .text._ZN7libbase3k609SpiMaster6UninitEv
                0x0000bda8       0x5c C:\Users\user\git\libsccc\lib\libsccc-d-2016-inno.a(spi_master-d-2016-inno.o)
                0x0000bda8                libbase::k60::SpiMaster::Uninit()
 .text._ZN7libbase3k609SpiMaster7SetHaltEb
                0x0000be04       0x20 C:\Users\user\git\libsccc\lib\libsccc-d-2016-inno.a(spi_master-d-2016-inno.o)
                0x0000be04                libbase::k60::SpiMaster::SetHalt(bool)
 .text._ZN7libbase3k609SpiMaster12ExchangeDataEht
                0x0000be24      0x170 C:\Users\user\git\libsccc\lib\libsccc-d-2016-inno.a(spi_master-d-2016-inno.o)
                0x0000be24                libbase::k60::SpiMaster::ExchangeData(unsigned char, unsigned short)
 .text._ZN7libbase3k609SpiMaster9KickStartEv
                0x0000bf94       0x40 C:\Users\user\git\libsccc\lib\libsccc-d-2016-inno.a(spi_master-d-2016-inno.o)
                0x0000bf94                libbase::k60::SpiMaster::KickStart()
 .text._ZN7libbase3k609SpiMaster8PushDataEhPKtj
                0x0000bfd4       0x30 C:\Users\user\git\libsccc\lib\libsccc-d-2016-inno.a(spi_master-d-2016-inno.o)
                0x0000bfd4                libbase::k60::SpiMaster::PushData(unsigned char, unsigned short const*, unsigned int)
 .text._ZN7libbase3k609SpiMaster8PushDataEhPKhj
                0x0000c004      0x168 C:\Users\user\git\libsccc\lib\libsccc-d-2016-inno.a(spi_master-d-2016-inno.o)
                0x0000c004                libbase::k60::SpiMaster::PushData(unsigned char, unsigned char const*, unsigned int)
 .text._ZN7libbase3k609SpiMaster14SetEnableRxIrqEb
                0x0000c16c       0x88 C:\Users\user\git\libsccc\lib\libsccc-d-2016-inno.a(spi_master-d-2016-inno.o)
                0x0000c16c                libbase::k60::SpiMaster::SetEnableRxIrq(bool)
 .text._ZN7libbase3k609SpiMaster14SetEnableTxIrqEb
                0x0000c1f4       0x88 C:\Users\user\git\libsccc\lib\libsccc-d-2016-inno.a(spi_master-d-2016-inno.o)
                0x0000c1f4                libbase::k60::SpiMaster::SetEnableTxIrq(bool)
 .text._ZN7libbase3k609SpiMaster10IrqHandlerEv
                0x0000c27c      0x1f0 C:\Users\user\git\libsccc\lib\libsccc-d-2016-inno.a(spi_master-d-2016-inno.o)
                0x0000c27c                libbase::k60::SpiMaster::IrqHandler()
 .text._ZN7libutil11EnumAdvanceIN7libbase3k603Sim9ClockGateEhEET_S5_T0_
                0x0000c46c       0x20 C:\Users\user\git\libsccc\lib\libsccc-d-2016-inno.a(spi_master-d-2016-inno.o)
                0x0000c46c                libbase::k60::Sim::ClockGate libutil::EnumAdvance<libbase::k60::Sim::ClockGate, unsigned char>(libbase::k60::Sim::ClockGate, unsigned char)
 .text._ZN7libutil5ClampIhEET_RKS1_S3_S3_
                0x0000c48c       0x2c C:\Users\user\git\libsccc\lib\libsccc-d-2016-inno.a(spi_master-d-2016-inno.o)
                0x0000c48c                unsigned char libutil::Clamp<unsigned char>(unsigned char const&, unsigned char const&, unsigned char const&)
 .text._ZNSt8functionIFvPN7libbase3k609SpiMasterEEEaSERKS5_
                0x0000c4b8       0x38 C:\Users\user\git\libsccc\lib\libsccc-d-2016-inno.a(spi_master-d-2016-inno.o)
                0x0000c4b8                std::function<void (libbase::k60::SpiMaster*)>::operator=(std::function<void (libbase::k60::SpiMaster*)> const&)
 .text._ZNKSt8functionIFvPN7libbase3k609SpiMasterEEEcvbEv
                0x0000c4f0       0x20 C:\Users\user\git\libsccc\lib\libsccc-d-2016-inno.a(spi_master-d-2016-inno.o)
                0x0000c4f0                std::function<void (libbase::k60::SpiMaster*)>::operator bool() const
 .text._ZN7libutil11EnumAdvanceI4IRQnhEET_S2_T0_
                0x0000c510       0x28 C:\Users\user\git\libsccc\lib\libsccc-d-2016-inno.a(spi_master-d-2016-inno.o)
                0x0000c510                IRQn libutil::EnumAdvance<IRQn, unsigned char>(IRQn, unsigned char)
 .text._ZSt7forwardIPN7libbase3k609SpiMasterEEOT_RNSt16remove_referenceIS4_E4typeE
                0x0000c538       0x18 C:\Users\user\git\libsccc\lib\libsccc-d-2016-inno.a(spi_master-d-2016-inno.o)
                0x0000c538                libbase::k60::SpiMaster*&& std::forward<libbase::k60::SpiMaster*>(std::remove_reference<libbase::k60::SpiMaster*>::type&)
 .text._ZNKSt8functionIFvPN7libbase3k609SpiMasterEEEclES3_
                0x0000c550       0x3c C:\Users\user\git\libsccc\lib\libsccc-d-2016-inno.a(spi_master-d-2016-inno.o)
                0x0000c550                std::function<void (libbase::k60::SpiMaster*)>::operator()(libbase::k60::SpiMaster*) const
 .text._ZSt3minIhERKT_S2_S2_
                0x0000c58c       0x28 C:\Users\user\git\libsccc\lib\libsccc-d-2016-inno.a(spi_master-d-2016-inno.o)
                0x0000c58c                unsigned char const& std::min<unsigned char>(unsigned char const&, unsigned char const&)
 .text._ZSt3maxIhERKT_S2_S2_
                0x0000c5b4       0x28 C:\Users\user\git\libsccc\lib\libsccc-d-2016-inno.a(spi_master-d-2016-inno.o)
                0x0000c5b4                unsigned char const& std::max<unsigned char>(unsigned char const&, unsigned char const&)
 .text._ZNSt8functionIFvPN7libbase3k609SpiMasterEEEC2ERKS5_
                0x0000c5dc       0x50 C:\Users\user\git\libsccc\lib\libsccc-d-2016-inno.a(spi_master-d-2016-inno.o)
                0x0000c5dc                std::function<void (libbase::k60::SpiMaster*)>::function(std::function<void (libbase::k60::SpiMaster*)> const&)
                0x0000c5dc                std::function<void (libbase::k60::SpiMaster*)>::function(std::function<void (libbase::k60::SpiMaster*)> const&)
 .text._ZNSt8functionIFvPN7libbase3k609SpiMasterEEE4swapERS5_
                0x0000c62c       0x40 C:\Users\user\git\libsccc\lib\libsccc-d-2016-inno.a(spi_master-d-2016-inno.o)
                0x0000c62c                std::function<void (libbase::k60::SpiMaster*)>::swap(std::function<void (libbase::k60::SpiMaster*)>&)
 .text._ZSt4moveIRPFvRKSt9_Any_dataPN7libbase3k609SpiMasterEEEONSt16remove_referenceIT_E4typeEOSB_
                0x0000c66c       0x18 C:\Users\user\git\libsccc\lib\libsccc-d-2016-inno.a(spi_master-d-2016-inno.o)
                0x0000c66c                std::remove_reference<void (*&)(std::_Any_data const&, libbase::k60::SpiMaster*)>::type&& std::move<void (*&)(std::_Any_data const&, libbase::k60::SpiMaster*)>(void (*&)(std::_Any_data const&, libbase::k60::SpiMaster*))
 .text._ZSt4swapIPFvRKSt9_Any_dataPN7libbase3k609SpiMasterEEEvRT_SA_
                0x0000c684       0x3c C:\Users\user\git\libsccc\lib\libsccc-d-2016-inno.a(spi_master-d-2016-inno.o)
                0x0000c684                void std::swap<void (*)(std::_Any_data const&, libbase::k60::SpiMaster*)>(void (*&)(std::_Any_data const&, libbase::k60::SpiMaster*), void (*&)(std::_Any_data const&, libbase::k60::SpiMaster*))
 .text._ZN7libbase3k608SpiUtils11GetCsNumberENS0_3Pin4NameE
                0x0000c6c0      0x268 C:\Users\user\git\libsccc\lib\libsccc-d-2016-inno.a(spi_utils-d-2016-inno.o)
                0x0000c6c0                libbase::k60::SpiUtils::GetCsNumber(libbase::k60::Pin::Name)
 .text._ZN7libbase3k6010ClockUtils16GetCoreTickPerMsEv
                0x0000c928       0x10 C:\Users\user\git\libsccc\lib\libsccc-d-2016-inno.a(sys_tick_timer-d-2016-inno.o)
                0x0000c928                libbase::k60::ClockUtils::GetCoreTickPerMs()
 .text._ZN5libsc5TimerD2Ev
                0x0000c938       0x28 C:\Users\user\git\libsccc\lib\libsccc-d-2016-inno.a(sys_tick_timer-d-2016-inno.o)
                0x0000c938                libsc::Timer::~Timer()
                0x0000c938                libsc::Timer::~Timer()
 .text._ZN5libsc5TimerD0Ev
                0x0000c960       0x20 C:\Users\user\git\libsccc\lib\libsccc-d-2016-inno.a(sys_tick_timer-d-2016-inno.o)
                0x0000c960                libsc::Timer::~Timer()
 .text._ZNSt8functionIFvPN7libbase3k607SysTickEEED2Ev
                0x0000c980       0x1c C:\Users\user\git\libsccc\lib\libsccc-d-2016-inno.a(sys_tick_timer-d-2016-inno.o)
                0x0000c980                std::function<void (libbase::k60::SysTick*)>::~function()
                0x0000c980                std::function<void (libbase::k60::SysTick*)>::~function()
 .text._ZN7libbase3k607SysTick6ConfigC2Ev
                0x0000c99c       0x24 C:\Users\user\git\libsccc\lib\libsccc-d-2016-inno.a(sys_tick_timer-d-2016-inno.o)
                0x0000c99c                libbase::k60::SysTick::Config::Config()
                0x0000c99c                libbase::k60::SysTick::Config::Config()
 .text._ZN7libbase3k607SysTick6ConfigD2Ev
                0x0000c9c0       0x1c C:\Users\user\git\libsccc\lib\libsccc-d-2016-inno.a(sys_tick_timer-d-2016-inno.o)
                0x0000c9c0                libbase::k60::SysTick::Config::~Config()
                0x0000c9c0                libbase::k60::SysTick::Config::~Config()
 .text._ZN5libsc12_GLOBAL__N_116GetSysTickConfigERKSt8functionIFvPN7libbase3k607SysTickEEE
                0x0000c9dc       0x30 C:\Users\user\git\libsccc\lib\libsccc-d-2016-inno.a(sys_tick_timer-d-2016-inno.o)
 .text._ZN5libsc5TimerC2Ev
                0x0000ca0c       0x20 C:\Users\user\git\libsccc\lib\libsccc-d-2016-inno.a(sys_tick_timer-d-2016-inno.o)
                0x0000ca0c                libsc::Timer::Timer()
                0x0000ca0c                libsc::Timer::Timer()
 .text._ZN5libsc12SysTickTimerC2Ev
                0x0000ca2c       0xac C:\Users\user\git\libsccc\lib\libsccc-d-2016-inno.a(sys_tick_timer-d-2016-inno.o)
                0x0000ca2c                libsc::SysTickTimer::SysTickTimer()
                0x0000ca2c                libsc::SysTickTimer::SysTickTimer()
 .text._ZN5libsc12SysTickTimer6OnTickEPN7libbase3k607SysTickE
                0x0000cad8       0x20 C:\Users\user\git\libsccc\lib\libsccc-d-2016-inno.a(sys_tick_timer-d-2016-inno.o)
                0x0000cad8                libsc::SysTickTimer::OnTick(libbase::k60::SysTick*)
 .text._ZNSt14unary_functionIPN7libbase3k607SysTickEvEC2Ev
                0x0000caf8       0x18 C:\Users\user\git\libsccc\lib\libsccc-d-2016-inno.a(sys_tick_timer-d-2016-inno.o)
                0x0000caf8                std::unary_function<libbase::k60::SysTick*, void>::unary_function()
                0x0000caf8                std::unary_function<libbase::k60::SysTick*, void>::unary_function()
 .text._ZNSt31_Maybe_unary_or_binary_functionIvIPN7libbase3k607SysTickEEEC2Ev
                0x0000cb10       0x18 C:\Users\user\git\libsccc\lib\libsccc-d-2016-inno.a(sys_tick_timer-d-2016-inno.o)
                0x0000cb10                std::_Maybe_unary_or_binary_function<void, libbase::k60::SysTick*>::_Maybe_unary_or_binary_function()
                0x0000cb10                std::_Maybe_unary_or_binary_function<void, libbase::k60::SysTick*>::_Maybe_unary_or_binary_function()
                0x0000cb10                std::_Maybe_unary_or_binary_function<void, libbase::k60::SysTick*>::_Maybe_unary_or_binary_function()
                0x0000cb10                std::_Maybe_unary_or_binary_function<void, libbase::k60::SysTick*>::_Maybe_unary_or_binary_function()
 .text._ZNSt8functionIFvPN7libbase3k607SysTickEEEC2Ev
                0x0000cb28       0x20 C:\Users\user\git\libsccc\lib\libsccc-d-2016-inno.a(sys_tick_timer-d-2016-inno.o)
                0x0000cb28                std::function<void (libbase::k60::SysTick*)>::function()
                0x0000cb28                std::function<void (libbase::k60::SysTick*)>::function()
 .text._ZNSt8functionIFvPN7libbase3k607SysTickEEEaSERKS5_
                0x0000cb48       0x38 C:\Users\user\git\libsccc\lib\libsccc-d-2016-inno.a(sys_tick_timer-d-2016-inno.o)
                0x0000cb48                std::function<void (libbase::k60::SysTick*)>::operator=(std::function<void (libbase::k60::SysTick*)> const&)
 .text._ZSt7forwardIMN5libsc12SysTickTimerEFvPN7libbase3k607SysTickEEEOT_RNSt16remove_referenceIS8_E4typeE
                0x0000cb80       0x18 C:\Users\user\git\libsccc\lib\libsccc-d-2016-inno.a(sys_tick_timer-d-2016-inno.o)
                0x0000cb80                void (libsc::SysTickTimer::*&&std::forward<void (libsc::SysTickTimer::*)(libbase::k60::SysTick*)>(std::remove_reference<void (libsc::SysTickTimer::*)(libbase::k60::SysTick*)>::type&))(libbase::k60::SysTick*)
 .text._ZSt7forwardIKPN5libsc12SysTickTimerEEOT_RNSt16remove_referenceIS4_E4typeE
                0x0000cb98       0x18 C:\Users\user\git\libsccc\lib\libsccc-d-2016-inno.a(sys_tick_timer-d-2016-inno.o)
                0x0000cb98                libsc::SysTickTimer* const&& std::forward<libsc::SysTickTimer* const>(std::remove_reference<libsc::SysTickTimer* const>::type&)
 .text._ZSt7forwardIRKSt12_PlaceholderILi1EEEOT_RNSt16remove_referenceIS4_E4typeE
                0x0000cbb0       0x18 C:\Users\user\git\libsccc\lib\libsccc-d-2016-inno.a(sys_tick_timer-d-2016-inno.o)
                0x0000cbb0                std::_Placeholder<1> const& std::forward<std::_Placeholder<1> const&>(std::remove_reference<std::_Placeholder<1> const&>::type&)
 .text._ZSt4bindIMN5libsc12SysTickTimerEFvPN7libbase3k607SysTickEEIKPS1_RKSt12_PlaceholderILi1EEEENSt12_Bind_helperIXsrSt5__or_IISt11is_integralINSt5decayIT_E4typeEESt7is_enumISK_EEE5valueESI_IDpT0_EE4typeEOSI_DpOSP_
                0x0000cbc8       0x4c C:\Users\user\git\libsccc\lib\libsccc-d-2016-inno.a(sys_tick_timer-d-2016-inno.o)
                0x0000cbc8                std::_Bind_helper<std::__or_<std::is_integral<std::decay<void (libsc::SysTickTimer::*)(libbase::k60::SysTick*)>::type>, std::is_enum<std::decay<void (libsc::SysTickTimer::*)(libbase::k60::SysTick*)>::type> >::value, void (libsc::SysTickTimer::*)(libbase::k60::SysTick*)<libsc::SysTickTimer* const, std::_Placeholder<1> const&> >::type std::bind<void (libsc::SysTickTimer::*)(libbase::k60::SysTick*), libsc::SysTickTimer* const, std::_Placeholder<1> const&>(void (libsc::SysTickTimer::*&&)(libbase::k60::SysTick*), libsc::SysTickTimer* const&&, std::_Placeholder<1> const&)
                0x0000cbc8                std::_Bind_helper<std::__or_<std::is_integral<std::decay<void (libsc::SysTickTimer::*)(libbase::k60::SysTick*)>::type>, std::is_enum<std::decay<void (libsc::SysTickTimer::*)(libbase::k60::SysTick*)>::type> >::value, void (libsc::SysTickTimer::*)(libbase::k60::SysTick*), libsc::SysTickTimer* const, std::_Placeholder<1> const&>::type std::bind<void (libsc::SysTickTimer::*)(libbase::k60::SysTick*), libsc::SysTickTimer* const, std::_Placeholder<1> const&>(void (libsc::SysTickTimer::*&&)(libbase::k60::SysTick*), libsc::SysTickTimer* const&&, std::_Placeholder<1> const&)
 .text._ZSt4moveIRSt7_Mem_fnIMN5libsc12SysTickTimerEFvPN7libbase3k607SysTickEEEEONSt16remove_referenceIT_E4typeEOSC_
                0x0000cc14       0x18 C:\Users\user\git\libsccc\lib\libsccc-d-2016-inno.a(sys_tick_timer-d-2016-inno.o)
                0x0000cc14                std::remove_reference<std::_Mem_fn<void (libsc::SysTickTimer::*)(libbase::k60::SysTick*)>&>::type&& std::move<std::_Mem_fn<void (libsc::SysTickTimer::*)(libbase::k60::SysTick*)>&>(std::_Mem_fn<void (libsc::SysTickTimer::*)(libbase::k60::SysTick*)>&)
 .text._ZSt4moveIRSt5tupleIIPN5libsc12SysTickTimerESt12_PlaceholderILi1EEEEEONSt16remove_referenceIT_E4typeEOS9_
                0x0000cc2c       0x18 C:\Users\user\git\libsccc\lib\libsccc-d-2016-inno.a(sys_tick_timer-d-2016-inno.o)
                0x0000cc2c                std::remove_reference<std::tuple<libsc::SysTickTimer*, std::_Placeholder<1> >&>::type&& std::move<std::tuple<libsc::SysTickTimer*, std::_Placeholder<1> >&>(std::tuple<libsc::SysTickTimer*, std::_Placeholder<1> >&)
                0x0000cc2c                std::remove_reference<std::tuple<libsc::SysTickTimer*, std::_Placeholder<1> >&>::type&& std::move<std::tuple<libsc::SysTickTimer*, std::_Placeholder<1> >&>(std::tuple<libsc::SysTickTimer*, std::_Placeholder<1> >&)
 .text._ZNSt22_Maybe_get_result_typeILb1ESt7_Mem_fnIMN5libsc12SysTickTimerEFvPN7libbase3k607SysTickEEEEC2Ev
                0x0000cc44       0x18 C:\Users\user\git\libsccc\lib\libsccc-d-2016-inno.a(sys_tick_timer-d-2016-inno.o)
                0x0000cc44                std::_Maybe_get_result_type<true, std::_Mem_fn<void (libsc::SysTickTimer::*)(libbase::k60::SysTick*)> >::_Maybe_get_result_type()
                0x0000cc44                std::_Maybe_get_result_type<true, std::_Mem_fn<void (libsc::SysTickTimer::*)(libbase::k60::SysTick*)> >::_Maybe_get_result_type()
 .text._ZNSt22_Weak_result_type_implISt7_Mem_fnIMN5libsc12SysTickTimerEFvPN7libbase3k607SysTickEEEEC2Ev
                0x0000cc5c       0x18 C:\Users\user\git\libsccc\lib\libsccc-d-2016-inno.a(sys_tick_timer-d-2016-inno.o)
                0x0000cc5c                std::_Weak_result_type_impl<std::_Mem_fn<void (libsc::SysTickTimer::*)(libbase::k60::SysTick*)> >::_Weak_result_type_impl()
                0x0000cc5c                std::_Weak_result_type_impl<std::_Mem_fn<void (libsc::SysTickTimer::*)(libbase::k60::SysTick*)> >::_Weak_result_type_impl()
 .text._ZNSt17_Weak_result_typeISt7_Mem_fnIMN5libsc12SysTickTimerEFvPN7libbase3k607SysTickEEEEC2Ev
                0x0000cc74       0x18 C:\Users\user\git\libsccc\lib\libsccc-d-2016-inno.a(sys_tick_timer-d-2016-inno.o)
                0x0000cc74                std::_Weak_result_type<std::_Mem_fn<void (libsc::SysTickTimer::*)(libbase::k60::SysTick*)> >::_Weak_result_type()
                0x0000cc74                std::_Weak_result_type<std::_Mem_fn<void (libsc::SysTickTimer::*)(libbase::k60::SysTick*)> >::_Weak_result_type()
 .text._ZNSt11_Tuple_implILj1EISt12_PlaceholderILi1EEEE7_M_tailERS2_
                0x0000cc8c       0x18 C:\Users\user\git\libsccc\lib\libsccc-d-2016-inno.a(sys_tick_timer-d-2016-inno.o)
                0x0000cc8c                std::_Tuple_impl<1u, std::_Placeholder<1> >::_M_tail(std::_Tuple_impl<1u, std::_Placeholder<1> >&)
                0x0000cc8c                std::_Tuple_impl<1u, std::_Placeholder<1> >::_M_tail(std::_Tuple_impl<1u, std::_Placeholder<1> >&)
 .text._ZSt4moveIRSt11_Tuple_implILj2EIEEEONSt16remove_referenceIT_E4typeEOS4_
                0x0000cca4       0x18 C:\Users\user\git\libsccc\lib\libsccc-d-2016-inno.a(sys_tick_timer-d-2016-inno.o)
                0x0000cca4                std::remove_reference<std::_Tuple_impl<2u>&>::type&& std::move<std::_Tuple_impl<2u>&>(std::_Tuple_impl<2u>&)
                0x0000cca4                std::remove_reference<std::_Tuple_impl<2u>&>::type&& std::move<std::_Tuple_impl<2u>&>(std::_Tuple_impl<2u>&)
 .text._ZNSt10_Head_baseILj1ESt12_PlaceholderILi1EELb1EE7_M_headERS2_
                0x0000ccbc       0x18 C:\Users\user\git\libsccc\lib\libsccc-d-2016-inno.a(sys_tick_timer-d-2016-inno.o)
                0x0000ccbc                std::_Head_base<1u, std::_Placeholder<1>, true>::_M_head(std::_Head_base<1u, std::_Placeholder<1>, true>&)
 .text._ZNSt11_Tuple_implILj1EISt12_PlaceholderILi1EEEE7_M_headERS2_
                0x0000ccd4       0x18 C:\Users\user\git\libsccc\lib\libsccc-d-2016-inno.a(sys_tick_timer-d-2016-inno.o)
                0x0000ccd4                std::_Tuple_impl<1u, std::_Placeholder<1> >::_M_head(std::_Tuple_impl<1u, std::_Placeholder<1> >&)
                0x0000ccd4                std::_Tuple_impl<1u, std::_Placeholder<1> >::_M_head(std::_Tuple_impl<1u, std::_Placeholder<1> >&)
 .text._ZSt7forwardISt12_PlaceholderILi1EEEOT_RNSt16remove_referenceIS2_E4typeE
                0x0000ccec       0x18 C:\Users\user\git\libsccc\lib\libsccc-d-2016-inno.a(sys_tick_timer-d-2016-inno.o)
                0x0000ccec                std::_Placeholder<1>&& std::forward<std::_Placeholder<1> >(std::remove_reference<std::_Placeholder<1> >::type&)
 .text._ZNSt10_Head_baseILj1ESt12_PlaceholderILi1EELb1EEC2IS1_vEEOT_
                0x0000cd04       0x1c C:\Users\user\git\libsccc\lib\libsccc-d-2016-inno.a(sys_tick_timer-d-2016-inno.o)
                0x0000cd04                std::_Head_base<1u, std::_Placeholder<1>, true>::_Head_base<std::_Placeholder<1>, void>(std::_Placeholder<1>&&)
                0x0000cd04                std::_Head_base<1u, std::_Placeholder<1>, true>::_Head_base<std::_Placeholder<1>, void>(std::_Placeholder<1>&&)
 .text._ZNSt11_Tuple_implILj1EISt12_PlaceholderILi1EEEEC2EOS2_
                0x0000cd20       0x3c C:\Users\user\git\libsccc\lib\libsccc-d-2016-inno.a(sys_tick_timer-d-2016-inno.o)
                0x0000cd20                std::_Tuple_impl<1u, std::_Placeholder<1> >::_Tuple_impl(std::_Tuple_impl<1u, std::_Placeholder<1> >&&)
                0x0000cd20                std::_Tuple_impl<1u, std::_Placeholder<1> >::_Tuple_impl(std::_Tuple_impl<1u, std::_Placeholder<1> >&&)
                0x0000cd20                std::_Tuple_impl<1u, std::_Placeholder<1> >::_Tuple_impl(std::_Tuple_impl<1u, std::_Placeholder<1> >&&)
                0x0000cd20                std::_Tuple_impl<1u, std::_Placeholder<1> >::_Tuple_impl(std::_Tuple_impl<1u, std::_Placeholder<1> >&&)
 .text._ZNSt11_Tuple_implILj0EIPN5libsc12SysTickTimerESt12_PlaceholderILi1EEEE7_M_tailERS5_
                0x0000cd5c       0x18 C:\Users\user\git\libsccc\lib\libsccc-d-2016-inno.a(sys_tick_timer-d-2016-inno.o)
                0x0000cd5c                std::_Tuple_impl<0u, libsc::SysTickTimer*, std::_Placeholder<1> >::_M_tail(std::_Tuple_impl<0u, libsc::SysTickTimer*, std::_Placeholder<1> >&)
                0x0000cd5c                std::_Tuple_impl<0u, libsc::SysTickTimer*, std::_Placeholder<1> >::_M_tail(std::_Tuple_impl<0u, libsc::SysTickTimer*, std::_Placeholder<1> >&)
 .text._ZSt4moveIRSt11_Tuple_implILj1EISt12_PlaceholderILi1EEEEEONSt16remove_referenceIT_E4typeEOS6_
                0x0000cd74       0x18 C:\Users\user\git\libsccc\lib\libsccc-d-2016-inno.a(sys_tick_timer-d-2016-inno.o)
                0x0000cd74                std::remove_reference<std::_Tuple_impl<1u, std::_Placeholder<1> >&>::type&& std::move<std::_Tuple_impl<1u, std::_Placeholder<1> >&>(std::_Tuple_impl<1u, std::_Placeholder<1> >&)
                0x0000cd74                std::remove_reference<std::_Tuple_impl<1u, std::_Placeholder<1> >&>::type&& std::move<std::_Tuple_impl<1u, std::_Placeholder<1> >&>(std::_Tuple_impl<1u, std::_Placeholder<1> >&)
 .text._ZNSt10_Head_baseILj0EPN5libsc12SysTickTimerELb0EE7_M_headERS3_
                0x0000cd8c       0x18 C:\Users\user\git\libsccc\lib\libsccc-d-2016-inno.a(sys_tick_timer-d-2016-inno.o)
                0x0000cd8c                std::_Head_base<0u, libsc::SysTickTimer*, false>::_M_head(std::_Head_base<0u, libsc::SysTickTimer*, false>&)
 .text._ZNSt11_Tuple_implILj0EIPN5libsc12SysTickTimerESt12_PlaceholderILi1EEEE7_M_headERS5_
                0x0000cda4       0x1c C:\Users\user\git\libsccc\lib\libsccc-d-2016-inno.a(sys_tick_timer-d-2016-inno.o)
                0x0000cda4                std::_Tuple_impl<0u, libsc::SysTickTimer*, std::_Placeholder<1> >::_M_head(std::_Tuple_impl<0u, libsc::SysTickTimer*, std::_Placeholder<1> >&)
                0x0000cda4                std::_Tuple_impl<0u, libsc::SysTickTimer*, std::_Placeholder<1> >::_M_head(std::_Tuple_impl<0u, libsc::SysTickTimer*, std::_Placeholder<1> >&)
 .text._ZSt7forwardIPN5libsc12SysTickTimerEEOT_RNSt16remove_referenceIS3_E4typeE