Archive member included because of file (symbol)

C:\Users\user\git\libsccc\lib\libsccc-d-2016-inno.a(startup-d-2016-inno.o)
                              (__thumb_startup)
C:\Users\user\git\libsccc\lib\libsccc-d-2016-inno.a(system-d-2016-inno.o)
                              C:\Users\user\git\libsccc\lib\libsccc-d-2016-inno.a(startup-d-2016-inno.o) (SystemInit)
C:\Users\user\git\libsccc\lib\libsccc-d-2016-inno.a(fpu-d-2016-inno.o)
                              C:\Users\user\git\libsccc\lib\libsccc-d-2016-inno.a(system-d-2016-inno.o) (LibbaseK60FpuInit)
C:\Users\user\git\libsccc\lib\libsccc-d-2016-inno.a(mcg-d-2016-inno.o)
                              obj/main-d-2016-inno.o (libbase::k60::Mcg::Config::Config())
C:\Users\user\git\libsccc\lib\libsccc-d-2016-inno.a(watchdog-d-2016-inno.o)
                              C:\Users\user\git\libsccc\lib\libsccc-d-2016-inno.a(startup-d-2016-inno.o) (LibbaseK60WatchdogInit)
C:\Users\user\git\libsccc\lib\libsccc-d-2016-inno.a(st7735r-d-2016-inno.o)
                              obj/main-d-2016-inno.o (libsc::St7735r::St7735r(libsc::St7735r::Config const&))
C:\Users\user\git\libsccc\lib\libsccc-d-2016-inno.a(tsl1401cl-d-2016-inno.o)
                              obj/main-d-2016-inno.o (libsc::Tsl1401cl::Tsl1401cl(unsigned char))
C:\Users\user\git\libsccc\lib\libsccc-d-2016-inno.a(system-d-2016-inno.o)
                              obj/main-d-2016-inno.o (libsc::System::Init())
C:\Users\user\git\libsccc\lib\libsccc-d-2016-inno.a(assert-d-2016-inno.o)
                              C:\Users\user\git\libsccc\lib\libsccc-d-2016-inno.a(mcg-d-2016-inno.o) (__assert_func)
C:\Users\user\git\libsccc\lib\libsccc-d-2016-inno.a(syscall-d-2016-inno.o)
                              C:\Users\user\git\libsccc\lib\libsccc-d-2016-inno.a(startup-d-2016-inno.o) (KeepSyscallSymbols)
C:\Users\user\git\libsccc\lib\libsccc-d-2016-inno.a(vectors-d-2016-inno.o)
                              C:\Users\user\git\libsccc\lib\libsccc-d-2016-inno.a(system-d-2016-inno.o) (InitVectorTable)
C:\Users\user\git\libsccc\lib\libsccc-d-2016-inno.a(adc-d-2016-inno.o)
                              C:\Users\user\git\libsccc\lib\libsccc-d-2016-inno.a(tsl1401cl-d-2016-inno.o) (libbase::k60::Adc::Adc(libbase::k60::Adc::Config const&))
C:\Users\user\git\libsccc\lib\libsccc-d-2016-inno.a(cache-d-2016-inno.o)
                              C:\Users\user\git\libsccc\lib\libsccc-d-2016-inno.a(system-d-2016-inno.o) (libbase::k60::Cache::Cache())
C:\Users\user\git\libsccc\lib\libsccc-d-2016-inno.a(clock_utils-d-2016-inno.o)
                              C:\Users\user\git\libsccc\lib\libsccc-d-2016-inno.a(adc-d-2016-inno.o) (libbase::k60::ClockUtils::GetBusClockKhz())
C:\Users\user\git\libsccc\lib\libsccc-d-2016-inno.a(dwt-d-2016-inno.o)
                              C:\Users\user\git\libsccc\lib\libsccc-d-2016-inno.a(system-d-2016-inno.o) (libbase::k60::Dwt::DelayUs(unsigned short))
C:\Users\user\git\libsccc\lib\libsccc-d-2016-inno.a(gpio-d-2016-inno.o)
                              C:\Users\user\git\libsccc\lib\libsccc-d-2016-inno.a(st7735r-d-2016-inno.o) (libbase::k60::Gpo::Set(bool))
C:\Users\user\git\libsccc\lib\libsccc-d-2016-inno.a(pin-d-2016-inno.o)
                              C:\Users\user\git\libsccc\lib\libsccc-d-2016-inno.a(adc-d-2016-inno.o) (libbase::k60::Pin::Pin(libbase::k60::Pin::Config const&))
C:\Users\user\git\libsccc\lib\libsccc-d-2016-inno.a(pin_isr_manager-d-2016-inno.o)
                              C:\Users\user\git\libsccc\lib\libsccc-d-2016-inno.a(gpio-d-2016-inno.o) (libbase::k60::PinIsrManager::GetInstance())
C:\Users\user\git\libsccc\lib\libsccc-d-2016-inno.a(sim-d-2016-inno.o)
                              C:\Users\user\git\libsccc\lib\libsccc-d-2016-inno.a(adc-d-2016-inno.o) (libbase::k60::Sim::SetEnableClockGate(libbase::k60::Sim::ClockGate, bool))
C:\Users\user\git\libsccc\lib\libsccc-d-2016-inno.a(spi_master-d-2016-inno.o)
                              C:\Users\user\git\libsccc\lib\libsccc-d-2016-inno.a(st7735r-d-2016-inno.o) (libbase::k60::SpiMaster::SpiMaster(libbase::k60::SpiMaster::Config const&))
C:\Users\user\git\libsccc\lib\libsccc-d-2016-inno.a(spi_utils-d-2016-inno.o)
                              C:\Users\user\git\libsccc\lib\libsccc-d-2016-inno.a(spi_master-d-2016-inno.o) (libbase::k60::SpiUtils::GetCsNumber(libbase::k60::Pin::Name))
C:\Users\user\git\libsccc\lib\libsccc-d-2016-inno.a(sys_tick_timer-d-2016-inno.o)
                              C:\Users\user\git\libsccc\lib\libsccc-d-2016-inno.a(system-d-2016-inno.o) (libsc::SysTickTimer::SysTickTimer())
C:\Users\user\git\libsccc\lib\libsccc-d-2016-inno.a(endian_utils-d-2016-inno.o)
                              C:\Users\user\git\libsccc\lib\libsccc-d-2016-inno.a(sim-d-2016-inno.o) (libutil::EndianUtils::IsBigEndian())
C:\Users\user\git\libsccc\lib\libsccc-d-2016-inno.a(string-d-2016-inno.o)
[...]
Memory Configuration

Name             Origin             Length             Attributes
m_interrupts     0x00000000         0x000001e8         xr
m_text           0x00000410         0x0007fbf0         xr
m_data           0x1fff0000         0x00010000         rw
m_data_20000000  0x20000000         0x00010000         rw
m_cfmprotrom     0x00000400         0x00000010         xr
*default*        0x00000000         0xffffffff

Linker script and memory map

LOAD c:/users/user/desktop/robotics/gcc-arm-none-eabi-4_8-2014q3/bin/../lib/gcc/arm-none-eabi/4.8.4/armv7e-m/fpu/crti.o
LOAD c:/users/user/desktop/robotics/gcc-arm-none-eabi-4_8-2014q3/bin/../lib/gcc/arm-none-eabi/4.8.4/armv7e-m/fpu/crtbegin.o
LOAD c:/users/user/desktop/robotics/gcc-arm-none-eabi-4_8-2014q3/bin/../lib/gcc/arm-none-eabi/4.8.4/../../../../arm-none-eabi/lib/armv7e-m/fpu/crt0.o
LOAD obj/main-d-2016-inno.o
LOAD C:\Users\user\git\libsccc\lib\libsccc-d-2016-inno.a
LOAD c:/users/user/desktop/robotics/gcc-arm-none-eabi-4_8-2014q3/bin/../lib/gcc/arm-none-eabi/4.8.4/../../../../arm-none-eabi/lib/armv7e-m/fpu\libstdc++_s.a
LOAD c:/users/user/desktop/robotics/gcc-arm-none-eabi-4_8-2014q3/bin/../lib/gcc/arm-none-eabi/4.8.4/../../../../arm-none-eabi/lib/armv7e-m/fpu\libm.a
START GROUP
LOAD c:/users/user/desktop/robotics/gcc-arm-none-eabi-4_8-2014q3/bin/../lib/gcc/arm-none-eabi/4.8.4/armv7e-m/fpu\libgcc.a
LOAD c:/users/user/desktop/robotics/gcc-arm-none-eabi-4_8-2014q3/bin/../lib/gcc/arm-none-eabi/4.8.4/../../../../arm-none-eabi/lib/armv7e-m/fpu\libc_s.a
END GROUP
START GROUP
LOAD c:/users/user/desktop/robotics/gcc-arm-none-eabi-4_8-2014q3/bin/../lib/gcc/arm-none-eabi/4.8.4/armv7e-m/fpu\libgcc.a
LOAD c:/users/user/desktop/robotics/gcc-arm-none-eabi-4_8-2014q3/bin/../lib/gcc/arm-none-eabi/4.8.4/../../../../arm-none-eabi/lib/armv7e-m/fpu\libc_s.a
END GROUP
LOAD c:/users/user/desktop/robotics/gcc-arm-none-eabi-4_8-2014q3/bin/../lib/gcc/arm-none-eabi/4.8.4/armv7e-m/fpu/crtend.o
LOAD c:/users/user/desktop/robotics/gcc-arm-none-eabi-4_8-2014q3/bin/../lib/gcc/arm-none-eabi/4.8.4/armv7e-m/fpu/crtn.o
                0x20000000                _estack = 0x20000000
                0x20000000                __SP_INIT = _estack
                0x00009000                __heap_size = 0x9000
                0x00001000                __stack_size = 0x1000

.interrupts     0x00000000      0x1e8
                0x00000000                __vector_table = .
                0x00000000                . = ALIGN (0x4)
 *(.vectortable)
 .vectortable   0x00000000      0x1e8 C:\Users\user\git\libsccc\lib\libsccc-d-2016-inno.a(vectors-d-2016-inno.o)
                0x00000000                __vect_table
                0x000001e8                . = ALIGN (0x4)

.cfmprotect     0x00000400       0x10
                0x00000400                . = ALIGN (0x4)
 *(.cfmconfig)
 .cfmconfig     0x00000400       0x10 C:\Users\user\git\libsccc\lib\libsccc-d-2016-inno.a(system-d-2016-inno.o)
                0x00000400                _cfm
                0x00000410                . = ALIGN (0x4)

.text           0x00000410    0x12fac
                0x00000410                . = ALIGN (0x4)
 *(.text)
 .text          0x00000410       0x54 c:/users/user/desktop/robotics/gcc-arm-none-eabi-4_8-2014q3/bin/../lib/gcc/arm-none-eabi/4.8.4/armv7e-m/fpu/crtbegin.o
 .text          0x00000464     0x5784 c:/users/user/desktop/robotics/gcc-arm-none-eabi-4_8-2014q3/bin/../lib/gcc/arm-none-eabi/4.8.4/../../../../arm-none-eabi/lib/armv7e-m/fpu\libstdc++_s.a(cp-demangle.o)
                0x00005b08                __cxa_demangle
                0x00005bcc                __gcclibcxx_demangle_callback
 .text          0x00005be8       0x2c c:/users/user/desktop/robotics/gcc-arm-none-eabi-4_8-2014q3/bin/../lib/gcc/arm-none-eabi/4.8.4/armv7e-m/fpu\libgcc.a(_aeabi_uldivmod.o)
                0x00005be8                __aeabi_uldivmod
 .text          0x00005c14       0x60 c:/users/user/desktop/robotics/gcc-arm-none-eabi-4_8-2014q3/bin/../lib/gcc/arm-none-eabi/4.8.4/armv7e-m/fpu\libgcc.a(bpabi.o)
                0x00005c14                __gnu_ldivmod_helper
                0x00005c44                __gnu_uldivmod_helper
 .text          0x00005c74        0x4 c:/users/user/desktop/robotics/gcc-arm-none-eabi-4_8-2014q3/bin/../lib/gcc/arm-none-eabi/4.8.4/armv7e-m/fpu\libgcc.a(_dvmd_tls.o)
                0x00005c74                __aeabi_idiv0
                0x00005c74                __aeabi_ldiv0
 .text          0x00005c78      0x298 c:/users/user/desktop/robotics/gcc-arm-none-eabi-4_8-2014q3/bin/../lib/gcc/arm-none-eabi/4.8.4/armv7e-m/fpu\libgcc.a(_divdi3.o)
                0x00005c78                __divdi3
 .text          0x00005f10      0x284 c:/users/user/desktop/robotics/gcc-arm-none-eabi-4_8-2014q3/bin/../lib/gcc/arm-none-eabi/4.8.4/armv7e-m/fpu\libgcc.a(_udivdi3.o)
                0x00005f10                __udivdi3
 .text          0x00006194       0x14 c:/users/user/desktop/robotics/gcc-arm-none-eabi-4_8-2014q3/bin/../lib/gcc/arm-none-eabi/4.8.4/../../../../arm-none-eabi/lib/armv7e-m/fpu\libc_s.a(lib_a-strcmp.o)
                0x00006194                strcmp
 .text          0x000061a8      0x370 c:/users/user/desktop/robotics/gcc-arm-none-eabi-4_8-2014q3/bin/../lib/gcc/arm-none-eabi/4.8.4/armv7e-m/fpu\libgcc.a(_arm_addsubdf3.o)
                0x000061a8                __aeabi_drsub
                0x000061b0                __aeabi_dsub
                0x000061b0                __subdf3
                0x000061b4                __aeabi_dadd
                0x000061b4                __adddf3
                0x0000642c                __floatunsidf
                0x0000642c                __aeabi_ui2d
                0x0000644c                __floatsidf
                0x0000644c                __aeabi_i2d
                0x00006470                __aeabi_f2d
                0x00006470                __extendsfdf2
                0x000064ac                __floatundidf
                0x000064ac                __aeabi_ul2d
                0x000064bc                __floatdidf
                0x000064bc                __aeabi_l2d
 .text          0x00006518      0x424 c:/users/user/desktop/robotics/gcc-arm-none-eabi-4_8-2014q3/bin/../lib/gcc/arm-none-eabi/4.8.4/armv7e-m/fpu\libgcc.a(_arm_muldivdf3.o)
                0x00006518                __aeabi_dmul
                0x00006518                __muldf3
                0x0000676c                __divdf3
                0x0000676c                __aeabi_ddiv
 .text          0x0000693c      0x110 c:/users/user/desktop/robotics/gcc-arm-none-eabi-4_8-2014q3/bin/../lib/gcc/arm-none-eabi/4.8.4/armv7e-m/fpu\libgcc.a(_arm_cmpdf2.o)
                0x0000693c                __gtdf2
                0x0000693c                __gedf2
                0x00006944                __ltdf2
                0x00006944                __ledf2
                0x0000694c                __nedf2
                0x0000694c                __eqdf2
                0x0000694c                __cmpdf2
                0x000069c8                __aeabi_cdrcmple
                0x000069d8                __aeabi_cdcmpeq
                0x000069d8                __aeabi_cdcmple
                0x000069e8                __aeabi_dcmpeq
                0x000069fc                __aeabi_dcmplt
                0x00006a10                __aeabi_dcmple
                0x00006a24                __aeabi_dcmpge
                0x00006a38                __aeabi_dcmpgt
 .text          0x00006a4c       0x50 c:/users/user/desktop/robotics/gcc-arm-none-eabi-4_8-2014q3/bin/../lib/gcc/arm-none-eabi/4.8.4/armv7e-m/fpu\libgcc.a(_arm_fixdfsi.o)
                0x00006a4c                __aeabi_d2iz
                0x00006a4c                __fixdfsi
 *(.text*)
 .text._ZNK5libsc9Tsl1401cl7GetDataEv
                0x00006a9c       0x18 obj/main-d-2016-inno.o
                0x00006a9c                libsc::Tsl1401cl::GetData() const
 .text._ZN7libbase3k603Mcg12GetMcgConfigEv
                0x00006ab4       0x2c obj/main-d-2016-inno.o
                0x00006ab4                libbase::k60::Mcg::GetMcgConfig()
 .text.main     0x00006ae0       0x90 obj/main-d-2016-inno.o
                0x00006ae0                main
 .text._Z4initR13peripherals_t
                0x00006b70       0x50 obj/main-d-2016-inno.o
                0x00006b70                init(peripherals_t&)
 .text._ZN5libsc3Lcd4RectC2Ev
                0x00006bc0       0x18 obj/main-d-2016-inno.o
                0x00006bc0                libsc::Lcd::Rect::Rect()
                0x00006bc0                libsc::Lcd::Rect::Rect()
 .text._Z17print_scan_resultR13peripherals_tRSt5arrayItLj128EE
                0x00006bd8       0x88 obj/main-d-2016-inno.o
                0x00006bd8                print_scan_result(peripherals_t&, std::array<unsigned short, 128u>&)
 .text._ZNSt14__array_traitsItLj128EE6_S_refERA128_Ktj
                0x00006c60       0x20 obj/main-d-2016-inno.o
                0x00006c60                std::__array_traits<unsigned short, 128u>::_S_ref(unsigned short const (&) [128], unsigned int)
 .text._ZNSt5arrayItLj128EEixEj
                0x00006c80       0x20 obj/main-d-2016-inno.o
                0x00006c80                std::array<unsigned short, 128u>::operator[](unsigned int)
 .text.__flush_cache
                0x00006ca0       0x14 C:\Users\user\git\libsccc\lib\libsccc-d-2016-inno.a(startup-d-2016-inno.o)
 .text.__copy_rom_section
                0x00006cb4       0xc0 C:\Users\user\git\libsccc\lib\libsccc-d-2016-inno.a(startup-d-2016-inno.o)
 .text.__copy_rom_sections_to_ram
                0x00006d74       0xd0 C:\Users\user\git\libsccc\lib\libsccc-d-2016-inno.a(startup-d-2016-inno.o)
 .text.zero_fill_bss
                0x00006e44       0x98 C:\Users\user\git\libsccc\lib\libsccc-d-2016-inno.a(startup-d-2016-inno.o)
 .text.__thumb_startup
                0x00006edc       0x48 C:\Users\user\git\libsccc\lib\libsccc-d-2016-inno.a(startup-d-2016-inno.o)
                0x00006edc                __thumb_startup
 .text.SystemInit
                0x00006f24       0x18 C:\Users\user\git\libsccc\lib\libsccc-d-2016-inno.a(system-d-2016-inno.o)
                0x00006f24                SystemInit
 .text._ZN7libbase3k603Fpu3GetEv
                0x00006f3c       0x40 C:\Users\user\git\libsccc\lib\libsccc-d-2016-inno.a(fpu-d-2016-inno.o)
                0x00006f3c                libbase::k60::Fpu::Get()
 .text._ZN7libbase3k603FpuC2Ev
                0x00006f7c       0x18 C:\Users\user\git\libsccc\lib\libsccc-d-2016-inno.a(fpu-d-2016-inno.o)
                0x00006f7c                libbase::k60::Fpu::Fpu()
                0x00006f7c                libbase::k60::Fpu::Fpu()
 .text._ZN7libbase3k603Fpu4InitEv
                0x00006f94       0x44 C:\Users\user\git\libsccc\lib\libsccc-d-2016-inno.a(fpu-d-2016-inno.o)
                0x00006f94                libbase::k60::Fpu::Init()
 .text._ZN7libbase3k603Fpu9InitFpccrERKNS1_6ConfigE
                0x00006fd8       0x60 C:\Users\user\git\libsccc\lib\libsccc-d-2016-inno.a(fpu-d-2016-inno.o)
                0x00006fd8                libbase::k60::Fpu::InitFpccr(libbase::k60::Fpu::Config const&)
 .text._ZN7libbase3k603Fpu10InitFpdscrERKNS1_6ConfigE
                0x00007038       0x54 C:\Users\user\git\libsccc\lib\libsccc-d-2016-inno.a(fpu-d-2016-inno.o)
                0x00007038                libbase::k60::Fpu::InitFpdscr(libbase::k60::Fpu::Config const&)
 .text._ZN7libbase3k603Fpu6ConfigC2Ev
                0x0000708c       0x28 C:\Users\user\git\libsccc\lib\libsccc-d-2016-inno.a(fpu-d-2016-inno.o)
                0x0000708c                libbase::k60::Fpu::Config::Config()
                0x0000708c                libbase::k60::Fpu::Config::Config()
 .text._ZN7libbase3k603Fpu12GetFpuConfigEv
                0x000070b4       0x28 C:\Users\user\git\libsccc\lib\libsccc-d-2016-inno.a(fpu-d-2016-inno.o)
                0x000070b4                libbase::k60::Fpu::GetFpuConfig()
 .text.LibbaseK60FpuInit
                0x000070dc       0x14 C:\Users\user\git\libsccc\lib\libsccc-d-2016-inno.a(fpu-d-2016-inno.o)
                0x000070dc                LibbaseK60FpuInit
 .text._ZN7libbase3k603Mcg3GetEv
                0x000070f0       0x40 C:\Users\user\git\libsccc\lib\libsccc-d-2016-inno.a(mcg-d-2016-inno.o)
                0x000070f0                libbase::k60::Mcg::Get()
 .text._ZN7libbase3k603Mcg12GetCoreClockEv
                0x00007130       0x18 C:\Users\user\git\libsccc\lib\libsccc-d-2016-inno.a(mcg-d-2016-inno.o)
                0x00007130                libbase::k60::Mcg::GetCoreClock()
 .text._ZN7libbase3k6012_GLOBAL__N_112GetFreqRangeEm
                0x00007148       0x50 C:\Users\user\git\libsccc\lib\libsccc-d-2016-inno.a(mcg-d-2016-inno.o)
 .text._ZNK7libbase3k6012_GLOBAL__N_114FllDividerCalc8GetFrdivEv
                0x00007198       0x18 C:\Users\user\git\libsccc\lib\libsccc-d-2016-inno.a(mcg-d-2016-inno.o)
 .text._ZN7libbase3k6012_GLOBAL__N_114FllDividerCalc4CalcEm
                0x000071b0       0xe8 C:\Users\user\git\libsccc\lib\libsccc-d-2016-inno.a(mcg-d-2016-inno.o)
 .text._ZNK7libbase3k6012_GLOBAL__N_114PllDividerCalc8GetPrdivEv
                0x00007298       0x18 C:\Users\user\git\libsccc\lib\libsccc-d-2016-inno.a(mcg-d-2016-inno.o)
 .text._ZNK7libbase3k6012_GLOBAL__N_114PllDividerCalc7GetVdivEv
                0x000072b0       0x18 C:\Users\user\git\libsccc\lib\libsccc-d-2016-inno.a(mcg-d-2016-inno.o)
 .text._ZNK7libbase3k6012_GLOBAL__N_114PllDividerCalc12GetCoreClockEv
                0x000072c8       0x18 C:\Users\user\git\libsccc\lib\libsccc-d-2016-inno.a(mcg-d-2016-inno.o)
 .text._ZN7libbase3k6012_GLOBAL__N_114PllDividerCalc4CalcEmm
                0x000072e0      0x104 C:\Users\user\git\libsccc\lib\libsccc-d-2016-inno.a(mcg-d-2016-inno.o)
 .text._ZN7libbase3k603Mcg6ConfigC2Ev
                0x000073e4       0x40 C:\Users\user\git\libsccc\lib\libsccc-d-2016-inno.a(mcg-d-2016-inno.o)
                0x000073e4                libbase::k60::Mcg::Config::Config()
                0x000073e4                libbase::k60::Mcg::Config::Config()
 .text._ZN7libbase3k603McgC2Ev
                0x00007424       0x1c C:\Users\user\git\libsccc\lib\libsccc-d-2016-inno.a(mcg-d-2016-inno.o)
                0x00007424                libbase::k60::Mcg::Mcg()
                0x00007424                libbase::k60::Mcg::Mcg()
 .text._ZN7libbase3k603Mcg4InitEv
                0x00007440       0xc8 C:\Users\user\git\libsccc\lib\libsccc-d-2016-inno.a(mcg-d-2016-inno.o)
                0x00007440                libbase::k60::Mcg::Init()
 .text._ZN7libbase3k603Mcg7InitFbeERKNS1_6ConfigE
                0x00007508       0xe0 C:\Users\user\git\libsccc\lib\libsccc-d-2016-inno.a(mcg-d-2016-inno.o)
                0x00007508                libbase::k60::Mcg::InitFbe(libbase::k60::Mcg::Config const&)
 .text._ZN7libbase3k603Mcg7InitPbeERKNS1_6ConfigEh
                0x000075e8       0x90 C:\Users\user\git\libsccc\lib\libsccc-d-2016-inno.a(mcg-d-2016-inno.o)
                0x000075e8                libbase::k60::Mcg::InitPbe(libbase::k60::Mcg::Config const&, unsigned char)
 .text._ZN7libbase3k603Mcg7InitPeeERKNS1_6ConfigE
                0x00007678       0x44 C:\Users\user\git\libsccc\lib\libsccc-d-2016-inno.a(mcg-d-2016-inno.o)
                0x00007678                libbase::k60::Mcg::InitPee(libbase::k60::Mcg::Config const&)
 .text._ZN7libbase3k603Mcg10InitClocksERKNS1_6ConfigEm
                0x000076bc      0x1c8 C:\Users\user\git\libsccc\lib\libsccc-d-2016-inno.a(mcg-d-2016-inno.o)
                0x000076bc                libbase::k60::Mcg::InitClocks(libbase::k60::Mcg::Config const&, unsigned long)
 .text.LibbaseK60McgInit
                0x00007884       0x14 C:\Users\user\git\libsccc\lib\libsccc-d-2016-inno.a(mcg-d-2016-inno.o)
                0x00007884                LibbaseK60McgInit
 .text._ZSt3minImERKT_S2_S2_
                0x00007898       0x28 C:\Users\user\git\libsccc\lib\libsccc-d-2016-inno.a(mcg-d-2016-inno.o)
                0x00007898                unsigned long const& std::min<unsigned long>(unsigned long const&, unsigned long const&)
 .text._ZN7libbase3k6012_GLOBAL__N_16UnlockEv
                0x000078c0       0x24 C:\Users\user\git\libsccc\lib\libsccc-d-2016-inno.a(watchdog-d-2016-inno.o)
 .text._ZN7libbase3k608Watchdog4InitEv
                0x000078e4       0x34 C:\Users\user\git\libsccc\lib\libsccc-d-2016-inno.a(watchdog-d-2016-inno.o)
                0x000078e4                libbase::k60::Watchdog::Init()
 .text._ZN7libbase3k608Watchdog13InitStctrlRegERKNS1_6ConfigE
                0x00007918       0x68 C:\Users\user\git\libsccc\lib\libsccc-d-2016-inno.a(watchdog-d-2016-inno.o)
                0x00007918                libbase::k60::Watchdog::InitStctrlReg(libbase::k60::Watchdog::Config const&)
 .text._ZN7libbase3k608Watchdog14InitTimeOutRegERKNS1_6ConfigE
                0x00007980       0x48 C:\Users\user\git\libsccc\lib\libsccc-d-2016-inno.a(watchdog-d-2016-inno.o)
                0x00007980                libbase::k60::Watchdog::InitTimeOutReg(libbase::k60::Watchdog::Config const&)
 .text._ZN7libbase3k608Watchdog12InitPrescRegEv
                0x000079c8       0x18 C:\Users\user\git\libsccc\lib\libsccc-d-2016-inno.a(watchdog-d-2016-inno.o)
                0x000079c8                libbase::k60::Watchdog::InitPrescReg()
 .text._ZN7libbase3k608Watchdog6ConfigC2Ev
                0x000079e0       0x24 C:\Users\user\git\libsccc\lib\libsccc-d-2016-inno.a(watchdog-d-2016-inno.o)
                0x000079e0                libbase::k60::Watchdog::Config::Config()
                0x000079e0                libbase::k60::Watchdog::Config::Config()
 .text._ZN7libbase3k608Watchdog17GetWatchdogConfigEv
                0x00007a04       0x24 C:\Users\user\git\libsccc\lib\libsccc-d-2016-inno.a(watchdog-d-2016-inno.o)
                0x00007a04                libbase::k60::Watchdog::GetWatchdogConfig()
 .text.LibbaseK60WatchdogInit
                0x00007a28        0xc C:\Users\user\git\libsccc\lib\libsccc-d-2016-inno.a(watchdog-d-2016-inno.o)
                0x00007a28                LibbaseK60WatchdogInit
 .text.LibbaseK60WatchdogIsr
                0x00007a34       0x28 C:\Users\user\git\libsccc\lib\libsccc-d-2016-inno.a(watchdog-d-2016-inno.o)
                0x00007a34                LibbaseK60WatchdogIsr
 .text._ZSt3absl
                0x00007a5c       0x1c C:\Users\user\git\libsccc\lib\libsccc-d-2016-inno.a(st7735r-d-2016-inno.o)
                0x00007a5c                std::abs(long)
 .text._ZNSt14_Function_baseC2Ev
                0x00007a78       0x1c C:\Users\user\git\libsccc\lib\libsccc-d-2016-inno.a(st7735r-d-2016-inno.o)
                0x00007a78                std::_Function_base::_Function_base()
                0x00007a78                std::_Function_base::_Function_base()
 .text._ZNSt14_Function_baseD2Ev
                0x00007a94       0x2c C:\Users\user\git\libsccc\lib\libsccc-d-2016-inno.a(st7735r-d-2016-inno.o)
                0x00007a94                std::_Function_base::~_Function_base()
                0x00007a94                std::_Function_base::~_Function_base()
 .text._ZN5libsc3Lcd4RectC2Ejjjj
                0x00007ac0       0x34 C:\Users\user\git\libsccc\lib\libsccc-d-2016-inno.a(st7735r-d-2016-inno.o)
                0x00007ac0                libsc::Lcd::Rect::Rect(unsigned int, unsigned int, unsigned int, unsigned int)
                0x00007ac0                libsc::Lcd::Rect::Rect(unsigned int, unsigned int, unsigned int, unsigned int)
 .text._ZN5libsc3LcdD2Ev
                0x00007af4       0x28 C:\Users\user\git\libsccc\lib\libsccc-d-2016-inno.a(st7735r-d-2016-inno.o)
                0x00007af4                libsc::Lcd::~Lcd()
                0x00007af4                libsc::Lcd::~Lcd()
 .text._ZN5libsc3LcdD0Ev
                0x00007b1c       0x20 C:\Users\user\git\libsccc\lib\libsccc-d-2016-inno.a(st7735r-d-2016-inno.o)
                0x00007b1c                libsc::Lcd::~Lcd()
 .text._ZN5libsc7St7735rD2Ev
                0x00007b3c       0x50 C:\Users\user\git\libsccc\lib\libsccc-d-2016-inno.a(st7735r-d-2016-inno.o)
                0x00007b3c                libsc::St7735r::~St7735r()
                0x00007b3c                libsc::St7735r::~St7735r()
 .text._ZN5libsc7St7735rD0Ev
                0x00007b8c       0x20 C:\Users\user\git\libsccc\lib\libsccc-d-2016-inno.a(st7735r-d-2016-inno.o)
                0x00007b8c                libsc::St7735r::~St7735r()
 .text._ZN5libsc7St7735r9SetRegionERKNS_3Lcd4RectE
                0x00007bac       0x20 C:\Users\user\git\libsccc\lib\libsccc-d-2016-inno.a(st7735r-d-2016-inno.o)
                0x00007bac                libsc::St7735r::SetRegion(libsc::Lcd::Rect const&)
 .text._ZN5libsc7St7735r9GetRegionEv
                0x00007bcc       0x24 C:\Users\user\git\libsccc\lib\libsccc-d-2016-inno.a(st7735r-d-2016-inno.o)
                0x00007bcc                libsc::St7735r::GetRegion()
 .text._ZN5libsc7St7735r11ClearRegionEv
                0x00007bf0       0x44 C:\Users\user\git\libsccc\lib\libsccc-d-2016-inno.a(st7735r-d-2016-inno.o)
                0x00007bf0                libsc::St7735r::ClearRegion()
 .text._ZN5libsc7St7735r4GetWEv
                0x00007c34       0x10 C:\Users\user\git\libsccc\lib\libsccc-d-2016-inno.a(st7735r-d-2016-inno.o)
                0x00007c34                libsc::St7735r::GetW()
 .text._ZN5libsc7St7735r4GetHEv
                0x00007c44       0x10 C:\Users\user\git\libsccc\lib\libsccc-d-2016-inno.a(st7735r-d-2016-inno.o)
                0x00007c44                libsc::St7735r::GetH()
 .text._ZN7libutil9GetRgb565Ehhh
                0x00007c54       0x40 C:\Users\user\git\libsccc\lib\libsccc-d-2016-inno.a(st7735r-d-2016-inno.o)
                0x00007c54                libutil::GetRgb565(unsigned char, unsigned char, unsigned char)
 .text._ZN7libbase3k6018SpiMasterInterface6Config5SlaveC2Ev
                0x00007c94       0x24 C:\Users\user\git\libsccc\lib\libsccc-d-2016-inno.a(st7735r-d-2016-inno.o)
                0x00007c94                libbase::k60::SpiMasterInterface::Config::Slave::Slave()
                0x00007c94                libbase::k60::SpiMasterInterface::Config::Slave::Slave()
 .text._ZN7libbase3k6018SpiMasterInterface6ConfigC2Ev
                0x00007cb8       0x50 C:\Users\user\git\libsccc\lib\libsccc-d-2016-inno.a(st7735r-d-2016-inno.o)
                0x00007cb8                libbase::k60::SpiMasterInterface::Config::Config()
                0x00007cb8                libbase::k60::SpiMasterInterface::Config::Config()
 .text._ZNSt8functionIFvPN7libbase3k609SpiMasterEEED2Ev
                0x00007d08       0x1c C:\Users\user\git\libsccc\lib\libsccc-d-2016-inno.a(st7735r-d-2016-inno.o)
                0x00007d08                std::function<void (libbase::k60::SpiMaster*)>::~function()
                0x00007d08                std::function<void (libbase::k60::SpiMaster*)>::~function()
 .text._ZN7libbase3k609SpiMaster6ConfigC2Ev
                0x00007d24       0x48 C:\Users\user\git\libsccc\lib\libsccc-d-2016-inno.a(st7735r-d-2016-inno.o)
                0x00007d24                libbase::k60::SpiMaster::Config::Config()
                0x00007d24                libbase::k60::SpiMaster::Config::Config()
 .text._ZN7libbase3k609SpiMaster6ConfigD2Ev
                0x00007d6c       0x28 C:\Users\user\git\libsccc\lib\libsccc-d-2016-inno.a(st7735r-d-2016-inno.o)
                0x00007d6c                libbase::k60::SpiMaster::Config::~Config()
                0x00007d6c                libbase::k60::SpiMaster::Config::~Config()
 .text._ZN5libsc12_GLOBAL__N_112GetSpiConfigEv
                0x00007d94       0x4c C:\Users\user\git\libsccc\lib\libsccc-d-2016-inno.a(st7735r-d-2016-inno.o)
 .text._ZN7libbase3k603Gpo6ConfigC2Ev
                0x00007de0       0x24 C:\Users\user\git\libsccc\lib\libsccc-d-2016-inno.a(st7735r-d-2016-inno.o)
                0x00007de0                libbase::k60::Gpo::Config::Config()
                0x00007de0                libbase::k60::Gpo::Config::Config()
 .text._ZN5libsc12_GLOBAL__N_112GetRstConfigEv
                0x00007e04       0x24 C:\Users\user\git\libsccc\lib\libsccc-d-2016-inno.a(st7735r-d-2016-inno.o)
 .text._ZN5libsc12_GLOBAL__N_111GetDcConfigEv
                0x00007e28       0x24 C:\Users\user\git\libsccc\lib\libsccc-d-2016-inno.a(st7735r-d-2016-inno.o)
 .text._ZN5libsc3LcdC2Ev
                0x00007e4c       0x20 C:\Users\user\git\libsccc\lib\libsccc-d-2016-inno.a(st7735r-d-2016-inno.o)
                0x00007e4c                libsc::Lcd::Lcd()
                0x00007e4c                libsc::Lcd::Lcd()
 .text._ZN5libsc7St7735rC2ERKNS0_6ConfigE
                0x00007e6c      0x124 C:\Users\user\git\libsccc\lib\libsccc-d-2016-inno.a(st7735r-d-2016-inno.o)
                0x00007e6c                libsc::St7735r::St7735r(libsc::St7735r::Config const&)
                0x00007e6c                libsc::St7735r::St7735r(libsc::St7735r::Config const&)
 .text._ZN5libsc7St7735r10InitMadctlERKNS0_6ConfigE
                0x00007f90       0x54 C:\Users\user\git\libsccc\lib\libsccc-d-2016-inno.a(st7735r-d-2016-inno.o)
                0x00007f90                libsc::St7735r::InitMadctl(libsc::St7735r::Config const&)
 .text._ZN5libsc7St7735r10InitFrmctrERKNS0_6ConfigE
                0x00007fe4       0xe8 C:\Users\user\git\libsccc\lib\libsccc-d-2016-inno.a(st7735r-d-2016-inno.o)
                0x00007fe4                libsc::St7735r::InitFrmctr(libsc::St7735r::Config const&)
 .text._ZN5libsc7St7735r9InitPwctrEv
                0x000080cc       0xa4 C:\Users\user\git\libsccc\lib\libsccc-d-2016-inno.a(st7735r-d-2016-inno.o)
                0x000080cc                libsc::St7735r::InitPwctr()
 .text._ZN5libsc7St7735r9InitGammaEv
                0x00008170      0x164 C:\Users\user\git\libsccc\lib\libsccc-d-2016-inno.a(st7735r-d-2016-inno.o)
                0x00008170                libsc::St7735r::InitGamma()
 .text._ZN5libsc7St7735r9FillColorEt
                0x000082d4       0xc0 C:\Users\user\git\libsccc\lib\libsccc-d-2016-inno.a(st7735r-d-2016-inno.o)
                0x000082d4                libsc::St7735r::FillColor(unsigned short)
 .text._ZN5libsc7St7735r18FillGrayscalePixelEPKhj
                0x00008394       0xec C:\Users\user\git\libsccc\lib\libsccc-d-2016-inno.a(st7735r-d-2016-inno.o)
                0x00008394                libsc::St7735r::FillGrayscalePixel(unsigned char const*, unsigned int)
 .text._ZN5libsc7St7735r9FillPixelEPKtj
                0x00008480       0xe0 C:\Users\user\git\libsccc\lib\libsccc-d-2016-inno.a(st7735r-d-2016-inno.o)
                0x00008480                libsc::St7735r::FillPixel(unsigned short const*, unsigned int)
 .text._ZN5libsc7St7735r8FillBitsEttPKbj
                0x00008560      0x100 C:\Users\user\git\libsccc\lib\libsccc-d-2016-inno.a(st7735r-d-2016-inno.o)
                0x00008560                libsc::St7735r::FillBits(unsigned short, unsigned short, bool const*, unsigned int)
 .text._ZN5libsc7St7735r8FillBitsEttPKhj
                0x00008660      0x14c C:\Users\user\git\libsccc\lib\libsccc-d-2016-inno.a(st7735r-d-2016-inno.o)
                0x00008660                libsc::St7735r::FillBits(unsigned short, unsigned short, unsigned char const*, unsigned int)
 .text._ZN5libsc7St7735r5ClearEv
                0x000087ac       0x28 C:\Users\user\git\libsccc\lib\libsccc-d-2016-inno.a(st7735r-d-2016-inno.o)
                0x000087ac                libsc::St7735r::Clear()
 .text._ZN5libsc7St7735r5ClearEt
                0x000087d4       0x30 C:\Users\user\git\libsccc\lib\libsccc-d-2016-inno.a(st7735r-d-2016-inno.o)
                0x000087d4                libsc::St7735r::Clear(unsigned short)
 .text._ZN5libsc7St7735r13SetActiveRectEv
                0x00008804       0xa8 C:\Users\user\git\libsccc\lib\libsccc-d-2016-inno.a(st7735r-d-2016-inno.o)
                0x00008804                libsc::St7735r::SetActiveRect()
 .text._ZN5libsc7St7735r4SendEbh
                0x000088ac       0x40 C:\Users\user\git\libsccc\lib\libsccc-d-2016-inno.a(st7735r-d-2016-inno.o)
                0x000088ac                libsc::St7735r::Send(bool, unsigned char)
 .text._ZNSt14unary_functionIPN7libbase3k609SpiMasterEvEC2Ev
                0x000088ec       0x18 C:\Users\user\git\libsccc\lib\libsccc-d-2016-inno.a(st7735r-d-2016-inno.o)
                0x000088ec                std::unary_function<libbase::k60::SpiMaster*, void>::unary_function()
                0x000088ec                std::unary_function<libbase::k60::SpiMaster*, void>::unary_function()
 .text._ZNSt31_Maybe_unary_or_binary_functionIvIPN7libbase3k609SpiMasterEEEC2Ev
                0x00008904       0x18 C:\Users\user\git\libsccc\lib\libsccc-d-2016-inno.a(st7735r-d-2016-inno.o)
                0x00008904                std::_Maybe_unary_or_binary_function<void, libbase::k60::SpiMaster*>::_Maybe_unary_or_binary_function()
                0x00008904                std::_Maybe_unary_or_binary_function<void, libbase::k60::SpiMaster*>::_Maybe_unary_or_binary_function()
                0x00008904                std::_Maybe_unary_or_binary_function<void, libbase::k60::SpiMaster*>::_Maybe_unary_or_binary_function()
                0x00008904                std::_Maybe_unary_or_binary_function<void, libbase::k60::SpiMaster*>::_Maybe_unary_or_binary_function()
 .text._ZNSt8functionIFvPN7libbase3k609SpiMasterEEEC2Ev
                0x0000891c       0x20 C:\Users\user\git\libsccc\lib\libsccc-d-2016-inno.a(st7735r-d-2016-inno.o)
                0x0000891c                std::function<void (libbase::k60::SpiMaster*)>::function()
                0x0000891c                std::function<void (libbase::k60::SpiMaster*)>::function()
 .text._ZN7libutil5ClampIjEET_RKS1_S3_S3_
                0x0000893c       0x2c C:\Users\user\git\libsccc\lib\libsccc-d-2016-inno.a(st7735r-d-2016-inno.o)
                0x0000893c                unsigned int libutil::Clamp<unsigned int>(unsigned int const&, unsigned int const&, unsigned int const&)
 .text._ZSt3minIjERKT_S2_S2_
                0x00008968       0x28 C:\Users\user\git\libsccc\lib\libsccc-d-2016-inno.a(st7735r-d-2016-inno.o)
                0x00008968                unsigned int const& std::min<unsigned int>(unsigned int const&, unsigned int const&)
 .text._ZSt3maxIjERKT_S2_S2_
                0x00008990       0x28 C:\Users\user\git\libsccc\lib\libsccc-d-2016-inno.a(st7735r-d-2016-inno.o)
                0x00008990                unsigned int const& std::max<unsigned int>(unsigned int const&, unsigned int const&)
 .text._ZNK5libsc9Tsl1401cl12IsImageReadyEv
                0x000089b8       0x24 C:\Users\user\git\libsccc\lib\libsccc-d-2016-inno.a(tsl1401cl-d-2016-inno.o)
                0x000089b8                libsc::Tsl1401cl::IsImageReady() const
 .text._ZN5libsc12_GLOBAL__N_18GetAdPinEh
                0x000089dc       0x3c C:\Users\user\git\libsccc\lib\libsccc-d-2016-inno.a(tsl1401cl-d-2016-inno.o)
 .text._ZN5libsc12_GLOBAL__N_19GetClkPinEh
                0x00008a18       0x3c C:\Users\user\git\libsccc\lib\libsccc-d-2016-inno.a(tsl1401cl-d-2016-inno.o)
 .text._ZN5libsc12_GLOBAL__N_18GetSiPinEh
                0x00008a54       0x3c C:\Users\user\git\libsccc\lib\libsccc-d-2016-inno.a(tsl1401cl-d-2016-inno.o)
 .text._ZNSt8functionIFvPN7libbase3k603AdcEtEED2Ev
                0x00008a90       0x1c C:\Users\user\git\libsccc\lib\libsccc-d-2016-inno.a(tsl1401cl-d-2016-inno.o)
                0x00008a90                std::function<void (libbase::k60::Adc*, unsigned short)>::~function()
                0x00008a90                std::function<void (libbase::k60::Adc*, unsigned short)>::~function()
 .text._ZN7libbase3k603Adc6ConfigC2Ev
                0x00008aac       0x48 C:\Users\user\git\libsccc\lib\libsccc-d-2016-inno.a(tsl1401cl-d-2016-inno.o)
                0x00008aac                libbase::k60::Adc::Config::Config()
                0x00008aac                libbase::k60::Adc::Config::Config()
 .text._ZN7libbase3k603Adc6ConfigD2Ev
                0x00008af4       0x1c C:\Users\user\git\libsccc\lib\libsccc-d-2016-inno.a(tsl1401cl-d-2016-inno.o)
                0x00008af4                libbase::k60::Adc::Config::~Config()
                0x00008af4                libbase::k60::Adc::Config::~Config()
 .text._ZN5libsc12_GLOBAL__N_111GetAdConfigEh
                0x00008b10       0x38 C:\Users\user\git\libsccc\lib\libsccc-d-2016-inno.a(tsl1401cl-d-2016-inno.o)
 .text._ZN5libsc12_GLOBAL__N_115GetClkGpoConfigEh
                0x00008b48       0x2c C:\Users\user\git\libsccc\lib\libsccc-d-2016-inno.a(tsl1401cl-d-2016-inno.o)
 .text._ZN5libsc12_GLOBAL__N_114GetSiGpoConfigEh
                0x00008b74       0x2c C:\Users\user\git\libsccc\lib\libsccc-d-2016-inno.a(tsl1401cl-d-2016-inno.o)
 .text._ZN5libsc9Tsl1401clC2Eh
                0x00008ba0       0xac C:\Users\user\git\libsccc\lib\libsccc-d-2016-inno.a(tsl1401cl-d-2016-inno.o)
                0x00008ba0                libsc::Tsl1401cl::Tsl1401cl(unsigned char)
                0x00008ba0                libsc::Tsl1401cl::Tsl1401cl(unsigned char)
 .text._ZN5libsc9Tsl1401cl5DelayEv
                0x00008c4c       0x28 C:\Users\user\git\libsccc\lib\libsccc-d-2016-inno.a(tsl1401cl-d-2016-inno.o)
                0x00008c4c                libsc::Tsl1401cl::Delay()
 .text._ZN5libsc9Tsl1401cl11StartSampleEv
                0x00008c74       0x1c C:\Users\user\git\libsccc\lib\libsccc-d-2016-inno.a(tsl1401cl-d-2016-inno.o)
                0x00008c74                libsc::Tsl1401cl::StartSample()
 .text._ZN5libsc9Tsl1401cl13SampleProcessEv
                0x00008c90       0xf8 C:\Users\user\git\libsccc\lib\libsccc-d-2016-inno.a(tsl1401cl-d-2016-inno.o)
                0x00008c90                libsc::Tsl1401cl::SampleProcess()
 .text._ZNSt15binary_functionIPN7libbase3k603AdcEtvEC2Ev
                0x00008d88       0x18 C:\Users\user\git\libsccc\lib\libsccc-d-2016-inno.a(tsl1401cl-d-2016-inno.o)
                0x00008d88                std::binary_function<libbase::k60::Adc*, unsigned short, void>::binary_function()
                0x00008d88                std::binary_function<libbase::k60::Adc*, unsigned short, void>::binary_function()
 .text._ZNSt31_Maybe_unary_or_binary_functionIvIPN7libbase3k603AdcEtEEC2Ev
                0x00008da0       0x18 C:\Users\user\git\libsccc\lib\libsccc-d-2016-inno.a(tsl1401cl-d-2016-inno.o)
                0x00008da0                std::_Maybe_unary_or_binary_function<void, libbase::k60::Adc*, unsigned short>::_Maybe_unary_or_binary_function()
                0x00008da0                std::_Maybe_unary_or_binary_function<void, libbase::k60::Adc*, unsigned short>::_Maybe_unary_or_binary_function()
                0x00008da0                std::_Maybe_unary_or_binary_function<void, libbase::k60::Adc*, unsigned short>::_Maybe_unary_or_binary_function()
                0x00008da0                std::_Maybe_unary_or_binary_function<void, libbase::k60::Adc*, unsigned short>::_Maybe_unary_or_binary_function()
 .text._ZNSt8functionIFvPN7libbase3k603AdcEtEEC2Ev
                0x00008db8       0x20 C:\Users\user\git\libsccc\lib\libsccc-d-2016-inno.a(tsl1401cl-d-2016-inno.o)
                0x00008db8                std::function<void (libbase::k60::Adc*, unsigned short)>::function()
                0x00008db8                std::function<void (libbase::k60::Adc*, unsigned short)>::function()
 .text._ZN7libbase3k605Cache3GetEv
                0x00008dd8       0x40 C:\Users\user\git\libsccc\lib\libsccc-d-2016-inno.a(system-d-2016-inno.o)
                0x00008dd8                libbase::k60::Cache::Get()
 .text._ZN5libsc5DelayD2Ev
                0x00008e18       0x28 C:\Users\user\git\libsccc\lib\libsccc-d-2016-inno.a(system-d-2016-inno.o)
                0x00008e18                libsc::Delay::~Delay()
                0x00008e18                libsc::Delay::~Delay()
 .text._ZN5libsc5DelayD0Ev
                0x00008e40       0x20 C:\Users\user\git\libsccc\lib\libsccc-d-2016-inno.a(system-d-2016-inno.o)
                0x00008e40                libsc::Delay::~Delay()
 .text._ZN5libsc5Delay7DelayMsEt
                0x00008e60       0x38 C:\Users\user\git\libsccc\lib\libsccc-d-2016-inno.a(system-d-2016-inno.o)
                0x00008e60                libsc::Delay::DelayMs(unsigned short)
 .text._ZN5libsc5Delay6DelaySEt
                0x00008e98       0x38 C:\Users\user\git\libsccc\lib\libsccc-d-2016-inno.a(system-d-2016-inno.o)
                0x00008e98                libsc::Delay::DelayS(unsigned short)
 .text._ZN5libsc3k608DwtDelay7DelayUsEt
                0x00008ed0       0x1c C:\Users\user\git\libsccc\lib\libsccc-d-2016-inno.a(system-d-2016-inno.o)
                0x00008ed0                libsc::k60::DwtDelay::DelayUs(unsigned short)
 .text._ZN5libsc12SysTickTimer4TimeEv
                0x00008eec       0x18 C:\Users\user\git\libsccc\lib\libsccc-d-2016-inno.a(system-d-2016-inno.o)
                0x00008eec                libsc::SysTickTimer::Time()
 .text._ZN5libsc6System4ImplC2Ev
                0x00008f04       0x3c C:\Users\user\git\libsccc\lib\libsccc-d-2016-inno.a(system-d-2016-inno.o)
                0x00008f04                libsc::System::Impl::Impl()
                0x00008f04                libsc::System::Impl::Impl()
 .text._ZN5libsc6System4InitEv
                0x00008f40       0x24 C:\Users\user\git\libsccc\lib\libsccc-d-2016-inno.a(system-d-2016-inno.o)
                0x00008f40                libsc::System::Init()
 .text._ZN5libsc6System7DelayMsEt
                0x00008f64       0x44 C:\Users\user\git\libsccc\lib\libsccc-d-2016-inno.a(system-d-2016-inno.o)
                0x00008f64                libsc::System::DelayMs(unsigned short)
 .text._ZN5libsc3k608DwtDelayD2Ev
                0x00008fa8       0x30 C:\Users\user\git\libsccc\lib\libsccc-d-2016-inno.a(system-d-2016-inno.o)
                0x00008fa8                libsc::k60::DwtDelay::~DwtDelay()
                0x00008fa8                libsc::k60::DwtDelay::~DwtDelay()
 .text._ZN5libsc3k608DwtDelayD0Ev
                0x00008fd8       0x20 C:\Users\user\git\libsccc\lib\libsccc-d-2016-inno.a(system-d-2016-inno.o)
                0x00008fd8                libsc::k60::DwtDelay::~DwtDelay()
 .text.__assert_func
                0x00008ff8       0x48 C:\Users\user\git\libsccc\lib\libsccc-d-2016-inno.a(assert-d-2016-inno.o)
                0x00008ff8                __assert_func
 .text._exit    0x00009040        0xc C:\Users\user\git\libsccc\lib\libsccc-d-2016-inno.a(syscall-d-2016-inno.o)
                0x00009040                _exit
 .text._open    0x0000904c       0x1c C:\Users\user\git\libsccc\lib\libsccc-d-2016-inno.a(syscall-d-2016-inno.o)
                0x0000904c                _open
 .text._fstat   0x00009068       0x20 C:\Users\user\git\libsccc\lib\libsccc-d-2016-inno.a(syscall-d-2016-inno.o)
                0x00009068                _fstat
 .text._isatty  0x00009088       0x18 C:\Users\user\git\libsccc\lib\libsccc-d-2016-inno.a(syscall-d-2016-inno.o)
                0x00009088                _isatty
 .text._lseek   0x000090a0       0x1c C:\Users\user\git\libsccc\lib\libsccc-d-2016-inno.a(syscall-d-2016-inno.o)
                0x000090a0                _lseek
 .text._read    0x000090bc       0x1c C:\Users\user\git\libsccc\lib\libsccc-d-2016-inno.a(syscall-d-2016-inno.o)
                0x000090bc                _read
 .text._write   0x000090d8       0x34 C:\Users\user\git\libsccc\lib\libsccc-d-2016-inno.a(syscall-d-2016-inno.o)
                0x000090d8                _write
 .text._close   0x0000910c       0x18 C:\Users\user\git\libsccc\lib\libsccc-d-2016-inno.a(syscall-d-2016-inno.o)
                0x0000910c                _close
 .text._link    0x00009124       0x1c C:\Users\user\git\libsccc\lib\libsccc-d-2016-inno.a(syscall-d-2016-inno.o)
                0x00009124                _link
 .text._unlink  0x00009140       0x18 C:\Users\user\git\libsccc\lib\libsccc-d-2016-inno.a(syscall-d-2016-inno.o)
                0x00009140                _unlink
 .text._sbrk    0x00009158       0x68 C:\Users\user\git\libsccc\lib\libsccc-d-2016-inno.a(syscall-d-2016-inno.o)
                0x00009158                _sbrk
 .text._getpid  0x000091c0       0x10 C:\Users\user\git\libsccc\lib\libsccc-d-2016-inno.a(syscall-d-2016-inno.o)
                0x000091c0                _getpid
 .text._kill    0x000091d0       0x24 C:\Users\user\git\libsccc\lib\libsccc-d-2016-inno.a(syscall-d-2016-inno.o)
                0x000091d0                _kill
 .text.KeepSyscallSymbols
                0x000091f4       0x84 C:\Users\user\git\libsccc\lib\libsccc-d-2016-inno.a(syscall-d-2016-inno.o)
                0x000091f4                KeepSyscallSymbols
 .text.NVIC_EnableIRQ
                0x00009278       0x30 C:\Users\user\git\libsccc\lib\libsccc-d-2016-inno.a(vectors-d-2016-inno.o)
 .text.NVIC_DisableIRQ
                0x000092a8       0x34 C:\Users\user\git\libsccc\lib\libsccc-d-2016-inno.a(vectors-d-2016-inno.o)
 .text.NVIC_SetPriority
                0x000092dc       0x54 C:\Users\user\git\libsccc\lib\libsccc-d-2016-inno.a(vectors-d-2016-inno.o)
 .text.InitVectorTable
                0x00009330       0x70 C:\Users\user\git\libsccc\lib\libsccc-d-2016-inno.a(vectors-d-2016-inno.o)
                0x00009330                InitVectorTable
 .text.InitIrqPriority
                0x000093a0       0x2c C:\Users\user\git\libsccc\lib\libsccc-d-2016-inno.a(vectors-d-2016-inno.o)
                0x000093a0                InitIrqPriority
 .text.SetIsr   0x000093cc       0x38 C:\Users\user\git\libsccc\lib\libsccc-d-2016-inno.a(vectors-d-2016-inno.o)
                0x000093cc                SetIsr
 .text.EnableIrq
                0x00009404       0x1c C:\Users\user\git\libsccc\lib\libsccc-d-2016-inno.a(vectors-d-2016-inno.o)
                0x00009404                EnableIrq
 .text.DisableIrq
                0x00009420       0x1c C:\Users\user\git\libsccc\lib\libsccc-d-2016-inno.a(vectors-d-2016-inno.o)
                0x00009420                DisableIrq
 .text.DefaultIsr
                0x0000943c       0x30 C:\Users\user\git\libsccc\lib\libsccc-d-2016-inno.a(vectors-d-2016-inno.o)
                0x0000943c                DefaultIsr
 .text.HardFaultHandlerAsm
                0x0000946c       0x1c C:\Users\user\git\libsccc\lib\libsccc-d-2016-inno.a(vectors-d-2016-inno.o)
                0x0000946c                HardFaultHandlerAsm
 .text.HardFaultHandlerC
                0x00009488       0x90 C:\Users\user\git\libsccc\lib\libsccc-d-2016-inno.a(vectors-d-2016-inno.o)
                0x00009488                HardFaultHandlerC
 .text._ZNSt12_Base_bitsetILj1EEC2Ey
                0x00009518       0x20 C:\Users\user\git\libsccc\lib\libsccc-d-2016-inno.a(adc-d-2016-inno.o)
                0x00009518                std::_Base_bitset<1u>::_Base_bitset(unsigned long long)
                0x00009518                std::_Base_bitset<1u>::_Base_bitset(unsigned long long)
 .text._ZNKSt14_Function_base8_M_emptyEv
                0x00009538       0x24 C:\Users\user\git\libsccc\lib\libsccc-d-2016-inno.a(adc-d-2016-inno.o)
                0x00009538                std::_Function_base::_M_empty() const
 .text._ZNSt13_Sanitize_valILj6ELb1EE18_S_do_sanitize_valEy
                0x0000955c       0x2c C:\Users\user\git\libsccc\lib\libsccc-d-2016-inno.a(adc-d-2016-inno.o)
                0x0000955c                std::_Sanitize_val<6u, true>::_S_do_sanitize_val(unsigned long long)
 .text._ZNSt6bitsetILj6EEC1Ey
                0x00009588       0x2c C:\Users\user\git\libsccc\lib\libsccc-d-2016-inno.a(adc-d-2016-inno.o)
                0x00009588                std::bitset<6u>::bitset(unsigned long long)
 .text._ZNK7libbase3k603PincvbEv
                0x000095b4       0x24 C:\Users\user\git\libsccc\lib\libsccc-d-2016-inno.a(adc-d-2016-inno.o)
                0x000095b4                libbase::k60::Pin::operator bool() const
 .text._ZNK7libbase3k603AdccvbEv
                0x000095d8       0x24 C:\Users\user\git\libsccc\lib\libsccc-d-2016-inno.a(adc-d-2016-inno.o)
                0x000095d8                libbase::k60::Adc::operator bool() const
 .text._ZN7libbase3k608AdcUtils9GetModuleENS0_3Adc4NameE
                0x000095fc       0x24 C:\Users\user\git\libsccc\lib\libsccc-d-2016-inno.a(adc-d-2016-inno.o)
                0x000095fc                libbase::k60::AdcUtils::GetModule(libbase::k60::Adc::Name)
 .text._ZN7libbase3k608AdcUtils10GetChannelENS0_3Adc4NameE
                0x00009620       0x30 C:\Users\user\git\libsccc\lib\libsccc-d-2016-inno.a(adc-d-2016-inno.o)
                0x00009620                libbase::k60::AdcUtils::GetChannel(libbase::k60::Adc::Name)
 .text._ZN7libbase3k608AdcUtils16GetChannelNumberENS0_3Adc4NameE
                0x00009650       0x28 C:\Users\user\git\libsccc\lib\libsccc-d-2016-inno.a(adc-d-2016-inno.o)
                0x00009650                libbase::k60::AdcUtils::GetChannelNumber(libbase::k60::Adc::Name)
 .text._ZN7libbase3k6014Mk60f15Lqfp1443GetEv
                0x00009678       0x40 C:\Users\user\git\libsccc\lib\libsccc-d-2016-inno.a(adc-d-2016-inno.o)
                0x00009678                libbase::k60::Mk60f15Lqfp144::Get()
 .text._ZN7libbase3k6012_GLOBAL__N_115GetClockDividerEj
                0x000096b8       0x84 C:\Users\user\git\libsccc\lib\libsccc-d-2016-inno.a(adc-d-2016-inno.o)
 .text._ZN7libbase3k603Adc6ConfigC2ERKS2_
                0x0000973c       0x60 C:\Users\user\git\libsccc\lib\libsccc-d-2016-inno.a(adc-d-2016-inno.o)
                0x0000973c                libbase::k60::Adc::Config::Config(libbase::k60::Adc::Config const&)
                0x0000973c                libbase::k60::Adc::Config::Config(libbase::k60::Adc::Config const&)
 .text._ZN7libbase3k603AdcC2ERKNS1_6ConfigE
                0x0000979c       0xf0 C:\Users\user\git\libsccc\lib\libsccc-d-2016-inno.a(adc-d-2016-inno.o)
                0x0000979c                libbase::k60::Adc::Adc(libbase::k60::Adc::Config const&)
                0x0000979c                libbase::k60::Adc::Adc(libbase::k60::Adc::Config const&)
 .text._ZN7libbase3k603Adc10InitModuleENS0_3Pin4NameE
                0x0000988c       0x2c C:\Users\user\git\libsccc\lib\libsccc-d-2016-inno.a(adc-d-2016-inno.o)
                0x0000988c                libbase::k60::Adc::InitModule(libbase::k60::Pin::Name)
 .text._ZN7libbase3k603Adc10InitModuleENS1_4NameE
                0x000098b8       0x2c C:\Users\user\git\libsccc\lib\libsccc-d-2016-inno.a(adc-d-2016-inno.o)
                0x000098b8                libbase::k60::Adc::InitModule(libbase::k60::Adc::Name)
 .text._ZN7libbase3k603Pin6ConfigC2Ev
                0x000098e4       0x2c C:\Users\user\git\libsccc\lib\libsccc-d-2016-inno.a(adc-d-2016-inno.o)
                0x000098e4                libbase::k60::Pin::Config::Config()
                0x000098e4                libbase::k60::Pin::Config::Config()
 .text._ZN7libbase3k603Adc7InitPinENS0_3Pin4NameE
                0x00009910       0x5c C:\Users\user\git\libsccc\lib\libsccc-d-2016-inno.a(adc-d-2016-inno.o)
                0x00009910                libbase::k60::Adc::InitPin(libbase::k60::Pin::Name)
 .text._ZN7libbase3k603Adc10InitSc1RegEv
                0x0000996c       0x60 C:\Users\user\git\libsccc\lib\libsccc-d-2016-inno.a(adc-d-2016-inno.o)
                0x0000996c                libbase::k60::Adc::InitSc1Reg()
 .text._ZN7libbase3k603Adc11InitCfg1RegEv
                0x000099cc       0x60 C:\Users\user\git\libsccc\lib\libsccc-d-2016-inno.a(adc-d-2016-inno.o)
                0x000099cc                libbase::k60::Adc::InitCfg1Reg()
 .text._ZN7libbase3k603Adc11InitCfg2RegEv
                0x00009a2c       0x60 C:\Users\user\git\libsccc\lib\libsccc-d-2016-inno.a(adc-d-2016-inno.o)
                0x00009a2c                libbase::k60::Adc::InitCfg2Reg()
 .text._ZN7libbase3k603Adc10InitSc3RegEv
                0x00009a8c       0x5c C:\Users\user\git\libsccc\lib\libsccc-d-2016-inno.a(adc-d-2016-inno.o)
                0x00009a8c                libbase::k60::Adc::InitSc3Reg()
 .text._ZN7libbase3k603Adc9InitSpeedEv
                0x00009ae8      0x134 C:\Users\user\git\libsccc\lib\libsccc-d-2016-inno.a(adc-d-2016-inno.o)
                0x00009ae8                libbase::k60::Adc::InitSpeed()
 .text._ZN7libbase3k603Adc13InitInterruptEv
                0x00009c1c       0x38 C:\Users\user\git\libsccc\lib\libsccc-d-2016-inno.a(adc-d-2016-inno.o)
                0x00009c1c                libbase::k60::Adc::InitInterrupt()
 .text._ZN7libbase3k603Adc12StartConvertEv
                0x00009c54       0x80 C:\Users\user\git\libsccc\lib\libsccc-d-2016-inno.a(adc-d-2016-inno.o)
                0x00009c54                libbase::k60::Adc::StartConvert()
 .text._ZN7libbase3k603Adc9GetResultEv
                0x00009cd4       0x68 C:\Users\user\git\libsccc\lib\libsccc-d-2016-inno.a(adc-d-2016-inno.o)
                0x00009cd4                libbase::k60::Adc::GetResult()
 .text._ZN7libbase3k603Adc10PeekResultEPt
                0x00009d3c       0xbc C:\Users\user\git\libsccc\lib\libsccc-d-2016-inno.a(adc-d-2016-inno.o)
                0x00009d3c                libbase::k60::Adc::PeekResult(unsigned short*)
 .text._ZNK7libbase3k603Adc8IsActiveEv
                0x00009df8       0x80 C:\Users\user\git\libsccc\lib\libsccc-d-2016-inno.a(adc-d-2016-inno.o)
                0x00009df8                libbase::k60::Adc::IsActive() const
 .text._ZNK7libbase3k603Adc18IsConversionActiveEv
                0x00009e78       0x5c C:\Users\user\git\libsccc\lib\libsccc-d-2016-inno.a(adc-d-2016-inno.o)
                0x00009e78                libbase::k60::Adc::IsConversionActive() const
 .text._ZNK7libbase3k603Adc20IsConversionCompleteEv
                0x00009ed4       0x5c C:\Users\user\git\libsccc\lib\libsccc-d-2016-inno.a(adc-d-2016-inno.o)
                0x00009ed4                libbase::k60::Adc::IsConversionComplete() const
 .text._ZN7libbase3k603Adc15EnableInterruptEv
                0x00009f30       0xa4 C:\Users\user\git\libsccc\lib\libsccc-d-2016-inno.a(adc-d-2016-inno.o)
                0x00009f30                libbase::k60::Adc::EnableInterrupt()
 .text._ZN7libbase3k603Adc16DisableInterruptEj
                0x00009fd4       0x94 C:\Users\user\git\libsccc\lib\libsccc-d-2016-inno.a(adc-d-2016-inno.o)
                0x00009fd4                libbase::k60::Adc::DisableInterrupt(unsigned int)
 .text._ZN7libbase3k603Adc10IrqHandlerEv
                0x0000a068       0xb4 C:\Users\user\git\libsccc\lib\libsccc-d-2016-inno.a(adc-d-2016-inno.o)
                0x0000a068                libbase::k60::Adc::IrqHandler()
 .text._ZNSt8functionIFvPN7libbase3k603AdcEtEEC2ERKS5_
                0x0000a11c       0x50 C:\Users\user\git\libsccc\lib\libsccc-d-2016-inno.a(adc-d-2016-inno.o)
                0x0000a11c                std::function<void (libbase::k60::Adc*, unsigned short)>::function(std::function<void (libbase::k60::Adc*, unsigned short)> const&)
                0x0000a11c                std::function<void (libbase::k60::Adc*, unsigned short)>::function(std::function<void (libbase::k60::Adc*, unsigned short)> const&)
 .text._ZN7libutil11EnumAdvanceIN7libbase3k603Sim9ClockGateEjEET_S5_T0_
                0x0000a16c       0x20 C:\Users\user\git\libsccc\lib\libsccc-d-2016-inno.a(adc-d-2016-inno.o)
                0x0000a16c                libbase::k60::Sim::ClockGate libutil::EnumAdvance<libbase::k60::Sim::ClockGate, unsigned int>(libbase::k60::Sim::ClockGate, unsigned int)
 .text._ZNKSt8functionIFvPN7libbase3k603AdcEtEEcvbEv
                0x0000a18c       0x20 C:\Users\user\git\libsccc\lib\libsccc-d-2016-inno.a(adc-d-2016-inno.o)
                0x0000a18c                std::function<void (libbase::k60::Adc*, unsigned short)>::operator bool() const
 .text._ZN7libutil11EnumAdvanceI4IRQnjEET_S2_T0_
                0x0000a1ac       0x24 C:\Users\user\git\libsccc\lib\libsccc-d-2016-inno.a(adc-d-2016-inno.o)
                0x0000a1ac                IRQn libutil::EnumAdvance<IRQn, unsigned int>(IRQn, unsigned int)
 .text._ZSt7forwardIPN7libbase3k603AdcEEOT_RNSt16remove_referenceIS4_E4typeE
                0x0000a1d0       0x18 C:\Users\user\git\libsccc\lib\libsccc-d-2016-inno.a(adc-d-2016-inno.o)
                0x0000a1d0                libbase::k60::Adc*&& std::forward<libbase::k60::Adc*>(std::remove_reference<libbase::k60::Adc*>::type&)
 .text._ZSt7forwardItEOT_RNSt16remove_referenceIS0_E4typeE
                0x0000a1e8       0x18 C:\Users\user\git\libsccc\lib\libsccc-d-2016-inno.a(adc-d-2016-inno.o)
                0x0000a1e8                unsigned short&& std::forward<unsigned short>(std::remove_reference<unsigned short>::type&)
 .text._ZNKSt8functionIFvPN7libbase3k603AdcEtEEclES3_t
                0x0000a200       0x50 C:\Users\user\git\libsccc\lib\libsccc-d-2016-inno.a(adc-d-2016-inno.o)
                0x0000a200                std::function<void (libbase::k60::Adc*, unsigned short)>::operator()(libbase::k60::Adc*, unsigned short) const
 .text._ZN7libutil11EnumAdvanceIN7libbase3k603Sim9ClockGateEEET_S5_i
                0x0000a250       0x1c C:\Users\user\git\libsccc\lib\libsccc-d-2016-inno.a(adc-d-2016-inno.o)
                0x0000a250                libbase::k60::Sim::ClockGate libutil::EnumAdvance<libbase::k60::Sim::ClockGate>(libbase::k60::Sim::ClockGate, int)
 .text._ZN7libutil11EnumAdvanceI4IRQnEET_S2_i
                0x0000a26c       0x28 C:\Users\user\git\libsccc\lib\libsccc-d-2016-inno.a(adc-d-2016-inno.o)
                0x0000a26c                IRQn libutil::EnumAdvance<IRQn>(IRQn, int)
 .text._ZSt4moveIRSt9_Any_dataEONSt16remove_referenceIT_E4typeEOS3_
                0x0000a294       0x18 C:\Users\user\git\libsccc\lib\libsccc-d-2016-inno.a(adc-d-2016-inno.o)
                0x0000a294                std::remove_reference<std::_Any_data&>::type&& std::move<std::_Any_data&>(std::_Any_data&)
 .text._ZSt4swapISt9_Any_dataEvRT_S2_
                0x0000a2ac       0x4c C:\Users\user\git\libsccc\lib\libsccc-d-2016-inno.a(adc-d-2016-inno.o)
                0x0000a2ac                void std::swap<std::_Any_data>(std::_Any_data&, std::_Any_data&)
 .text._ZSt4moveIRPFbRSt9_Any_dataRKS0_St18_Manager_operationEEONSt16remove_referenceIT_E4typeEOS9_
                0x0000a2f8       0x18 C:\Users\user\git\libsccc\lib\libsccc-d-2016-inno.a(adc-d-2016-inno.o)
                0x0000a2f8                std::remove_reference<bool (*&)(std::_Any_data&, std::_Any_data const&, std::_Manager_operation)>::type&& std::move<bool (*&)(std::_Any_data&, std::_Any_data const&, std::_Manager_operation)>(bool (*&)(std::_Any_data&, std::_Any_data const&, std::_Manager_operation))
 .text._ZSt4swapIPFbRSt9_Any_dataRKS0_St18_Manager_operationEEvRT_S8_
                0x0000a310       0x3c C:\Users\user\git\libsccc\lib\libsccc-d-2016-inno.a(adc-d-2016-inno.o)
                0x0000a310                void std::swap<bool (*)(std::_Any_data&, std::_Any_data const&, std::_Manager_operation)>(bool (*&)(std::_Any_data&, std::_Any_data const&, std::_Manager_operation), bool (*&)(std::_Any_data&, std::_Any_data const&, std::_Manager_operation))
 .text._ZN7libbase3k605CacheC2Ev
                0x0000a34c       0x1c C:\Users\user\git\libsccc\lib\libsccc-d-2016-inno.a(cache-d-2016-inno.o)
                0x0000a34c                libbase::k60::Cache::Cache()
                0x0000a34c                libbase::k60::Cache::Cache()
 .text._ZN7libbase3k605Cache4InitERKNS1_6ConfigE
                0x0000a368       0x4c C:\Users\user\git\libsccc\lib\libsccc-d-2016-inno.a(cache-d-2016-inno.o)
                0x0000a368                libbase::k60::Cache::Init(libbase::k60::Cache::Config const&)
 .text._ZN7libbase3k605Cache6InitPcEv
                0x0000a3b4       0x50 C:\Users\user\git\libsccc\lib\libsccc-d-2016-inno.a(cache-d-2016-inno.o)
                0x0000a3b4                libbase::k60::Cache::InitPc()
 .text._ZN7libbase3k605Cache6InitPsEv
                0x0000a404       0x58 C:\Users\user\git\libsccc\lib\libsccc-d-2016-inno.a(cache-d-2016-inno.o)
                0x0000a404                libbase::k60::Cache::InitPs()
 .text._ZN7libbase3k6012_GLOBAL__N_112GetBusClock_Ev
                0x0000a45c       0x50 C:\Users\user\git\libsccc\lib\libsccc-d-2016-inno.a(clock_utils-d-2016-inno.o)
 .text._ZN7libbase3k6010ClockUtils12GetCoreClockEv
                0x0000a4ac       0x18 C:\Users\user\git\libsccc\lib\libsccc-d-2016-inno.a(clock_utils-d-2016-inno.o)
                0x0000a4ac                libbase::k60::ClockUtils::GetCoreClock()
 .text._ZN7libbase3k6010ClockUtils15GetCoreClockKhzEv
                0x0000a4c4       0x54 C:\Users\user\git\libsccc\lib\libsccc-d-2016-inno.a(clock_utils-d-2016-inno.o)
                0x0000a4c4                libbase::k60::ClockUtils::GetCoreClockKhz()
 .text._ZN7libbase3k6010ClockUtils15GetCoreClockMhzEv
                0x0000a518       0x54 C:\Users\user\git\libsccc\lib\libsccc-d-2016-inno.a(clock_utils-d-2016-inno.o)
                0x0000a518                libbase::k60::ClockUtils::GetCoreClockMhz()
 .text._ZN7libbase3k6010ClockUtils11GetBusClockEv
                0x0000a56c       0x48 C:\Users\user\git\libsccc\lib\libsccc-d-2016-inno.a(clock_utils-d-2016-inno.o)
                0x0000a56c                libbase::k60::ClockUtils::GetBusClock()
 .text._ZN7libbase3k6010ClockUtils14GetBusClockKhzEv
                0x0000a5b4       0x54 C:\Users\user\git\libsccc\lib\libsccc-d-2016-inno.a(clock_utils-d-2016-inno.o)
                0x0000a5b4                libbase::k60::ClockUtils::GetBusClockKhz()
 .text._ZN7libbase3k6010ClockUtils14GetBusClockMhzEv
                0x0000a608       0x54 C:\Users\user\git\libsccc\lib\libsccc-d-2016-inno.a(clock_utils-d-2016-inno.o)
                0x0000a608                libbase::k60::ClockUtils::GetBusClockMhz()
 .text._ZN7libbase3k6010ClockUtils16GetCoreTickPerUsEv
                0x0000a65c       0x10 C:\Users\user\git\libsccc\lib\libsccc-d-2016-inno.a(dwt-d-2016-inno.o)
                0x0000a65c                libbase::k60::ClockUtils::GetCoreTickPerUs()
 .text._ZN7libbase3k6010ClockUtils16GetCoreTickPerUsEj
                0x0000a66c       0x1c C:\Users\user\git\libsccc\lib\libsccc-d-2016-inno.a(dwt-d-2016-inno.o)
                0x0000a66c                libbase::k60::ClockUtils::GetCoreTickPerUs(unsigned int)
 .text._ZN7libbase3k603Dwt7DelayUsEt
                0x0000a688       0xb4 C:\Users\user\git\libsccc\lib\libsccc-d-2016-inno.a(dwt-d-2016-inno.o)
                0x0000a688                libbase::k60::Dwt::DelayUs(unsigned short)
 .text._ZNSt9_Any_data9_M_accessEv
                0x0000a73c       0x18 C:\Users\user\git\libsccc\lib\libsccc-d-2016-inno.a(gpio-d-2016-inno.o)
                0x0000a73c                std::_Any_data::_M_access()
 .text._ZNKSt9_Any_data9_M_accessEv
                0x0000a754       0x18 C:\Users\user\git\libsccc\lib\libsccc-d-2016-inno.a(gpio-d-2016-inno.o)
                0x0000a754                std::_Any_data::_M_access() const
 .text._ZNK7libbase3k603Pin7GetNameEv
                0x0000a76c       0x18 C:\Users\user\git\libsccc\lib\libsccc-d-2016-inno.a(gpio-d-2016-inno.o)
                0x0000a76c                libbase::k60::Pin::GetName() const
 .text._ZNK7libbase3k603GpocvbEv
                0x0000a784       0x1c C:\Users\user\git\libsccc\lib\libsccc-d-2016-inno.a(gpio-d-2016-inno.o)
                0x0000a784                libbase::k60::Gpo::operator bool() const
 .text._ZN7libbase3k6014Mk60f15Lqfp14415GetPortPinCountEv
                0x0000a7a0       0x10 C:\Users\user\git\libsccc\lib\libsccc-d-2016-inno.a(gpio-d-2016-inno.o)
                0x0000a7a0                libbase::k60::Mk60f15Lqfp144::GetPortPinCount()
 .text._ZN7libbase3k608PinUtils7GetPortENS0_3Pin4NameE
                0x0000a7b0       0x1c C:\Users\user\git\libsccc\lib\libsccc-d-2016-inno.a(gpio-d-2016-inno.o)
                0x0000a7b0                libbase::k60::PinUtils::GetPort(libbase::k60::Pin::Name)
 .text._ZN7libbase3k608PinUtils12GetPinNumberENS0_3Pin4NameE
                0x0000a7cc       0x24 C:\Users\user\git\libsccc\lib\libsccc-d-2016-inno.a(gpio-d-2016-inno.o)
                0x0000a7cc                libbase::k60::PinUtils::GetPinNumber(libbase::k60::Pin::Name)
 .text._ZN7libbase3k6012_GLOBAL__N_112GetPinConfigERKNS0_3Gpo6ConfigE
                0x0000a7f0       0x30 C:\Users\user\git\libsccc\lib\libsccc-d-2016-inno.a(gpio-d-2016-inno.o)
 .text._ZN7libbase3k603GpoC2ERKNS1_6ConfigE
                0x0000a820       0x78 C:\Users\user\git\libsccc\lib\libsccc-d-2016-inno.a(gpio-d-2016-inno.o)
                0x0000a820                libbase::k60::Gpo::Gpo(libbase::k60::Gpo::Config const&)
                0x0000a820                libbase::k60::Gpo::Gpo(libbase::k60::Gpo::Config const&)
 .text._ZN7libbase3k603GpoD2Ev
                0x0000a898       0x20 C:\Users\user\git\libsccc\lib\libsccc-d-2016-inno.a(gpio-d-2016-inno.o)
                0x0000a898                libbase::k60::Gpo::~Gpo()
                0x0000a898                libbase::k60::Gpo::~Gpo()
 .text._ZN7libbase3k603Gpo6UninitEv
                0x0000a8b8       0x40 C:\Users\user\git\libsccc\lib\libsccc-d-2016-inno.a(gpio-d-2016-inno.o)
                0x0000a8b8                libbase::k60::Gpo::Uninit()
 .text._ZN7libbase3k603Gpo3SetEb
                0x0000a8f8       0xb0 C:\Users\user\git\libsccc\lib\libsccc-d-2016-inno.a(gpio-d-2016-inno.o)
                0x0000a8f8                libbase::k60::Gpo::Set(bool)
 .text._ZNSt12_Base_bitsetILj1EE11_S_whichbitEj
                0x0000a9a8       0x1c C:\Users\user\git\libsccc\lib\libsccc-d-2016-inno.a(pin-d-2016-inno.o)
                0x0000a9a8                std::_Base_bitset<1u>::_S_whichbit(unsigned int)
 .text._ZNSt12_Base_bitsetILj1EE10_S_maskbitEj
                0x0000a9c4       0x20 C:\Users\user\git\libsccc\lib\libsccc-d-2016-inno.a(pin-d-2016-inno.o)
                0x0000a9c4                std::_Base_bitset<1u>::_S_maskbit(unsigned int)
 .text._ZNKSt12_Base_bitsetILj1EE10_M_getwordEj
                0x0000a9e4       0x1c C:\Users\user\git\libsccc\lib\libsccc-d-2016-inno.a(pin-d-2016-inno.o)
                0x0000a9e4                std::_Base_bitset<1u>::_M_getword(unsigned int) const
 .text._ZN7libbase3k6014Mk60f15Lqfp1446RegPinENS0_3Pin4NameE
                0x0000aa00       0x20 C:\Users\user\git\libsccc\lib\libsccc-d-2016-inno.a(pin-d-2016-inno.o)
                0x0000aa00                libbase::k60::Mk60f15Lqfp144::RegPin(libbase::k60::Pin::Name)
 .text._ZN7libbase3k6014Mk60f15Lqfp1448UnregPinENS0_3Pin4NameE
                0x0000aa20       0x1c C:\Users\user\git\libsccc\lib\libsccc-d-2016-inno.a(pin-d-2016-inno.o)
                0x0000aa20                libbase::k60::Mk60f15Lqfp144::UnregPin(libbase::k60::Pin::Name)
 .text._ZN7libbase3k6012_GLOBAL__N_115SetInterruptBitENS0_3Pin6Config9InterruptEPm
                0x0000aa3c       0xb8 C:\Users\user\git\libsccc\lib\libsccc-d-2016-inno.a(pin-d-2016-inno.o)
 .text._ZNKSt6bitsetILj6EE15_Unchecked_testEj
                0x0000aaf4       0x34 C:\Users\user\git\libsccc\lib\libsccc-d-2016-inno.a(pin-d-2016-inno.o)
                0x0000aaf4                std::bitset<6u>::_Unchecked_test(unsigned int) const
 .text._ZNKSt6bitsetILj6EEixEj
                0x0000ab28       0x1c C:\Users\user\git\libsccc\lib\libsccc-d-2016-inno.a(pin-d-2016-inno.o)
                0x0000ab28                std::bitset<6u>::operator[](unsigned int) const
 .text._ZN7libbase3k603PinC2ERKNS1_6ConfigE
                0x0000ab44      0x1d4 C:\Users\user\git\libsccc\lib\libsccc-d-2016-inno.a(pin-d-2016-inno.o)
                0x0000ab44                libbase::k60::Pin::Pin(libbase::k60::Pin::Config const&)
                0x0000ab44                libbase::k60::Pin::Pin(libbase::k60::Pin::Config const&)
 .text._ZN7libbase3k603PinC2EDn
                0x0000ad18       0x20 C:\Users\user\git\libsccc\lib\libsccc-d-2016-inno.a(pin-d-2016-inno.o)
                0x0000ad18                libbase::k60::Pin::Pin(decltype(nullptr))
                0x0000ad18                libbase::k60::Pin::Pin(decltype(nullptr))
 .text._ZN7libbase3k603PinD2Ev
                0x0000ad38       0x18 C:\Users\user\git\libsccc\lib\libsccc-d-2016-inno.a(pin-d-2016-inno.o)
                0x0000ad38                libbase::k60::Pin::~Pin()
                0x0000ad38                libbase::k60::Pin::~Pin()
 .text._ZN7libbase3k603PinaSEOS1_
                0x0000ad50       0x40 C:\Users\user\git\libsccc\lib\libsccc-d-2016-inno.a(pin-d-2016-inno.o)
                0x0000ad50                libbase::k60::Pin::operator=(libbase::k60::Pin&&)
 .text._ZN7libbase3k603Pin6UninitEv
                0x0000ad90       0x48 C:\Users\user\git\libsccc\lib\libsccc-d-2016-inno.a(pin-d-2016-inno.o)
                0x0000ad90                libbase::k60::Pin::Uninit()
 .text._ZN7libbase3k6012_GLOBAL__N_115SetClockGateBitERVmjb
                0x0000add8       0x48 C:\Users\user\git\libsccc\lib\libsccc-d-2016-inno.a(sim-d-2016-inno.o)
 .text._ZN7libbase3k603Sim18SetEnableClockGateENS1_9ClockGateEb
                0x0000ae20      0x454 C:\Users\user\git\libsccc\lib\libsccc-d-2016-inno.a(sim-d-2016-inno.o)
                0x0000ae20                libbase::k60::Sim::SetEnableClockGate(libbase::k60::Sim::ClockGate, bool)
 .text._ZN7libbase3k603PinC2Ev
                0x0000b274       0x1c C:\Users\user\git\libsccc\lib\libsccc-d-2016-inno.a(spi_master-d-2016-inno.o)
                0x0000b274                libbase::k60::Pin::Pin()
                0x0000b274                libbase::k60::Pin::Pin()
 .text._ZN7libbase3k603Spi17GetMaxSpiPcsCountEv
                0x0000b290       0x10 C:\Users\user\git\libsccc\lib\libsccc-d-2016-inno.a(spi_master-d-2016-inno.o)
                0x0000b290                libbase::k60::Spi::GetMaxSpiPcsCount()
 .text._ZN7libbase3k6018SpiMasterInterfaceD2Ev
                0x0000b2a0       0x28 C:\Users\user\git\libsccc\lib\libsccc-d-2016-inno.a(spi_master-d-2016-inno.o)
                0x0000b2a0                libbase::k60::SpiMasterInterface::~SpiMasterInterface()
                0x0000b2a0                libbase::k60::SpiMasterInterface::~SpiMasterInterface()
 .text._ZN7libbase3k6018SpiMasterInterfaceD0Ev
                0x0000b2c8       0x20 C:\Users\user\git\libsccc\lib\libsccc-d-2016-inno.a(spi_master-d-2016-inno.o)
                0x0000b2c8                libbase::k60::SpiMasterInterface::~SpiMasterInterface()
 .text._ZNK7libbase3k609SpiMastercvbEv
                0x0000b2e8       0x1c C:\Users\user\git\libsccc\lib\libsccc-d-2016-inno.a(spi_master-d-2016-inno.o)
                0x0000b2e8                libbase::k60::SpiMaster::operator bool() const
 .text._ZN7libbase3k608SpiUtils12GetSpiModuleENS0_3Spi7PcsNameE
                0x0000b304       0x1c C:\Users\user\git\libsccc\lib\libsccc-d-2016-inno.a(spi_master-d-2016-inno.o)
                0x0000b304                libbase::k60::SpiUtils::GetSpiModule(libbase::k60::Spi::PcsName)
 .text._ZNK7libbase3k6012_GLOBAL__N_121DelayScalerCalculator16GetBestPrescalerEv
                0x0000b320       0x18 C:\Users\user\git\libsccc\lib\libsccc-d-2016-inno.a(spi_master-d-2016-inno.o)
 .text._ZNK7libbase3k6012_GLOBAL__N_121DelayScalerCalculator13GetBestScalerEv
                0x0000b338       0x18 C:\Users\user\git\libsccc\lib\libsccc-d-2016-inno.a(spi_master-d-2016-inno.o)
 .text._ZN7libbase3k6012_GLOBAL__N_121DelayScalerCalculator4CalcEm
                0x0000b350       0xbc C:\Users\user\git\libsccc\lib\libsccc-d-2016-inno.a(spi_master-d-2016-inno.o)
 .text._ZN7libbase3k6012_GLOBAL__N_18SetHalt_Ehb
                0x0000b40c       0x54 C:\Users\user\git\libsccc\lib\libsccc-d-2016-inno.a(spi_master-d-2016-inno.o)
 .text._ZN7libbase3k6018SpiMasterInterfaceC2Ev
                0x0000b460       0x20 C:\Users\user\git\libsccc\lib\libsccc-d-2016-inno.a(spi_master-d-2016-inno.o)
                0x0000b460                libbase::k60::SpiMasterInterface::SpiMasterInterface()
                0x0000b460                libbase::k60::SpiMasterInterface::SpiMasterInterface()
 .text._ZN7libbase3k609SpiMasterC2ERKNS1_6ConfigE
                0x0000b480      0x120 C:\Users\user\git\libsccc\lib\libsccc-d-2016-inno.a(spi_master-d-2016-inno.o)
                0x0000b480                libbase::k60::SpiMaster::SpiMaster(libbase::k60::SpiMaster::Config const&)
                0x0000b480                libbase::k60::SpiMaster::SpiMaster(libbase::k60::SpiMaster::Config const&)
 .text._ZN7libbase3k609SpiMasterD2Ev
                0x0000b5a0       0x88 C:\Users\user\git\libsccc\lib\libsccc-d-2016-inno.a(spi_master-d-2016-inno.o)
                0x0000b5a0                libbase::k60::SpiMaster::~SpiMaster()
                0x0000b5a0                libbase::k60::SpiMaster::~SpiMaster()
 .text._ZN7libbase3k609SpiMasterD0Ev
                0x0000b628       0x20 C:\Users\user\git\libsccc\lib\libsccc-d-2016-inno.a(spi_master-d-2016-inno.o)
                0x0000b628                libbase::k60::SpiMaster::~SpiMaster()
 .text._ZN7libbase3k609SpiMaster10InitModuleERKNS1_6ConfigE
                0x0000b648      0x11c C:\Users\user\git\libsccc\lib\libsccc-d-2016-inno.a(spi_master-d-2016-inno.o)
                0x0000b648                libbase::k60::SpiMaster::InitModule(libbase::k60::SpiMaster::Config const&)
 .text._ZN7libbase3k609SpiMaster7InitPinERKNS1_6ConfigE
                0x0000b764      0x17c C:\Users\user\git\libsccc\lib\libsccc-d-2016-inno.a(spi_master-d-2016-inno.o)
                0x0000b764                libbase::k60::SpiMaster::InitPin(libbase::k60::SpiMaster::Config const&)
 .text._ZN7libbase3k609SpiMaster10InitMcrRegERKNS1_6ConfigE
                0x0000b8e0       0xb8 C:\Users\user\git\libsccc\lib\libsccc-d-2016-inno.a(spi_master-d-2016-inno.o)
                0x0000b8e0                libbase::k60::SpiMaster::InitMcrReg(libbase::k60::SpiMaster::Config const&)
 .text._ZN7libbase3k609SpiMaster11InitCtarRegERKNS1_6ConfigE
                0x0000b998      0x118 C:\Users\user\git\libsccc\lib\libsccc-d-2016-inno.a(spi_master-d-2016-inno.o)
                0x0000b998                libbase::k60::SpiMaster::InitCtarReg(libbase::k60::SpiMaster::Config const&)
 .text._ZN7libbase3k609SpiMaster13InitInterruptERKNS1_6ConfigE
                0x0000bab0       0x58 C:\Users\user\git\libsccc\lib\libsccc-d-2016-inno.a(spi_master-d-2016-inno.o)
                0x0000bab0                libbase::k60::SpiMaster::InitInterrupt(libbase::k60::SpiMaster::Config const&)
 .text._ZN7libbase3k609SpiMaster11SetBaudRateEmPm
                0x0000bb08      0x11c C:\Users\user\git\libsccc\lib\libsccc-d-2016-inno.a(spi_master-d-2016-inno.o)
                0x0000bb08                libbase::k60::SpiMaster::SetBaudRate(unsigned long, unsigned long*)
 .text._ZN7libbase3k609SpiMaster14SetPcsSckDelayEmPm
                0x0000bc24       0x54 C:\Users\user\git\libsccc\lib\libsccc-d-2016-inno.a(spi_master-d-2016-inno.o)
                0x0000bc24                libbase::k60::SpiMaster::SetPcsSckDelay(unsigned long, unsigned long*)
 .text._ZN7libbase3k609SpiMaster16SetAfterSckDelayEmPm
                0x0000bc78       0x58 C:\Users\user\git\libsccc\lib\libsccc-d-2016-inno.a(spi_master-d-2016-inno.o)
                0x0000bc78                libbase::k60::SpiMaster::SetAfterSckDelay(unsigned long, unsigned long*)
 .text._ZN7libbase3k609SpiMaster21SetAfterTransferDelayEmPm
                0x0000bcd0       0x54 C:\Users\user\git\libsccc\lib\libsccc-d-2016-inno.a(spi_master-d-2016-inno.o)
                0x0000bcd0                libbase::k60::SpiMaster::SetAfterTransferDelay(unsigned long, unsigned long*)
 .text._ZN7libbase3k609SpiMaster12SetInterruptEbb
                0x0000bd24       0x8c C:\Users\user\git\libsccc\lib\libsccc-d-2016-inno.a(spi_master-d-2016-inno.o)
                0x0000bd24                libbase::k60::SpiMaster::SetInterrupt(bool, bool)
 .text._ZN7libbase3k609SpiMaster6UninitEv
                0x0000bdb0       0x5c C:\Users\user\git\libsccc\lib\libsccc-d-2016-inno.a(spi_master-d-2016-inno.o)
                0x0000bdb0                libbase::k60::SpiMaster::Uninit()
 .text._ZN7libbase3k609SpiMaster7SetHaltEb
                0x0000be0c       0x20 C:\Users\user\git\libsccc\lib\libsccc-d-2016-inno.a(spi_master-d-2016-inno.o)
                0x0000be0c                libbase::k60::SpiMaster::SetHalt(bool)
 .text._ZN7libbase3k609SpiMaster12ExchangeDataEht
                0x0000be2c      0x170 C:\Users\user\git\libsccc\lib\libsccc-d-2016-inno.a(spi_master-d-2016-inno.o)
                0x0000be2c                libbase::k60::SpiMaster::ExchangeData(unsigned char, unsigned short)
 .text._ZN7libbase3k609SpiMaster9KickStartEv
                0x0000bf9c       0x40 C:\Users\user\git\libsccc\lib\libsccc-d-2016-inno.a(spi_master-d-2016-inno.o)
                0x0000bf9c                libbase::k60::SpiMaster::KickStart()
 .text._ZN7libbase3k609SpiMaster8PushDataEhPKtj
                0x0000bfdc       0x30 C:\Users\user\git\libsccc\lib\libsccc-d-2016-inno.a(spi_master-d-2016-inno.o)
                0x0000bfdc                libbase::k60::SpiMaster::PushData(unsigned char, unsigned short const*, unsigned int)
 .text._ZN7libbase3k609SpiMaster8PushDataEhPKhj
                0x0000c00c      0x168 C:\Users\user\git\libsccc\lib\libsccc-d-2016-inno.a(spi_master-d-2016-inno.o)
                0x0000c00c                libbase::k60::SpiMaster::PushData(unsigned char, unsigned char const*, unsigned int)
 .text._ZN7libbase3k609SpiMaster14SetEnableRxIrqEb
                0x0000c174       0x88 C:\Users\user\git\libsccc\lib\libsccc-d-2016-inno.a(spi_master-d-2016-inno.o)
                0x0000c174                libbase::k60::SpiMaster::SetEnableRxIrq(bool)
 .text._ZN7libbase3k609SpiMaster14SetEnableTxIrqEb
                0x0000c1fc       0x88 C:\Users\user\git\libsccc\lib\libsccc-d-2016-inno.a(spi_master-d-2016-inno.o)
                0x0000c1fc                libbase::k60::SpiMaster::SetEnableTxIrq(bool)
 .text._ZN7libbase3k609SpiMaster10IrqHandlerEv
                0x0000c284      0x1f0 C:\Users\user\git\libsccc\lib\libsccc-d-2016-inno.a(spi_master-d-2016-inno.o)
                0x0000c284                libbase::k60::SpiMaster::IrqHandler()
 .text._ZN7libutil11EnumAdvanceIN7libbase3k603Sim9ClockGateEhEET_S5_T0_
                0x0000c474       0x20 C:\Users\user\git\libsccc\lib\libsccc-d-2016-inno.a(spi_master-d-2016-inno.o)
                0x0000c474                libbase::k60::Sim::ClockGate libutil::EnumAdvance<libbase::k60::Sim::ClockGate, unsigned char>(libbase::k60::Sim::ClockGate, unsigned char)
 .text._ZN7libutil5ClampIhEET_RKS1_S3_S3_
                0x0000c494       0x2c C:\Users\user\git\libsccc\lib\libsccc-d-2016-inno.a(spi_master-d-2016-inno.o)
                0x0000c494                unsigned char libutil::Clamp<unsigned char>(unsigned char const&, unsigned char const&, unsigned char const&)
 .text._ZNSt8functionIFvPN7libbase3k609SpiMasterEEEaSERKS5_
                0x0000c4c0       0x38 C:\Users\user\git\libsccc\lib\libsccc-d-2016-inno.a(spi_master-d-2016-inno.o)
                0x0000c4c0                std::function<void (libbase::k60::SpiMaster*)>::operator=(std::function<void (libbase::k60::SpiMaster*)> const&)
 .text._ZNKSt8functionIFvPN7libbase3k609SpiMasterEEEcvbEv
                0x0000c4f8       0x20 C:\Users\user\git\libsccc\lib\libsccc-d-2016-inno.a(spi_master-d-2016-inno.o)
                0x0000c4f8                std::function<void (libbase::k60::SpiMaster*)>::operator bool() const
 .text._ZN7libutil11EnumAdvanceI4IRQnhEET_S2_T0_
                0x0000c518       0x28 C:\Users\user\git\libsccc\lib\libsccc-d-2016-inno.a(spi_master-d-2016-inno.o)
                0x0000c518                IRQn libutil::EnumAdvance<IRQn, unsigned char>(IRQn, unsigned char)
 .text._ZSt7forwardIPN7libbase3k609SpiMasterEEOT_RNSt16remove_referenceIS4_E4typeE
                0x0000c540       0x18 C:\Users\user\git\libsccc\lib\libsccc-d-2016-inno.a(spi_master-d-2016-inno.o)
                0x0000c540                libbase::k60::SpiMaster*&& std::forward<libbase::k60::SpiMaster*>(std::remove_reference<libbase::k60::SpiMaster*>::type&)
 .text._ZNKSt8functionIFvPN7libbase3k609SpiMasterEEEclES3_
                0x0000c558       0x3c C:\Users\user\git\libsccc\lib\libsccc-d-2016-inno.a(spi_master-d-2016-inno.o)
                0x0000c558                std::function<void (libbase::k60::SpiMaster*)>::operator()(libbase::k60::SpiMaster*) const
 .text._ZSt3minIhERKT_S2_S2_
                0x0000c594       0x28 C:\Users\user\git\libsccc\lib\libsccc-d-2016-inno.a(spi_master-d-2016-inno.o)
                0x0000c594                unsigned char const& std::min<unsigned char>(unsigned char const&, unsigned char const&)
 .text._ZSt3maxIhERKT_S2_S2_
                0x0000c5bc       0x28 C:\Users\user\git\libsccc\lib\libsccc-d-2016-inno.a(spi_master-d-2016-inno.o)
                0x0000c5bc                unsigned char const& std::max<unsigned char>(unsigned char const&, unsigned char const&)
 .text._ZNSt8functionIFvPN7libbase3k609SpiMasterEEEC2ERKS5_
                0x0000c5e4       0x50 C:\Users\user\git\libsccc\lib\libsccc-d-2016-inno.a(spi_master-d-2016-inno.o)
                0x0000c5e4                std::function<void (libbase::k60::SpiMaster*)>::function(std::function<void (libbase::k60::SpiMaster*)> const&)
                0x0000c5e4                std::function<void (libbase::k60::SpiMaster*)>::function(std::function<void (libbase::k60::SpiMaster*)> const&)
 .text._ZNSt8functionIFvPN7libbase3k609SpiMasterEEE4swapERS5_
                0x0000c634       0x40 C:\Users\user\git\libsccc\lib\libsccc-d-2016-inno.a(spi_master-d-2016-inno.o)
                0x0000c634                std::function<void (libbase::k60::SpiMaster*)>::swap(std::function<void (libbase::k60::SpiMaster*)>&)
 .text._ZSt4moveIRPFvRKSt9_Any_dataPN7libbase3k609SpiMasterEEEONSt16remove_referenceIT_E4typeEOSB_
                0x0000c674       0x18 C:\Users\user\git\libsccc\lib\libsccc-d-2016-inno.a(spi_master-d-2016-inno.o)
                0x0000c674                std::remove_reference<void (*&)(std::_Any_data const&, libbase::k60::SpiMaster*)>::type&& std::move<void (*&)(std::_Any_data const&, libbase::k60::SpiMaster*)>(void (*&)(std::_Any_data const&, libbase::k60::SpiMaster*))
 .text._ZSt4swapIPFvRKSt9_Any_dataPN7libbase3k609SpiMasterEEEvRT_SA_
                0x0000c68c       0x3c C:\Users\user\git\libsccc\lib\libsccc-d-2016-inno.a(spi_master-d-2016-inno.o)
                0x0000c68c                void std::swap<void (*)(std::_Any_data const&, libbase::k60::SpiMaster*)>(void (*&)(std::_Any_data const&, libbase::k60::SpiMaster*), void (*&)(std::_Any_data const&, libbase::k60::SpiMaster*))
 .text._ZN7libbase3k608SpiUtils11GetCsNumberENS0_3Pin4NameE
                0x0000c6c8      0x268 C:\Users\user\git\libsccc\lib\libsccc-d-2016-inno.a(spi_utils-d-2016-inno.o)
                0x0000c6c8                libbase::k60::SpiUtils::GetCsNumber(libbase::k60::Pin::Name)
 .text._ZN7libbase3k6010ClockUtils16GetCoreTickPerMsEv
                0x0000c930       0x10 C:\Users\user\git\libsccc\lib\libsccc-d-2016-inno.a(sys_tick_timer-d-2016-inno.o)
                0x0000c930                libbase::k60::ClockUtils::GetCoreTickPerMs()
 .text._ZN5libsc5TimerD2Ev
                0x0000c940       0x28 C:\Users\user\git\libsccc\lib\libsccc-d-2016-inno.a(sys_tick_timer-d-2016-inno.o)
                0x0000c940                libsc::Timer::~Timer()
                0x0000c940                libsc::Timer::~Timer()
 .text._ZN5libsc5TimerD0Ev
                0x0000c968       0x20 C:\Users\user\git\libsccc\lib\libsccc-d-2016-inno.a(sys_tick_timer-d-2016-inno.o)
                0x0000c968                libsc::Timer::~Timer()
 .text._ZNSt8functionIFvPN7libbase3k607SysTickEEED2Ev
                0x0000c988       0x1c C:\Users\user\git\libsccc\lib\libsccc-d-2016-inno.a(sys_tick_timer-d-2016-inno.o)
                0x0000c988                std::function<void (libbase::k60::SysTick*)>::~function()
                0x0000c988                std::function<void (libbase::k60::SysTick*)>::~function()
 .text._ZN7libbase3k607SysTick6ConfigC2Ev
                0x0000c9a4       0x24 C:\Users\user\git\libsccc\lib\libsccc-d-2016-inno.a(sys_tick_timer-d-2016-inno.o)
                0x0000c9a4                libbase::k60::SysTick::Config::Config()
                0x0000c9a4                libbase::k60::SysTick::Config::Config()
 .text._ZN7libbase3k607SysTick6ConfigD2Ev
                0x0000c9c8       0x1c C:\Users\user\git\libsccc\lib\libsccc-d-2016-inno.a(sys_tick_timer-d-2016-inno.o)
                0x0000c9c8                libbase::k60::SysTick::Config::~Config()
                0x0000c9c8                libbase::k60::SysTick::Config::~Config()
 .text._ZN5libsc12_GLOBAL__N_116GetSysTickConfigERKSt8functionIFvPN7libbase3k607SysTickEEE
                0x0000c9e4       0x30 C:\Users\user\git\libsccc\lib\libsccc-d-2016-inno.a(sys_tick_timer-d-2016-inno.o)
 .text._ZN5libsc5TimerC2Ev
                0x0000ca14       0x20 C:\Users\user\git\libsccc\lib\libsccc-d-2016-inno.a(sys_tick_timer-d-2016-inno.o)
                0x0000ca14                libsc::Timer::Timer()
                0x0000ca14                libsc::Timer::Timer()
 .text._ZN5libsc12SysTickTimerC2Ev
                0x0000ca34       0xac C:\Users\user\git\libsccc\lib\libsccc-d-2016-inno.a(sys_tick_timer-d-2016-inno.o)
                0x0000ca34                libsc::SysTickTimer::SysTickTimer()
                0x0000ca34                libsc::SysTickTimer::SysTickTimer()
 .text._ZN5libsc12SysTickTimer6OnTickEPN7libbase3k607SysTickE
                0x0000cae0       0x20 C:\Users\user\git\libsccc\lib\libsccc-d-2016-inno.a(sys_tick_timer-d-2016-inno.o)
                0x0000cae0                libsc::SysTickTimer::OnTick(libbase::k60::SysTick*)
 .text._ZNSt14unary_functionIPN7libbase3k607SysTickEvEC2Ev
                0x0000cb00       0x18 C:\Users\user\git\libsccc\lib\libsccc-d-2016-inno.a(sys_tick_timer-d-2016-inno.o)
                0x0000cb00                std::unary_function<libbase::k60::SysTick*, void>::unary_function()
                0x0000cb00                std::unary_function<libbase::k60::SysTick*, void>::unary_function()
 .text._ZNSt31_Maybe_unary_or_binary_functionIvIPN7libbase3k607SysTickEEEC2Ev
                0x0000cb18       0x18 C:\Users\user\git\libsccc\lib\libsccc-d-2016-inno.a(sys_tick_timer-d-2016-inno.o)
                0x0000cb18                std::_Maybe_unary_or_binary_function<void, libbase::k60::SysTick*>::_Maybe_unary_or_binary_function()
                0x0000cb18                std::_Maybe_unary_or_binary_function<void, libbase::k60::SysTick*>::_Maybe_unary_or_binary_function()
                0x0000cb18                std::_Maybe_unary_or_binary_function<void, libbase::k60::SysTick*>::_Maybe_unary_or_binary_function()
                0x0000cb18                std::_Maybe_unary_or_binary_function<void, libbase::k60::SysTick*>::_Maybe_unary_or_binary_function()
 .text._ZNSt8functionIFvPN7libbase3k607SysTickEEEC2Ev
                0x0000cb30       0x20 C:\Users\user\git\libsccc\lib\libsccc-d-2016-inno.a(sys_tick_timer-d-2016-inno.o)
                0x0000cb30                std::function<void (libbase::k60::SysTick*)>::function()
                0x0000cb30                std::function<void (libbase::k60::SysTick*)>::function()
 .text._ZNSt8functionIFvPN7libbase3k607SysTickEEEaSERKS5_
                0x0000cb50       0x38 C:\Users\user\git\libsccc\lib\libsccc-d-2016-inno.a(sys_tick_timer-d-2016-inno.o)
                0x0000cb50                std::function<void (libbase::k60::SysTick*)>::operator=(std::function<void (libbase::k60::SysTick*)> const&)
 .text._ZSt7forwardIMN5libsc12SysTickTimerEFvPN7libbase3k607SysTickEEEOT_RNSt16remove_referenceIS8_E4typeE
                0x0000cb88       0x18 C:\Users\user\git\libsccc\lib\libsccc-d-2016-inno.a(sys_tick_timer-d-2016-inno.o)
                0x0000cb88                void (libsc::SysTickTimer::*&&std::forward<void (libsc::SysTickTimer::*)(libbase::k60::SysTick*)>(std::remove_reference<void (libsc::SysTickTimer::*)(libbase::k60::SysTick*)>::type&))(libbase::k60::SysTick*)
 .text._ZSt7forwardIKPN5libsc12SysTickTimerEEOT_RNSt16remove_referenceIS4_E4typeE
                0x0000cba0       0x18 C:\Users\user\git\libsccc\lib\libsccc-d-2016-inno.a(sys_tick_timer-d-2016-inno.o)
                0x0000cba0                libsc::SysTickTimer* const&& std::forward<libsc::SysTickTimer* const>(std::remove_reference<libsc::SysTickTimer* const>::type&)
 .text._ZSt7forwardIRKSt12_PlaceholderILi1EEEOT_RNSt16remove_referenceIS4_E4typeE
                0x0000cbb8       0x18 C:\Users\user\git\libsccc\lib\libsccc-d-2016-inno.a(sys_tick_timer-d-2016-inno.o)
                0x0000cbb8                std::_Placeholder<1> const& std::forward<std::_Placeholder<1> const&>(std::remove_reference<std::_Placeholder<1> const&>::type&)
 .text._ZSt4bindIMN5libsc12SysTickTimerEFvPN7libbase3k607SysTickEEIKPS1_RKSt12_PlaceholderILi1EEEENSt12_Bind_helperIXsrSt5__or_IISt11is_integralINSt5decayIT_E4typeEESt7is_enumISK_EEE5valueESI_IDpT0_EE4typeEOSI_DpOSP_
                0x0000cbd0       0x4c C:\Users\user\git\libsccc\lib\libsccc-d-2016-inno.a(sys_tick_timer-d-2016-inno.o)
                0x0000cbd0                std::_Bind_helper<std::__or_<std::is_integral<std::decay<void (libsc::SysTickTimer::*)(libbase::k60::SysTick*)>::type>, std::is_enum<std::decay<void (libsc::SysTickTimer::*)(libbase::k60::SysTick*)>::type> >::value, void (libsc::SysTickTimer::*)(libbase::k60::SysTick*)<libsc::SysTickTimer* const, std::_Placeholder<1> const&> >::type std::bind<void (libsc::SysTickTimer::*)(libbase::k60::SysTick*), libsc::SysTickTimer* const, std::_Placeholder<1> const&>(void (libsc::SysTickTimer::*&&)(libbase::k60::SysTick*), libsc::SysTickTimer* const&&, std::_Placeholder<1> const&)
                0x0000cbd0                std::_Bind_helper<std::__or_<std::is_integral<std::decay<void (libsc::SysTickTimer::*)(libbase::k60::SysTick*)>::type>, std::is_enum<std::decay<void (libsc::SysTickTimer::*)(libbase::k60::SysTick*)>::type> >::value, void (libsc::SysTickTimer::*)(libbase::k60::SysTick*), libsc::SysTickTimer* const, std::_Placeholder<1> const&>::type std::bind<void (libsc::SysTickTimer::*)(libbase::k60::SysTick*), libsc::SysTickTimer* const, std::_Placeholder<1> const&>(void (libsc::SysTickTimer::*&&)(libbase::k60::SysTick*), libsc::SysTickTimer* const&&, std::_Placeholder<1> const&)
 .text._ZSt4moveIRSt7_Mem_fnIMN5libsc12SysTickTimerEFvPN7libbase3k607SysTickEEEEONSt16remove_referenceIT_E4typeEOSC_
                0x0000cc1c       0x18 C:\Users\user\git\libsccc\lib\libsccc-d-2016-inno.a(sys_tick_timer-d-2016-inno.o)
                0x0000cc1c                std::remove_reference<std::_Mem_fn<void (libsc::SysTickTimer::*)(libbase::k60::SysTick*)>&>::type&& std::move<std::_Mem_fn<void (libsc::SysTickTimer::*)(libbase::k60::SysTick*)>&>(std::_Mem_fn<void (libsc::SysTickTimer::*)(libbase::k60::SysTick*)>&)
 .text._ZSt4moveIRSt5tupleIIPN5libsc12SysTickTimerESt12_PlaceholderILi1EEEEEONSt16remove_referenceIT_E4typeEOS9_
                0x0000cc34       0x18 C:\Users\user\git\libsccc\lib\libsccc-d-2016-inno.a(sys_tick_timer-d-2016-inno.o)
                0x0000cc34                std::remove_reference<std::tuple<libsc::SysTickTimer*, std::_Placeholder<1> >&>::type&& std::move<std::tuple<libsc::SysTickTimer*, std::_Placeholder<1> >&>(std::tuple<libsc::SysTickTimer*, std::_Placeholder<1> >&)
                0x0000cc34                std::remove_reference<std::tuple<libsc::SysTickTimer*, std::_Placeholder<1> >&>::type&& std::move<std::tuple<libsc::SysTickTimer*, std::_Placeholder<1> >&>(std::tuple<libsc::SysTickTimer*, std::_Placeholder<1> >&)
 .text._ZNSt22_Maybe_get_result_typeILb1ESt7_Mem_fnIMN5libsc12SysTickTimerEFvPN7libbase3k607SysTickEEEEC2Ev
                0x0000cc4c       0x18 C:\Users\user\git\libsccc\lib\libsccc-d-2016-inno.a(sys_tick_timer-d-2016-inno.o)
                0x0000cc4c                std::_Maybe_get_result_type<true, std::_Mem_fn<void (libsc::SysTickTimer::*)(libbase::k60::SysTick*)> >::_Maybe_get_result_type()
                0x0000cc4c                std::_Maybe_get_result_type<true, std::_Mem_fn<void (libsc::SysTickTimer::*)(libbase::k60::SysTick*)> >::_Maybe_get_result_type()
 .text._ZNSt22_Weak_result_type_implISt7_Mem_fnIMN5libsc12SysTickTimerEFvPN7libbase3k607SysTickEEEEC2Ev
                0x0000cc64       0x18 C:\Users\user\git\libsccc\lib\libsccc-d-2016-inno.a(sys_tick_timer-d-2016-inno.o)
                0x0000cc64                std::_Weak_result_type_impl<std::_Mem_fn<void (libsc::SysTickTimer::*)(libbase::k60::SysTick*)> >::_Weak_result_type_impl()
                0x0000cc64                std::_Weak_result_type_impl<std::_Mem_fn<void (libsc::SysTickTimer::*)(libbase::k60::SysTick*)> >::_Weak_result_type_impl()
 .text._ZNSt17_Weak_result_typeISt7_Mem_fnIMN5libsc12SysTickTimerEFvPN7libbase3k607SysTickEEEEC2Ev
                0x0000cc7c       0x18 C:\Users\user\git\libsccc\lib\libsccc-d-2016-inno.a(sys_tick_timer-d-2016-inno.o)
                0x0000cc7c                std::_Weak_result_type<std::_Mem_fn<void (libsc::SysTickTimer::*)(libbase::k60::SysTick*)> >::_Weak_result_type()
                0x0000cc7c                std::_Weak_result_type<std::_Mem_fn<void (libsc::SysTickTimer::*)(libbase::k60::SysTick*)> >::_Weak_result_type()
 .text._ZNSt11_Tuple_implILj1EISt12_PlaceholderILi1EEEE7_M_tailERS2_
                0x0000cc94       0x18 C:\Users\user\git\libsccc\lib\libsccc-d-2016-inno.a(sys_tick_timer-d-2016-inno.o)
                0x0000cc94                std::_Tuple_impl<1u, std::_Placeholder<1> >::_M_tail(std::_Tuple_impl<1u, std::_Placeholder<1> >&)
                0x0000cc94                std::_Tuple_impl<1u, std::_Placeholder<1> >::_M_tail(std::_Tuple_impl<1u, std::_Placeholder<1> >&)
 .text._ZSt4moveIRSt11_Tuple_implILj2EIEEEONSt16remove_referenceIT_E4typeEOS4_
                0x0000ccac       0x18 C:\Users\user\git\libsccc\lib\libsccc-d-2016-inno.a(sys_tick_timer-d-2016-inno.o)
                0x0000ccac                std::remove_reference<std::_Tuple_impl<2u>&>::type&& std::move<std::_Tuple_impl<2u>&>(std::_Tuple_impl<2u>&)
                0x0000ccac                std::remove_reference<std::_Tuple_impl<2u>&>::type&& std::move<std::_Tuple_impl<2u>&>(std::_Tuple_impl<2u>&)
 .text._ZNSt10_Head_baseILj1ESt12_PlaceholderILi1EELb1EE7_M_headERS2_
                0x0000ccc4       0x18 C:\Users\user\git\libsccc\lib\libsccc-d-2016-inno.a(sys_tick_timer-d-2016-inno.o)
                0x0000ccc4                std::_Head_base<1u, std::_Placeholder<1>, true>::_M_head(std::_Head_base<1u, std::_Placeholder<1>, true>&)
 .text._ZNSt11_Tuple_implILj1EISt12_PlaceholderILi1EEEE7_M_headERS2_
                0x0000ccdc       0x18 C:\Users\user\git\libsccc\lib\libsccc-d-2016-inno.a(sys_tick_timer-d-2016-inno.o)
                0x0000ccdc                std::_Tuple_impl<1u, std::_Placeholder<1> >::_M_head(std::_Tuple_impl<1u, std::_Placeholder<1> >&)
                0x0000ccdc                std::_Tuple_impl<1u, std::_Placeholder<1> >::_M_head(std::_Tuple_impl<1u, std::_Placeholder<1> >&)
 .text._ZSt7forwardISt12_PlaceholderILi1EEEOT_RNSt16remove_referenceIS2_E4typeE
                0x0000ccf4       0x18 C:\Users\user\git\libsccc\lib\libsccc-d-2016-inno.a(sys_tick_timer-d-2016-inno.o)
                0x0000ccf4                std::_Placeholder<1>&& std::forward<std::_Placeholder<1> >(std::remove_reference<std::_Placeholder<1> >::type&)
 .text._ZNSt10_Head_baseILj1ESt12_PlaceholderILi1EELb1EEC2IS1_vEEOT_
                0x0000cd0c       0x1c C:\Users\user\git\libsccc\lib\libsccc-d-2016-inno.a(sys_tick_timer-d-2016-inno.o)
                0x0000cd0c                std::_Head_base<1u, std::_Placeholder<1>, true>::_Head_base<std::_Placeholder<1>, void>(std::_Placeholder<1>&&)
                0x0000cd0c                std::_Head_base<1u, std::_Placeholder<1>, true>::_Head_base<std::_Placeholder<1>, void>(std::_Placeholder<1>&&)
 .text._ZNSt11_Tuple_implILj1EISt12_PlaceholderILi1EEEEC2EOS2_
                0x0000cd28       0x3c C:\Users\user\git\libsccc\lib\libsccc-d-2016-inno.a(sys_tick_timer-d-2016-inno.o)
                0x0000cd28                std::_Tuple_impl<1u, std::_Placeholder<1> >::_Tuple_impl(std::_Tuple_impl<1u, std::_Placeholder<1> >&&)
                0x0000cd28                std::_Tuple_impl<1u, std::_Placeholder<1> >::_Tuple_impl(std::_Tuple_impl<1u, std::_Placeholder<1> >&&)
                0x0000cd28                std::_Tuple_impl<1u, std::_Placeholder<1> >::_Tuple_impl(std::_Tuple_impl<1u, std::_Placeholder<1> >&&)
                0x0000cd28                std::_Tuple_impl<1u, std::_Placeholder<1> >::_Tuple_impl(std::_Tuple_impl<1u, std::_Placeholder<1> >&&)
 .text._ZNSt11_Tuple_implILj0EIPN5libsc12SysTickTimerESt12_PlaceholderILi1EEEE7_M_tailERS5_
                0x0000cd64       0x18 C:\Users\user\git\libsccc\lib\libsccc-d-2016-inno.a(sys_tick_timer-d-2016-inno.o)
                0x0000cd64                std::_Tuple_impl<0u, libsc::SysTickTimer*, std::_Placeholder<1> >::_M_tail(std::_Tuple_impl<0u, libsc::SysTickTimer*, std::_Placeholder<1> >&)
                0x0000cd64                std::_Tuple_impl<0u, libsc::SysTickTimer*, std::_Placeholder<1> >::_M_tail(std::_Tuple_impl<0u, libsc::SysTickTimer*, std::_Placeholder<1> >&)
 .text._ZSt4moveIRSt11_Tuple_implILj1EISt12_PlaceholderILi1EEEEEONSt16remove_referenceIT_E4typeEOS6_
                0x0000cd7c       0x18 C:\Users\user\git\libsccc\lib\libsccc-d-2016-inno.a(sys_tick_timer-d-2016-inno.o)
                0x0000cd7c                std::remove_reference<std::_Tuple_impl<1u, std::_Placeholder<1> >&>::type&& std::move<std::_Tuple_impl<1u, std::_Placeholder<1> >&>(std::_Tuple_impl<1u, std::_Placeholder<1> >&)
                0x0000cd7c                std::remove_reference<std::_Tuple_impl<1u, std::_Placeholder<1> >&>::type&& std::move<std::_Tuple_impl<1u, std::_Placeholder<1> >&>(std::_Tuple_impl<1u, std::_Placeholder<1> >&)
 .text._ZNSt10_Head_baseILj0EPN5libsc12SysTickTimerELb0EE7_M_headERS3_
                0x0000cd94       0x18 C:\Users\user\git\libsccc\lib\libsccc-d-2016-inno.a(sys_tick_timer-d-2016-inno.o)
                0x0000cd94                std::_Head_base<0u, libsc::SysTickTimer*, false>::_M_head(std::_Head_base<0u, libsc::SysTickTimer*, false>&)
 .text._ZNSt11_Tuple_implILj0EIPN5libsc12SysTickTimerESt12_PlaceholderILi1EEEE7_M_headERS5_
                0x0000cdac       0x1c C:\Users\user\git\libsccc\lib\libsccc-d-2016-inno.a(sys_tick_timer-d-2016-inno.o)
                0x0000cdac                std::_Tuple_impl<0u, libsc::SysTickTimer*, std::_Placeholder<1> >::_M_head(std::_Tuple_impl<0u, libsc::SysTickTimer*, std::_Placeholder<1> >&)